Archive member included to satisfy reference by file (symbol)

/Applications/MCUXpressoIDE_11.8.0_1165/ide/plugins/com.nxp.mcuxpresso.tools.macosx_11.8.0.202306131047/tools/bin/../lib/gcc/arm-none-eabi/12.2.1/../../../../arm-none-eabi/lib/thumb/v8-m.main+fp/hard/libcr_nohost_nf.a(_cr__main.o)
                              ./startup/startup_lpc55s69_cm33_core0.o (__main)
/Applications/MCUXpressoIDE_11.8.0_1165/ide/plugins/com.nxp.mcuxpresso.tools.macosx_11.8.0.202306131047/tools/bin/../lib/gcc/arm-none-eabi/12.2.1/../../../../arm-none-eabi/lib/thumb/v8-m.main+fp/hard/libcr_c.a(cosf.o)
                              ./source/LPC55S69_Project_LAb4_MO.o (cosf)
/Applications/MCUXpressoIDE_11.8.0_1165/ide/plugins/com.nxp.mcuxpresso.tools.macosx_11.8.0.202306131047/tools/bin/../lib/gcc/arm-none-eabi/12.2.1/../../../../arm-none-eabi/lib/thumb/v8-m.main+fp/hard/libcr_c.a(sinf.o)
                              ./source/LPC55S69_Project_LAb4_MO.o (sinf)
/Applications/MCUXpressoIDE_11.8.0_1165/ide/plugins/com.nxp.mcuxpresso.tools.macosx_11.8.0.202306131047/tools/bin/../lib/gcc/arm-none-eabi/12.2.1/../../../../arm-none-eabi/lib/thumb/v8-m.main+fp/hard/libcr_c.a(memcpy.o)
                              ./utilities/fsl_str.o (memcpy)
/Applications/MCUXpressoIDE_11.8.0_1165/ide/plugins/com.nxp.mcuxpresso.tools.macosx_11.8.0.202306131047/tools/bin/../lib/gcc/arm-none-eabi/12.2.1/../../../../arm-none-eabi/lib/thumb/v8-m.main+fp/hard/libcr_c.a(memset.o)
                              ./utilities/fsl_debug_console.o (memset)
/Applications/MCUXpressoIDE_11.8.0_1165/ide/plugins/com.nxp.mcuxpresso.tools.macosx_11.8.0.202306131047/tools/bin/../lib/gcc/arm-none-eabi/12.2.1/../../../../arm-none-eabi/lib/thumb/v8-m.main+fp/hard/libcr_c.a(alloc.o)
                              ./drivers/fsl_common.o (malloc)
/Applications/MCUXpressoIDE_11.8.0_1165/ide/plugins/com.nxp.mcuxpresso.tools.macosx_11.8.0.202306131047/tools/bin/../lib/gcc/arm-none-eabi/12.2.1/../../../../arm-none-eabi/lib/thumb/v8-m.main+fp/hard/libcr_c.a(errno.o)
                              ./utilities/fsl_str.o (errno)
/Applications/MCUXpressoIDE_11.8.0_1165/ide/plugins/com.nxp.mcuxpresso.tools.macosx_11.8.0.202306131047/tools/bin/../lib/gcc/arm-none-eabi/12.2.1/../../../../arm-none-eabi/lib/thumb/v8-m.main+fp/hard/libcr_c.a(initio.o)
                              /Applications/MCUXpressoIDE_11.8.0_1165/ide/plugins/com.nxp.mcuxpresso.tools.macosx_11.8.0.202306131047/tools/bin/../lib/gcc/arm-none-eabi/12.2.1/../../../../arm-none-eabi/lib/thumb/v8-m.main+fp/hard/libcr_nohost_nf.a(_cr__main.o) (_initio)
/Applications/MCUXpressoIDE_11.8.0_1165/ide/plugins/com.nxp.mcuxpresso.tools.macosx_11.8.0.202306131047/tools/bin/../lib/gcc/arm-none-eabi/12.2.1/../../../../arm-none-eabi/lib/thumb/v8-m.main+fp/hard/libcr_c.a(pow.o)
                              ./source/oled.o (pow)
/Applications/MCUXpressoIDE_11.8.0_1165/ide/plugins/com.nxp.mcuxpresso.tools.macosx_11.8.0.202306131047/tools/bin/../lib/gcc/arm-none-eabi/12.2.1/../../../../arm-none-eabi/lib/thumb/v8-m.main+fp/hard/libcr_c.a(printf.o)
                              ./source/LPC55S69_Project_LAb4_MO.o (_sprintf)
/Applications/MCUXpressoIDE_11.8.0_1165/ide/plugins/com.nxp.mcuxpresso.tools.macosx_11.8.0.202306131047/tools/bin/../lib/gcc/arm-none-eabi/12.2.1/../../../../arm-none-eabi/lib/thumb/v8-m.main+fp/hard/libcr_c.a(scanf.o)
                              ./utilities/fsl_str.o (strtoul)
/Applications/MCUXpressoIDE_11.8.0_1165/ide/plugins/com.nxp.mcuxpresso.tools.macosx_11.8.0.202306131047/tools/bin/../lib/gcc/arm-none-eabi/12.2.1/../../../../arm-none-eabi/lib/thumb/v8-m.main+fp/hard/libcr_c.a(setvbuf.o)
                              /Applications/MCUXpressoIDE_11.8.0_1165/ide/plugins/com.nxp.mcuxpresso.tools.macosx_11.8.0.202306131047/tools/bin/../lib/gcc/arm-none-eabi/12.2.1/../../../../arm-none-eabi/lib/thumb/v8-m.main+fp/hard/libcr_c.a(initio.o) (setvbuf)
/Applications/MCUXpressoIDE_11.8.0_1165/ide/plugins/com.nxp.mcuxpresso.tools.macosx_11.8.0.202306131047/tools/bin/../lib/gcc/arm-none-eabi/12.2.1/../../../../arm-none-eabi/lib/thumb/v8-m.main+fp/hard/libcr_c.a(stdlib.o)
                              ./source/oled.o (abs)
/Applications/MCUXpressoIDE_11.8.0_1165/ide/plugins/com.nxp.mcuxpresso.tools.macosx_11.8.0.202306131047/tools/bin/../lib/gcc/arm-none-eabi/12.2.1/../../../../arm-none-eabi/lib/thumb/v8-m.main+fp/hard/libcr_c.a(strlen.o)
                              ./utilities/fsl_str.o (strlen)
/Applications/MCUXpressoIDE_11.8.0_1165/ide/plugins/com.nxp.mcuxpresso.tools.macosx_11.8.0.202306131047/tools/bin/../lib/gcc/arm-none-eabi/12.2.1/../../../../arm-none-eabi/lib/thumb/v8-m.main+fp/hard/libcr_c.a(ungetc.o)
                              /Applications/MCUXpressoIDE_11.8.0_1165/ide/plugins/com.nxp.mcuxpresso.tools.macosx_11.8.0.202306131047/tools/bin/../lib/gcc/arm-none-eabi/12.2.1/../../../../arm-none-eabi/lib/thumb/v8-m.main+fp/hard/libcr_c.a(scanf.o) (ungetc)
[...]
Memory Configuration

Name             Origin             Length             Attributes
PROGRAM_FLASH    0x0000000000000000 0x000000000009d800 xr
SRAM             0x0000000020000000 0x0000000000040000 xrw
SRAMX            0x0000000004000000 0x0000000000008000 xrw
USB_RAM          0x0000000040100000 0x0000000000004000 xrw
SRAM4            0x0000000020040000 0x0000000000004000 xrw
*default*        0x0000000000000000 0xffffffffffffffff

Linker script and memory map

LOAD ./utilities/fsl_assert.o
LOAD ./utilities/fsl_debug_console.o
LOAD ./utilities/fsl_str.o
LOAD ./startup/boot_multicore_slave.o
LOAD ./startup/startup_lpc55s69_cm33_core0.o
LOAD ./source/LPC55S69_Project_LAb4_MO.o
LOAD ./source/oled.o
LOAD ./source/semihost_hardfault.o
LOAD ./drivers/fsl_clock.o
LOAD ./drivers/fsl_common.o
LOAD ./drivers/fsl_common_arm.o
LOAD ./drivers/fsl_flexcomm.o
LOAD ./drivers/fsl_gpio.o
LOAD ./drivers/fsl_i2c.o
LOAD ./drivers/fsl_inputmux.o
LOAD ./drivers/fsl_pint.o
LOAD ./drivers/fsl_power.o
LOAD ./drivers/fsl_reset.o
LOAD ./drivers/fsl_rtc.o
LOAD ./drivers/fsl_usart.o
LOAD ./device/system_LPC55S69_cm33_core0.o
LOAD ./component/uart/fsl_adapter_usart.o
LOAD ./component/serial_manager/fsl_component_serial_manager.o
LOAD ./component/serial_manager/fsl_component_serial_port_uart.o
LOAD ./component/lists/fsl_component_generic_list.o
LOAD ./board/board.o
LOAD ./board/clock_config.o
LOAD ./board/peripherals.o
LOAD ./board/pin_mux.o
START GROUP
LOAD /Applications/MCUXpressoIDE_11.8.0_1165/ide/plugins/com.nxp.mcuxpresso.tools.macosx_11.8.0.202306131047/tools/bin/../lib/gcc/arm-none-eabi/12.2.1/../../../../arm-none-eabi/lib/thumb/v8-m.main+fp/hard/libcr_nohost_nf.a
LOAD /Applications/MCUXpressoIDE_11.8.0_1165/ide/plugins/com.nxp.mcuxpresso.tools.macosx_11.8.0.202306131047/tools/bin/../lib/gcc/arm-none-eabi/12.2.1/../../../../arm-none-eabi/lib/thumb/v8-m.main+fp/hard/libcr_c.a
LOAD /Applications/MCUXpressoIDE_11.8.0_1165/ide/plugins/com.nxp.mcuxpresso.tools.macosx_11.8.0.202306131047/tools/bin/../lib/gcc/arm-none-eabi/12.2.1/thumb/v8-m.main+fp/hard/libcr_eabihelpers.a
LOAD /Applications/MCUXpressoIDE_11.8.0_1165/ide/plugins/com.nxp.mcuxpresso.tools.macosx_11.8.0.202306131047/tools/bin/../lib/gcc/arm-none-eabi/12.2.1/thumb/v8-m.main+fp/hard/libgcc.a
END GROUP
                0x0000000000000000                __base_PROGRAM_FLASH = 0x0
                0x0000000000000000                __base_Flash = 0x0
                0x000000000009d800                __top_PROGRAM_FLASH = 0x9d800
                0x000000000009d800                __top_Flash = 0x9d800
                0x0000000020000000                __base_SRAM = 0x20000000
                0x0000000020000000                __base_RAM = 0x20000000
                0x0000000020040000                __top_SRAM = 0x20040000
                0x0000000020040000                __top_RAM = 0x20040000
                0x0000000004000000                __base_SRAMX = 0x4000000
                0x0000000004000000                __base_RAM2 = 0x4000000
                0x0000000004008000                __top_SRAMX = 0x4008000
                0x0000000004008000                __top_RAM2 = 0x4008000
                0x0000000040100000                __base_USB_RAM = 0x40100000
                0x0000000040100000                __base_RAM3 = 0x40100000
                0x0000000040104000                __top_USB_RAM = 0x40104000
                0x0000000040104000                __top_RAM3 = 0x40104000
                0x0000000020040000                __base_SRAM4 = 0x20040000
                0x0000000020040000                __base_RAM4 = 0x20040000
                0x0000000020044000                __top_SRAM4 = 0x20044000
                0x0000000020044000                __top_RAM4 = 0x20044000

.text           0x0000000000000000     0x71d4
 FILL mask 0xff
                0x0000000000000000                __vectors_start__ = ABSOLUTE (.)
 *(SORT_BY_ALIGNMENT(.isr_vector))
 .isr_vector    0x0000000000000000      0x130 ./startup/startup_lpc55s69_cm33_core0.o
                0x0000000000000000                __Vectors
                0x0000000000000000                g_pfnVectors
                0x0000000000000130                . = ALIGN (0x4)
                0x0000000000000130                __section_table_start = .
                0x0000000000000130                __data_section_table = .
                0x0000000000000130        0x4 LONG 0x71d4 LOADADDR (.data)
                0x0000000000000134        0x4 LONG 0x20000000 ADDR (.data)
                0x0000000000000138        0x4 LONG 0x1c SIZEOF (.data)
                0x000000000000013c        0x4 LONG 0x71d4 LOADADDR (.data_RAM2)
                0x0000000000000140        0x4 LONG 0x4000000 ADDR (.data_RAM2)
                0x0000000000000144        0x4 LONG 0x0 SIZEOF (.data_RAM2)
                0x0000000000000148        0x4 LONG 0x71d4 LOADADDR (.data_RAM3)
                0x000000000000014c        0x4 LONG 0x40100000 ADDR (.data_RAM3)
                0x0000000000000150        0x4 LONG 0x0 SIZEOF (.data_RAM3)
                0x0000000000000154        0x4 LONG 0x71d4 LOADADDR (.data_RAM4)
                0x0000000000000158        0x4 LONG 0x20040000 ADDR (.data_RAM4)
                0x000000000000015c        0x4 LONG 0x0 SIZEOF (.data_RAM4)
                0x0000000000000160                __data_section_table_end = .
                0x0000000000000160                __bss_section_table = .
                0x0000000000000160        0x4 LONG 0x2000001c ADDR (.bss)
                0x0000000000000164        0x4 LONG 0x58c SIZEOF (.bss)
                0x0000000000000168        0x4 LONG 0x4000000 ADDR (.bss_RAM2)
                0x000000000000016c        0x4 LONG 0x0 SIZEOF (.bss_RAM2)
                0x0000000000000170        0x4 LONG 0x40100000 ADDR (.bss_RAM3)
                0x0000000000000174        0x4 LONG 0x0 SIZEOF (.bss_RAM3)
                0x0000000000000178        0x4 LONG 0x20040000 ADDR (.bss_RAM4)
                0x000000000000017c        0x4 LONG 0x0 SIZEOF (.bss_RAM4)
                0x0000000000000180                __bss_section_table_end = .
                0x0000000000000180                __section_table_end = .
 *(SORT_BY_ALIGNMENT(.after_vectors*))
 .after_vectors.reset
                0x0000000000000180       0x68 ./startup/startup_lpc55s69_cm33_core0.o
                0x0000000000000180                ResetISR
 .after_vectors.init_data
                0x00000000000001e8       0x1e ./startup/startup_lpc55s69_cm33_core0.o
                0x00000000000001e8                data_init
 .after_vectors.init_bss
                0x0000000000000206       0x12 ./startup/startup_lpc55s69_cm33_core0.o
                0x0000000000000206                bss_init
 .after_vectors
                0x0000000000000218       0x16 ./startup/startup_lpc55s69_cm33_core0.o
                0x0000000000000218                NMI_Handler
                0x000000000000021c                MemManage_Handler
                0x000000000000021e                BusFault_Handler
                0x0000000000000220                UsageFault_Handler
                0x0000000000000222                SecureFault_Handler
                0x0000000000000224                SVC_Handler
                0x0000000000000226                DebugMon_Handler
                0x0000000000000228                PendSV_Handler
                0x000000000000022a                SysTick_Handler
                0x000000000000022c                CASER_DriverIRQHandler
                0x000000000000022c                MRT0_DriverIRQHandler
                0x000000000000022c                UTICK0_DriverIRQHandler
                0x000000000000022c                Reserved41_DriverIRQHandler
                0x000000000000022c                CTIMER4_DriverIRQHandler
                0x000000000000022c                GINT1_DriverIRQHandler
                0x000000000000022c                Reserved55_DriverIRQHandler
                0x000000000000022c                HASHCRYPT_DriverIRQHandler
                0x000000000000022c                USB0_NEEDCLK_DriverIRQHandler
                0x000000000000022c                CTIMER0_DriverIRQHandler
                0x000000000000022c                CTIMER1_DriverIRQHandler
                0x000000000000022c                PQ_DriverIRQHandler
                0x000000000000022c                MAILBOX_DriverIRQHandler
                0x000000000000022c                CTIMER3_DriverIRQHandler
                0x000000000000022c                Reserved61_DriverIRQHandler
                0x000000000000022c                PUF_DriverIRQHandler
                0x000000000000022c                RTC_DriverIRQHandler
                0x000000000000022c                USB1_DriverIRQHandler
                0x000000000000022c                Reserved60_DriverIRQHandler
                0x000000000000022c                DMA1_DriverIRQHandler
                0x000000000000022c                ADC0_DriverIRQHandler
                0x000000000000022c                USB1_NEEDCLK_DriverIRQHandler
                0x000000000000022c                Reserved59_DriverIRQHandler
                0x000000000000022c                SDIO_DriverIRQHandler
                0x000000000000022c                GINT0_DriverIRQHandler
                0x000000000000022c                USB1_PHY_DriverIRQHandler
                0x000000000000022c                ACMP_DriverIRQHandler
                0x000000000000022c                Reserved57_DriverIRQHandler
                0x000000000000022c                Reserved46_DriverIRQHandler
                0x000000000000022c                WDT_BOD_DriverIRQHandler
                0x000000000000022c                SCT0_DriverIRQHandler
                0x000000000000022c                PLU_DriverIRQHandler
                0x000000000000022c                OS_EVENT_DriverIRQHandler
                0x000000000000022c                SEC_HYPERVISOR_CALL_DriverIRQHandler
                0x000000000000022c                Reserved39_DriverIRQHandler
                0x000000000000022c                DMA0_DriverIRQHandler
                0x000000000000022c                Reserved42_DriverIRQHandler
                0x000000000000022c                SEC_VIO_DriverIRQHandler
                0x000000000000022c                Reserved56_DriverIRQHandler
                0x000000000000022c                CTIMER2_DriverIRQHandler
                0x000000000000022c                IntDefaultHandler
                0x000000000000022c                USB0_DriverIRQHandler
 *(SORT_BY_ALIGNMENT(.text*))
 *fill*         0x000000000000022e        0x2 ff
 .text.Analog_Clock
                0x0000000000000230      0x468 ./source/LPC55S69_Project_LAb4_MO.o
                0x0000000000000230                Analog_Clock
 .text._sincosf
                0x0000000000000698      0x138 /Applications/MCUXpressoIDE_11.8.0_1165/ide/plugins/com.nxp.mcuxpresso.tools.macosx_11.8.0.202306131047/tools/bin/../lib/gcc/arm-none-eabi/12.2.1/../../../../arm-none-eabi/lib/thumb/v8-m.main+fp/hard/libcr_c.a(_sincosf.o)
                0x0000000000000698                _sincosf
 .text.__assertion_failed
                0x00000000000007d0       0x18 ./utilities/fsl_assert.o
                0x00000000000007d0                __assertion_failed
 .text.DbgConsole_SendDataReliable
                0x00000000000007e8       0x54 ./utilities/fsl_debug_console.o
                0x00000000000007e8                DbgConsole_SendDataReliable
 .text.DbgConsole_Init
                0x000000000000083c      0x138 ./utilities/fsl_debug_console.o
                0x000000000000083c                DbgConsole_Init
 .text.DbgConsole_Vprintf
                0x0000000000000974       0x6c ./utilities/fsl_debug_console.o
                0x0000000000000974                DbgConsole_Vprintf
 .text.RTC_IRQHandler
                0x00000000000009e0       0x30 ./source/LPC55S69_Project_LAb4_MO.o
                0x00000000000009e0                RTC_IRQHandler
 .text.cbENC_INTA
                0x0000000000000a10      0x18c ./source/LPC55S69_Project_LAb4_MO.o
                0x0000000000000a10                cbENC_INTA
 .text.cbENC_INTS
                0x0000000000000b9c       0x50 ./source/LPC55S69_Project_LAb4_MO.o
                0x0000000000000b9c                cbENC_INTS
 .text.Digital_Clock
                0x0000000000000bec      0x114 ./source/LPC55S69_Project_LAb4_MO.o
                0x0000000000000bec                Digital_Clock
 .text.main     0x0000000000000d00       0xbc ./source/LPC55S69_Project_LAb4_MO.o
                0x0000000000000d00                main
 .text.OLED_Write_Byte
                0x0000000000000dbc       0x64 ./source/oled.o
 .text.OLED_Init
                0x0000000000000e20       0xf8 ./source/oled.o
                0x0000000000000e20                OLED_Init
 .text.OLED_Refresh_Gram
                0x0000000000000f18       0x70 ./source/oled.o
                0x0000000000000f18                OLED_Refresh_Gram
 .text.OLED_Clear_Screen
                0x0000000000000f88       0x6c ./source/oled.o
                0x0000000000000f88                OLED_Clear_Screen
 .text.OLED_Draw_Point
                0x0000000000000ff4       0xa8 ./source/oled.o
                0x0000000000000ff4                OLED_Draw_Point
 .text.OLED_Get_Point
                0x000000000000109c       0x5c ./source/oled.o
                0x000000000000109c                OLED_Get_Point
 .text.OLED_Puts
                0x00000000000010f8       0xb0 ./source/oled.o
                0x00000000000010f8                OLED_Puts
 .text.POWER_EnablePD
                0x00000000000011a8       0x20 ./drivers/fsl_clock.o
 .text.POWER_DisablePD
                0x00000000000011c8       0x20 ./drivers/fsl_clock.o
 .text.CLOCK_AttachClk
                0x00000000000011e8       0xa0 ./drivers/fsl_clock.o
                0x00000000000011e8                CLOCK_AttachClk
 .text.CLOCK_SetClkDiv
                0x0000000000001288       0x80 ./drivers/fsl_clock.o
                0x0000000000001288                CLOCK_SetClkDiv
 .text.CLOCK_SetupFROClocking
                0x0000000000001308       0x80 ./drivers/fsl_clock.o
                0x0000000000001308                CLOCK_SetupFROClocking
 .text.CLOCK_SetFLASHAccessCyclesForFreq
                0x0000000000001388      0x17c ./drivers/fsl_clock.o
                0x0000000000001388                CLOCK_SetFLASHAccessCyclesForFreq
 .text.CLOCK_SetupExtClocking
                0x0000000000001504       0x50 ./drivers/fsl_clock.o
                0x0000000000001504                CLOCK_SetupExtClocking
 .text.CLOCK_GetFro1MFreq
                0x0000000000001554       0x28 ./drivers/fsl_clock.o
                0x0000000000001554                CLOCK_GetFro1MFreq
 .text.CLOCK_GetExtClkFreq
                0x000000000000157c       0x2c ./drivers/fsl_clock.o
                0x000000000000157c                CLOCK_GetExtClkFreq
 .text.CLOCK_GetOsc32KFreq
                0x00000000000015a8       0x58 ./drivers/fsl_clock.o
                0x00000000000015a8                CLOCK_GetOsc32KFreq
 .text.CLOCK_GetPLL0InClockRate
                0x0000000000001600       0x64 ./drivers/fsl_clock.o
                0x0000000000001600                CLOCK_GetPLL0InClockRate
 .text.CLOCK_SetPLL0Freq
                0x0000000000001664      0x14c ./drivers/fsl_clock.o
                0x0000000000001664                CLOCK_SetPLL0Freq
 .text.SDK_DelayAtLeastUs
                0x00000000000017b0       0x8c ./drivers/fsl_common_arm.o
                0x00000000000017b0                SDK_DelayAtLeastUs
 .text.FLEXCOMM_GetInstance
                0x000000000000183c       0x50 ./drivers/fsl_flexcomm.o
                0x000000000000183c                FLEXCOMM_GetInstance
 .text.FLEXCOMM_Init
                0x000000000000188c       0x50 ./drivers/fsl_flexcomm.o
                0x000000000000188c                FLEXCOMM_Init
 .text.FLEXCOMM0_DriverIRQHandler
                0x00000000000018dc       0x5c ./drivers/fsl_flexcomm.o
                0x00000000000018dc                FLEXCOMM0_DriverIRQHandler
 .text.FLEXCOMM1_DriverIRQHandler
                0x0000000000001938       0x5c ./drivers/fsl_flexcomm.o
                0x0000000000001938                FLEXCOMM1_DriverIRQHandler
 .text.FLEXCOMM2_DriverIRQHandler
                0x0000000000001994       0x5c ./drivers/fsl_flexcomm.o
                0x0000000000001994                FLEXCOMM2_DriverIRQHandler
 .text.FLEXCOMM3_DriverIRQHandler
                0x00000000000019f0       0x5c ./drivers/fsl_flexcomm.o
                0x00000000000019f0                FLEXCOMM3_DriverIRQHandler
 .text.FLEXCOMM4_DriverIRQHandler
                0x0000000000001a4c       0x5c ./drivers/fsl_flexcomm.o
                0x0000000000001a4c                FLEXCOMM4_DriverIRQHandler
 .text.FLEXCOMM5_DriverIRQHandler
                0x0000000000001aa8       0x5c ./drivers/fsl_flexcomm.o
                0x0000000000001aa8                FLEXCOMM5_DriverIRQHandler
 .text.FLEXCOMM6_DriverIRQHandler
                0x0000000000001b04       0x5c ./drivers/fsl_flexcomm.o
                0x0000000000001b04                FLEXCOMM6_DriverIRQHandler
 .text.FLEXCOMM7_DriverIRQHandler
                0x0000000000001b60       0x5c ./drivers/fsl_flexcomm.o
                0x0000000000001b60                FLEXCOMM7_DriverIRQHandler
 .text.FLEXCOMM8_DriverIRQHandler
                0x0000000000001bbc       0x5c ./drivers/fsl_flexcomm.o
                0x0000000000001bbc                FLEXCOMM8_DriverIRQHandler
 .text.I2C_ClearStatusFlags
                0x0000000000001c18       0x2c ./drivers/fsl_i2c.o
 .text.I2C_MasterSetBaudRate
                0x0000000000001c44      0x13c ./drivers/fsl_i2c.o
                0x0000000000001c44                I2C_MasterSetBaudRate
 .text.I2C_MasterSetTimeoutValue
                0x0000000000001d80       0x84 ./drivers/fsl_i2c.o
                0x0000000000001d80                I2C_MasterSetTimeoutValue
 .text.I2C_PendingStatusWait
                0x0000000000001e04       0x74 ./drivers/fsl_i2c.o
 .text.I2C_MasterWriteBlocking
                0x0000000000001e78       0xe4 ./drivers/fsl_i2c.o
                0x0000000000001e78                I2C_MasterWriteBlocking
 .text.__NVIC_EnableIRQ
                0x0000000000001f5c       0x3c ./drivers/fsl_pint.o
 .text.__NVIC_ClearPendingIRQ
                0x0000000000001f98       0x3c ./drivers/fsl_pint.o
 .text.PINT_Init
                0x0000000000001fd4       0xd4 ./drivers/fsl_pint.o
                0x0000000000001fd4                PINT_Init
 .text.PINT_PinInterruptConfig
                0x00000000000020a8       0xd0 ./drivers/fsl_pint.o
                0x00000000000020a8                PINT_PinInterruptConfig
 .text.PINT_EnableCallbackByIndex
                0x0000000000002178       0x5c ./drivers/fsl_pint.o
                0x0000000000002178                PINT_EnableCallbackByIndex
 .text.SEC_GPIO_INT0_IRQ0_DriverIRQHandler
                0x00000000000021d4       0x48 ./drivers/fsl_pint.o
                0x00000000000021d4                SEC_GPIO_INT0_IRQ0_DriverIRQHandler
 .text.SEC_GPIO_INT0_IRQ1_DriverIRQHandler
                0x000000000000221c       0x44 ./drivers/fsl_pint.o
                0x000000000000221c                SEC_GPIO_INT0_IRQ1_DriverIRQHandler
 .text.PIN_INT0_DriverIRQHandler
                0x0000000000002260       0x48 ./drivers/fsl_pint.o
                0x0000000000002260                PIN_INT0_DriverIRQHandler
 .text.PIN_INT1_DriverIRQHandler
                0x00000000000022a8       0x48 ./drivers/fsl_pint.o
                0x00000000000022a8                PIN_INT1_DriverIRQHandler
 .text.PIN_INT2_DriverIRQHandler
                0x00000000000022f0       0x48 ./drivers/fsl_pint.o
                0x00000000000022f0                PIN_INT2_DriverIRQHandler
 .text.PIN_INT3_DriverIRQHandler
                0x0000000000002338       0x48 ./drivers/fsl_pint.o
                0x0000000000002338                PIN_INT3_DriverIRQHandler
 .text.PIN_INT4_DriverIRQHandler
                0x0000000000002380       0x48 ./drivers/fsl_pint.o
                0x0000000000002380                PIN_INT4_DriverIRQHandler
 .text.PIN_INT5_DriverIRQHandler
                0x00000000000023c8       0x48 ./drivers/fsl_pint.o
                0x00000000000023c8                PIN_INT5_DriverIRQHandler
 .text.PIN_INT6_DriverIRQHandler
                0x0000000000002410       0x48 ./drivers/fsl_pint.o
                0x0000000000002410                PIN_INT6_DriverIRQHandler
 .text.PIN_INT7_DriverIRQHandler
                0x0000000000002458       0x48 ./drivers/fsl_pint.o
                0x0000000000002458                PIN_INT7_DriverIRQHandler
 .text.lowpower_set_system_voltage
                0x00000000000024a0      0x154 ./drivers/fsl_power.o
 .text.lowpower_set_dcdc_power_profile
                0x00000000000025f4       0xec ./drivers/fsl_power.o
 .text.lowpower_get_part_process_corner
                0x00000000000026e0       0x94 ./drivers/fsl_power.o
 .text.POWER_SetVoltageForFreq
                0x0000000000002774       0x50 ./drivers/fsl_power.o
                0x0000000000002774                POWER_SetVoltageForFreq
 .text.RESET_SetPeripheralReset
                0x00000000000027c4       0x5c ./drivers/fsl_reset.o
                0x00000000000027c4                RESET_SetPeripheralReset
 .text.RESET_ClearPeripheralReset
                0x0000000000002820       0x60 ./drivers/fsl_reset.o
                0x0000000000002820                RESET_ClearPeripheralReset
 .text.RTC_CheckDatetimeFormat
                0x0000000000002880       0xe0 ./drivers/fsl_rtc.o
 .text.RTC_ConvertDatetimeToSeconds
                0x0000000000002960       0xd8 ./drivers/fsl_rtc.o
 .text.RTC_ConvertSecondsToDatetime
                0x0000000000002a38      0x164 ./drivers/fsl_rtc.o
 .text.RTC_SetDatetime
                0x0000000000002b9c       0x48 ./drivers/fsl_rtc.o
                0x0000000000002b9c                RTC_SetDatetime
 .text.RTC_GetDatetime
                0x0000000000002be4       0x38 ./drivers/fsl_rtc.o
                0x0000000000002be4                RTC_GetDatetime
 .text.RTC_SetAlarm
                0x0000000000002c1c       0x64 ./drivers/fsl_rtc.o
                0x0000000000002c1c                RTC_SetAlarm
 .text.USART_Init
                0x0000000000002c80      0x1cc ./drivers/fsl_usart.o
                0x0000000000002c80                USART_Init
 .text.USART_GetDefaultConfig
                0x0000000000002e4c       0x80 ./drivers/fsl_usart.o
                0x0000000000002e4c                USART_GetDefaultConfig
 .text.USART_SetBaudRate
                0x0000000000002ecc      0x18c ./drivers/fsl_usart.o
                0x0000000000002ecc                USART_SetBaudRate
 .text.USART_WriteBlocking
                0x0000000000003058       0x8c ./drivers/fsl_usart.o
                0x0000000000003058                USART_WriteBlocking
 .text.SystemInit
                0x00000000000030e4       0x64 ./device/system_LPC55S69_cm33_core0.o
                0x00000000000030e4                SystemInit
 .text.HAL_UartInitCommon
                0x0000000000003148      0x110 ./component/uart/fsl_adapter_usart.o
 .text.HAL_UartSendBlocking
                0x0000000000003258       0x64 ./component/uart/fsl_adapter_usart.o
                0x0000000000003258                HAL_UartSendBlocking
 .text.BOARD_InitDebugConsole
                0x00000000000032bc       0x38 ./board/board.o
                0x00000000000032bc                BOARD_InitDebugConsole
 .text.POWER_DisablePD
                0x00000000000032f4       0x20 ./board/clock_config.o
 .text.BOARD_BootClockPLL150M
                0x0000000000003314       0xf4 ./board/clock_config.o
                0x0000000000003314                BOARD_BootClockPLL150M
 .text.__NVIC_EnableIRQ
                0x0000000000003408       0x3c ./board/peripherals.o
 .text.__NVIC_SetPriority
                0x0000000000003444       0x54 ./board/peripherals.o
 .text.FLEXCOMM1_init
                0x0000000000003498       0x20 ./board/peripherals.o
 .text.PINT_init
                0x00000000000034b8       0x58 ./board/peripherals.o
 .text.RTC_init
                0x0000000000003510       0x3c ./board/peripherals.o
 .text.BOARD_InitDEBUG_UARTPins
                0x000000000000354c       0x3c ./board/pin_mux.o
                0x000000000000354c                BOARD_InitDEBUG_UARTPins
 .text.BOARD_InitPMODPins
                0x0000000000003588       0xa4 ./board/pin_mux.o
                0x0000000000003588                BOARD_InitPMODPins
 .text.cosf     0x000000000000362c       0x30 /Applications/MCUXpressoIDE_11.8.0_1165/ide/plugins/com.nxp.mcuxpresso.tools.macosx_11.8.0.202306131047/tools/bin/../lib/gcc/arm-none-eabi/12.2.1/../../../../arm-none-eabi/lib/thumb/v8-m.main+fp/hard/libcr_c.a(cosf.o)
                0x000000000000362c                cosf
 .text.malloc   0x000000000000365c       0xe8 /Applications/MCUXpressoIDE_11.8.0_1165/ide/plugins/com.nxp.mcuxpresso.tools.macosx_11.8.0.202306131047/tools/bin/../lib/gcc/arm-none-eabi/12.2.1/../../../../arm-none-eabi/lib/thumb/v8-m.main+fp/hard/libcr_c.a(alloc.o)
                0x000000000000365c                malloc
 .text._Csys_alloc
                0x0000000000003744       0x20 /Applications/MCUXpressoIDE_11.8.0_1165/ide/plugins/com.nxp.mcuxpresso.tools.macosx_11.8.0.202306131047/tools/bin/../lib/gcc/arm-none-eabi/12.2.1/../../../../arm-none-eabi/lib/thumb/v8-m.main+fp/hard/libcr_c.a(alloc.o)
                0x0000000000003744                _Csys_alloc
 .text._initio  0x0000000000003764       0x78 /Applications/MCUXpressoIDE_11.8.0_1165/ide/plugins/com.nxp.mcuxpresso.tools.macosx_11.8.0.202306131047/tools/bin/../lib/gcc/arm-none-eabi/12.2.1/../../../../arm-none-eabi/lib/thumb/v8-m.main+fp/hard/libcr_c.a(initio.o)
                0x0000000000003764                _initio
 .text.__vfprintf
                0x00000000000037dc      0xb78 /Applications/MCUXpressoIDE_11.8.0_1165/ide/plugins/com.nxp.mcuxpresso.tools.macosx_11.8.0.202306131047/tools/bin/../lib/gcc/arm-none-eabi/12.2.1/../../../../arm-none-eabi/lib/thumb/v8-m.main+fp/hard/libcr_c.a(printf.o)
                0x00000000000037dc                __vfprintf
 .text._sprintf
                0x0000000000004354       0x6c /Applications/MCUXpressoIDE_11.8.0_1165/ide/plugins/com.nxp.mcuxpresso.tools.macosx_11.8.0.202306131047/tools/bin/../lib/gcc/arm-none-eabi/12.2.1/../../../../arm-none-eabi/lib/thumb/v8-m.main+fp/hard/libcr_c.a(printf.o)
                0x0000000000004354                _sprintf
 .text._sbrk    0x00000000000043c0       0x3c /Applications/MCUXpressoIDE_11.8.0_1165/ide/plugins/com.nxp.mcuxpresso.tools.macosx_11.8.0.202306131047/tools/bin/../lib/gcc/arm-none-eabi/12.2.1/../../../../arm-none-eabi/lib/thumb/v8-m.main+fp/hard/libcr_c.a(_cr_sbrk.o)
                0x00000000000043c0                _sbrk
 .text._Cwritebuf
                0x00000000000043fc       0x6c /Applications/MCUXpressoIDE_11.8.0_1165/ide/plugins/com.nxp.mcuxpresso.tools.macosx_11.8.0.202306131047/tools/bin/../lib/gcc/arm-none-eabi/12.2.1/../../../../arm-none-eabi/lib/thumb/v8-m.main+fp/hard/libcr_c.a(_writebuf.o)
                0x00000000000043fc                _Cwritebuf
 .text.fflush   0x0000000000004468       0x3c /Applications/MCUXpressoIDE_11.8.0_1165/ide/plugins/com.nxp.mcuxpresso.tools.macosx_11.8.0.202306131047/tools/bin/../lib/gcc/arm-none-eabi/12.2.1/../../../../arm-none-eabi/lib/thumb/v8-m.main+fp/hard/libcr_c.a(fflush.o)
                0x0000000000004468                fflush
 .text.fseek    0x00000000000044a4       0xf8 /Applications/MCUXpressoIDE_11.8.0_1165/ide/plugins/com.nxp.mcuxpresso.tools.macosx_11.8.0.202306131047/tools/bin/../lib/gcc/arm-none-eabi/12.2.1/../../../../arm-none-eabi/lib/thumb/v8-m.main+fp/hard/libcr_c.a(fseek.o)
                0x00000000000044a4                fseek
 .text.ftell    0x000000000000459c       0x44 /Applications/MCUXpressoIDE_11.8.0_1165/ide/plugins/com.nxp.mcuxpresso.tools.macosx_11.8.0.202306131047/tools/bin/../lib/gcc/arm-none-eabi/12.2.1/../../../../arm-none-eabi/lib/thumb/v8-m.main+fp/hard/libcr_c.a(ftell.o)
                0x000000000000459c                ftell
 .text.__check_heap_overflow
                0x00000000000045e0       0x18 /Applications/MCUXpressoIDE_11.8.0_1165/ide/plugins/com.nxp.mcuxpresso.tools.macosx_11.8.0.202306131047/tools/bin/../lib/gcc/arm-none-eabi/12.2.1/../../../../arm-none-eabi/lib/thumb/v8-m.main+fp/hard/libcr_c.a(_cr_check_heap.o)
                0x00000000000045e0                __check_heap_overflow
 .text.__aeabi_dmul
                0x00000000000045f8       0xfc /Applications/MCUXpressoIDE_11.8.0_1165/ide/plugins/com.nxp.mcuxpresso.tools.macosx_11.8.0.202306131047/tools/bin/../lib/gcc/arm-none-eabi/12.2.1/thumb/v8-m.main+fp/hard/libcr_eabihelpers.a(double.o)
                0x00000000000045f8                __aeabi_dmul
 .text.__aeabi_ddiv
                0x00000000000046f4      0x130 /Applications/MCUXpressoIDE_11.8.0_1165/ide/plugins/com.nxp.mcuxpresso.tools.macosx_11.8.0.202306131047/tools/bin/../lib/gcc/arm-none-eabi/12.2.1/thumb/v8-m.main+fp/hard/libcr_eabihelpers.a(double.o)
                0x00000000000046f4                __aeabi_ddiv
 .text.__aeabi_dsub
                0x0000000000004824      0x1b4 /Applications/MCUXpressoIDE_11.8.0_1165/ide/plugins/com.nxp.mcuxpresso.tools.macosx_11.8.0.202306131047/tools/bin/../lib/gcc/arm-none-eabi/12.2.1/thumb/v8-m.main+fp/hard/libcr_eabihelpers.a(double.o)
                0x0000000000004824                __aeabi_dsub
 .text.__aeabi_dadd
                0x00000000000049d8      0x13c /Applications/MCUXpressoIDE_11.8.0_1165/ide/plugins/com.nxp.mcuxpresso.tools.macosx_11.8.0.202306131047/tools/bin/../lib/gcc/arm-none-eabi/12.2.1/thumb/v8-m.main+fp/hard/libcr_eabihelpers.a(double.o)
                0x00000000000049d8                __aeabi_dadd
 .text.__aeabi_d2f
                0x0000000000004b14       0x58 /Applications/MCUXpressoIDE_11.8.0_1165/ide/plugins/com.nxp.mcuxpresso.tools.macosx_11.8.0.202306131047/tools/bin/../lib/gcc/arm-none-eabi/12.2.1/thumb/v8-m.main+fp/hard/libcr_eabihelpers.a(double.o)
                0x0000000000004b14                __aeabi_d2f
 .text.__aeabi_f2d
                0x0000000000004b6c       0x38 /Applications/MCUXpressoIDE_11.8.0_1165/ide/plugins/com.nxp.mcuxpresso.tools.macosx_11.8.0.202306131047/tools/bin/../lib/gcc/arm-none-eabi/12.2.1/thumb/v8-m.main+fp/hard/libcr_eabihelpers.a(float.o)
                0x0000000000004b6c                __aeabi_f2d
 .text.DbgConsole_PrintCallback
                0x0000000000004ba4       0x66 ./utilities/fsl_debug_console.o
 .text.DbgConsole_Printf
                0x0000000000004c0a       0x2c ./utilities/fsl_debug_console.o
                0x0000000000004c0a                DbgConsole_Printf
 .text.PrintGetWidth
                0x0000000000004c36       0x6a ./utilities/fsl_str.o
 .text.PrintGetPrecision
                0x0000000000004ca0       0x8c ./utilities/fsl_str.o
 .text.PrintIsobpu
                0x0000000000004d2c       0x38 ./utilities/fsl_str.o
 .text.PrintIsdi
                0x0000000000004d64       0x2c ./utilities/fsl_str.o
 .text.PrintOutputdifFobpu
                0x0000000000004d90       0x44 ./utilities/fsl_str.o
 .text.PrintOutputxX
                0x0000000000004dd4       0x44 ./utilities/fsl_str.o
 .text.PrintIsfF
                0x0000000000004e18       0x2c ./utilities/fsl_str.o
 .text.PrintIsxX
                0x0000000000004e44       0x2c ./utilities/fsl_str.o
 .text.PrintFilterLengthFlag
                0x0000000000004e70       0x3e ./utilities/fsl_str.o
 .text.PrintGetRadixFromobpu
                0x0000000000004eae       0x40 ./utilities/fsl_str.o
 .text.ConvertRadixNumToString
                0x0000000000004eee       0xc2 ./utilities/fsl_str.o
 .text.StrFormatPrintf
                0x0000000000004fb0      0x2ac ./utilities/fsl_str.o
                0x0000000000004fb0                StrFormatPrintf
 .text.WDT_BOD_IRQHandler
                0x000000000000525c        0x8 ./startup/startup_lpc55s69_cm33_core0.o
                0x000000000000525c                WDT_BOD_IRQHandler
 .text.DMA0_IRQHandler
                0x0000000000005264        0x8 ./startup/startup_lpc55s69_cm33_core0.o
                0x0000000000005264                DMA0_IRQHandler
 .text.GINT0_IRQHandler
                0x000000000000526c        0x8 ./startup/startup_lpc55s69_cm33_core0.o
                0x000000000000526c                GINT0_IRQHandler
 .text.GINT1_IRQHandler
                0x0000000000005274        0x8 ./startup/startup_lpc55s69_cm33_core0.o
                0x0000000000005274                GINT1_IRQHandler
 .text.PIN_INT0_IRQHandler
                0x000000000000527c        0x8 ./startup/startup_lpc55s69_cm33_core0.o
                0x000000000000527c                PIN_INT0_IRQHandler
 .text.PIN_INT1_IRQHandler
                0x0000000000005284        0x8 ./startup/startup_lpc55s69_cm33_core0.o
                0x0000000000005284                PIN_INT1_IRQHandler
 .text.PIN_INT2_IRQHandler
                0x000000000000528c        0x8 ./startup/startup_lpc55s69_cm33_core0.o
                0x000000000000528c                PIN_INT2_IRQHandler
 .text.PIN_INT3_IRQHandler
                0x0000000000005294        0x8 ./startup/startup_lpc55s69_cm33_core0.o
                0x0000000000005294                PIN_INT3_IRQHandler
 .text.UTICK0_IRQHandler
                0x000000000000529c        0x8 ./startup/startup_lpc55s69_cm33_core0.o
                0x000000000000529c                UTICK0_IRQHandler
 .text.MRT0_IRQHandler
                0x00000000000052a4        0x8 ./startup/startup_lpc55s69_cm33_core0.o
                0x00000000000052a4                MRT0_IRQHandler
 .text.CTIMER0_IRQHandler
                0x00000000000052ac        0x8 ./startup/startup_lpc55s69_cm33_core0.o
                0x00000000000052ac                CTIMER0_IRQHandler
 .text.CTIMER1_IRQHandler
                0x00000000000052b4        0x8 ./startup/startup_lpc55s69_cm33_core0.o
                0x00000000000052b4                CTIMER1_IRQHandler
 .text.SCT0_IRQHandler
                0x00000000000052bc        0x8 ./startup/startup_lpc55s69_cm33_core0.o
                0x00000000000052bc                SCT0_IRQHandler
 .text.CTIMER3_IRQHandler
                0x00000000000052c4        0x8 ./startup/startup_lpc55s69_cm33_core0.o
                0x00000000000052c4                CTIMER3_IRQHandler
 .text.FLEXCOMM0_IRQHandler
                0x00000000000052cc        0x8 ./startup/startup_lpc55s69_cm33_core0.o
                0x00000000000052cc                FLEXCOMM0_IRQHandler
 .text.FLEXCOMM1_IRQHandler
                0x00000000000052d4        0x8 ./startup/startup_lpc55s69_cm33_core0.o
                0x00000000000052d4                FLEXCOMM1_IRQHandler
 .text.FLEXCOMM2_IRQHandler
                0x00000000000052dc        0x8 ./startup/startup_lpc55s69_cm33_core0.o
                0x00000000000052dc                FLEXCOMM2_IRQHandler
 .text.FLEXCOMM3_IRQHandler
                0x00000000000052e4        0x8 ./startup/startup_lpc55s69_cm33_core0.o
                0x00000000000052e4                FLEXCOMM3_IRQHandler
 .text.FLEXCOMM4_IRQHandler
                0x00000000000052ec        0x8 ./startup/startup_lpc55s69_cm33_core0.o
                0x00000000000052ec                FLEXCOMM4_IRQHandler
 .text.FLEXCOMM5_IRQHandler
                0x00000000000052f4        0x8 ./startup/startup_lpc55s69_cm33_core0.o
                0x00000000000052f4                FLEXCOMM5_IRQHandler
 .text.FLEXCOMM6_IRQHandler
                0x00000000000052fc        0x8 ./startup/startup_lpc55s69_cm33_core0.o
                0x00000000000052fc                FLEXCOMM6_IRQHandler
 .text.FLEXCOMM7_IRQHandler
                0x0000000000005304        0x8 ./startup/startup_lpc55s69_cm33_core0.o
                0x0000000000005304                FLEXCOMM7_IRQHandler
 .text.ADC0_IRQHandler
                0x000000000000530c        0x8 ./startup/startup_lpc55s69_cm33_core0.o
                0x000000000000530c                ADC0_IRQHandler
 .text.Reserved39_IRQHandler
                0x0000000000005314        0x8 ./startup/startup_lpc55s69_cm33_core0.o
                0x0000000000005314                Reserved39_IRQHandler
 .text.ACMP_IRQHandler
                0x000000000000531c        0x8 ./startup/startup_lpc55s69_cm33_core0.o
                0x000000000000531c                ACMP_IRQHandler
 .text.Reserved41_IRQHandler
                0x0000000000005324        0x8 ./startup/startup_lpc55s69_cm33_core0.o
                0x0000000000005324                Reserved41_IRQHandler
 .text.Reserved42_IRQHandler
                0x000000000000532c        0x8 ./startup/startup_lpc55s69_cm33_core0.o
                0x000000000000532c                Reserved42_IRQHandler
 .text.USB0_NEEDCLK_IRQHandler
                0x0000000000005334        0x8 ./startup/startup_lpc55s69_cm33_core0.o
                0x0000000000005334                USB0_NEEDCLK_IRQHandler
 .text.USB0_IRQHandler
                0x000000000000533c        0x8 ./startup/startup_lpc55s69_cm33_core0.o
                0x000000000000533c                USB0_IRQHandler
 .text.Reserved46_IRQHandler
                0x0000000000005344        0x8 ./startup/startup_lpc55s69_cm33_core0.o
                0x0000000000005344                Reserved46_IRQHandler
 .text.MAILBOX_IRQHandler
                0x000000000000534c        0x8 ./startup/startup_lpc55s69_cm33_core0.o
                0x000000000000534c                MAILBOX_IRQHandler
 .text.PIN_INT4_IRQHandler
                0x0000000000005354        0x8 ./startup/startup_lpc55s69_cm33_core0.o
                0x0000000000005354                PIN_INT4_IRQHandler
 .text.PIN_INT5_IRQHandler
                0x000000000000535c        0x8 ./startup/startup_lpc55s69_cm33_core0.o
                0x000000000000535c                PIN_INT5_IRQHandler
 .text.PIN_INT6_IRQHandler
                0x0000000000005364        0x8 ./startup/startup_lpc55s69_cm33_core0.o
                0x0000000000005364                PIN_INT6_IRQHandler
 .text.PIN_INT7_IRQHandler
                0x000000000000536c        0x8 ./startup/startup_lpc55s69_cm33_core0.o
                0x000000000000536c                PIN_INT7_IRQHandler
 .text.CTIMER2_IRQHandler
                0x0000000000005374        0x8 ./startup/startup_lpc55s69_cm33_core0.o
                0x0000000000005374                CTIMER2_IRQHandler
 .text.CTIMER4_IRQHandler
                0x000000000000537c        0x8 ./startup/startup_lpc55s69_cm33_core0.o
                0x000000000000537c                CTIMER4_IRQHandler
 .text.OS_EVENT_IRQHandler
                0x0000000000005384        0x8 ./startup/startup_lpc55s69_cm33_core0.o
                0x0000000000005384                OS_EVENT_IRQHandler
 .text.Reserved55_IRQHandler
                0x000000000000538c        0x8 ./startup/startup_lpc55s69_cm33_core0.o
                0x000000000000538c                Reserved55_IRQHandler
 .text.Reserved56_IRQHandler
                0x0000000000005394        0x8 ./startup/startup_lpc55s69_cm33_core0.o
                0x0000000000005394                Reserved56_IRQHandler
 .text.Reserved57_IRQHandler
                0x000000000000539c        0x8 ./startup/startup_lpc55s69_cm33_core0.o
                0x000000000000539c                Reserved57_IRQHandler
 .text.SDIO_IRQHandler
                0x00000000000053a4        0x8 ./startup/startup_lpc55s69_cm33_core0.o
                0x00000000000053a4                SDIO_IRQHandler
 .text.Reserved59_IRQHandler
                0x00000000000053ac        0x8 ./startup/startup_lpc55s69_cm33_core0.o
                0x00000000000053ac                Reserved59_IRQHandler
 .text.Reserved60_IRQHandler
                0x00000000000053b4        0x8 ./startup/startup_lpc55s69_cm33_core0.o
                0x00000000000053b4                Reserved60_IRQHandler
 .text.Reserved61_IRQHandler
                0x00000000000053bc        0x8 ./startup/startup_lpc55s69_cm33_core0.o
                0x00000000000053bc                Reserved61_IRQHandler
 .text.USB1_PHY_IRQHandler
                0x00000000000053c4        0x8 ./startup/startup_lpc55s69_cm33_core0.o
                0x00000000000053c4                USB1_PHY_IRQHandler
 .text.USB1_IRQHandler
                0x00000000000053cc        0x8 ./startup/startup_lpc55s69_cm33_core0.o
                0x00000000000053cc                USB1_IRQHandler
 .text.USB1_NEEDCLK_IRQHandler
                0x00000000000053d4        0x8 ./startup/startup_lpc55s69_cm33_core0.o
                0x00000000000053d4                USB1_NEEDCLK_IRQHandler
 .text.SEC_HYPERVISOR_CALL_IRQHandler
                0x00000000000053dc        0x8 ./startup/startup_lpc55s69_cm33_core0.o
                0x00000000000053dc                SEC_HYPERVISOR_CALL_IRQHandler
 .text.SEC_GPIO_INT0_IRQ0_IRQHandler
                0x00000000000053e4        0x8 ./startup/startup_lpc55s69_cm33_core0.o
                0x00000000000053e4                SEC_GPIO_INT0_IRQ0_IRQHandler
 .text.SEC_GPIO_INT0_IRQ1_IRQHandler
                0x00000000000053ec        0x8 ./startup/startup_lpc55s69_cm33_core0.o
                0x00000000000053ec                SEC_GPIO_INT0_IRQ1_IRQHandler
 .text.PLU_IRQHandler
                0x00000000000053f4        0x8 ./startup/startup_lpc55s69_cm33_core0.o
                0x00000000000053f4                PLU_IRQHandler
 .text.SEC_VIO_IRQHandler
                0x00000000000053fc        0x8 ./startup/startup_lpc55s69_cm33_core0.o
                0x00000000000053fc                SEC_VIO_IRQHandler
 .text.HASHCRYPT_IRQHandler
                0x0000000000005404        0x8 ./startup/startup_lpc55s69_cm33_core0.o
                0x0000000000005404                HASHCRYPT_IRQHandler
 .text.CASER_IRQHandler
                0x000000000000540c        0x8 ./startup/startup_lpc55s69_cm33_core0.o
                0x000000000000540c                CASER_IRQHandler
 .text.PUF_IRQHandler
                0x0000000000005414        0x8 ./startup/startup_lpc55s69_cm33_core0.o
                0x0000000000005414                PUF_IRQHandler
 .text.PQ_IRQHandler
                0x000000000000541c        0x8 ./startup/startup_lpc55s69_cm33_core0.o
                0x000000000000541c                PQ_IRQHandler
 .text.DMA1_IRQHandler
                0x0000000000005424        0x8 ./startup/startup_lpc55s69_cm33_core0.o
                0x0000000000005424                DMA1_IRQHandler
 .text.FLEXCOMM8_IRQHandler
                0x000000000000542c        0x8 ./startup/startup_lpc55s69_cm33_core0.o
                0x000000000000542c                FLEXCOMM8_IRQHandler
 .text.GPIO_PinRead
                0x0000000000005434       0x28 ./source/LPC55S69_Project_LAb4_MO.o
 .text.RTC_GetStatusFlags
                0x000000000000545c       0x1c ./source/LPC55S69_Project_LAb4_MO.o
 .text.RTC_ClearStatusFlags
                0x0000000000005478       0x32 ./source/LPC55S69_Project_LAb4_MO.o
 .text.OLED_Display_On
                0x00000000000054aa       0x20 ./source/oled.o
                0x00000000000054aa                OLED_Display_On
 .text.OLED_Draw_Line
                0x00000000000054ca      0x18c ./source/oled.o
                0x00000000000054ca                OLED_Draw_Line
 .text.OLED_Invert_Rect
                0x0000000000005656       0x74 ./source/oled.o
                0x0000000000005656                OLED_Invert_Rect
 .text.HardFault_Handler
                0x00000000000056ca       0x36 ./source/semihost_hardfault.o
                0x00000000000056ca                HardFault_Handler
 .text.CLOCK_IsPLL0Locked
                0x0000000000005700       0x24 ./drivers/fsl_clock.o
 .text.findPll0PreDiv
                0x0000000000005724       0x3e ./drivers/fsl_clock.o
 .text.DelayLoop
                0x0000000000005762       0x20 ./drivers/fsl_common_arm.o
 .text.CLOCK_EnableClock
                0x0000000000005782       0x30 ./drivers/fsl_flexcomm.o
 .text.FLEXCOMM_PeripheralIsPresent
                0x00000000000057b2       0x64 ./drivers/fsl_flexcomm.o
 .text.FLEXCOMM_SetPeriph
                0x0000000000005816       0x74 ./drivers/fsl_flexcomm.o
 .text.I2C_MasterEnable
                0x000000000000588a       0x44 ./drivers/fsl_i2c.o
 .text.I2C_MasterInit
                0x00000000000058ce       0x6e ./drivers/fsl_i2c.o
                0x00000000000058ce                I2C_MasterInit
 .text.I2C_GetStatusFlags
                0x000000000000593c       0x88 ./drivers/fsl_i2c.o
                0x000000000000593c                I2C_GetStatusFlags
 .text.I2C_MasterStart
                0x00000000000059c4       0x46 ./drivers/fsl_i2c.o
                0x00000000000059c4                I2C_MasterStart
 .text.I2C_MasterStop
                0x0000000000005a0a       0x2c ./drivers/fsl_i2c.o
                0x0000000000005a0a                I2C_MasterStop
 .text.INPUTMUX_AttachSignal
                0x0000000000005a36       0x38 ./drivers/fsl_inputmux.o
                0x0000000000005a36                INPUTMUX_AttachSignal
 .text.CLOCK_EnableClock
                0x0000000000005a6e       0x30 ./drivers/fsl_pint.o
 .text.EnableIRQ
                0x0000000000005a9e       0x32 ./drivers/fsl_pint.o
 .text.PINT_PinInterruptClrFallFlag
                0x0000000000005ad0       0x22 ./drivers/fsl_pint.o
 .text.PINT_PinInterruptClrRiseFlag
                0x0000000000005af2       0x22 ./drivers/fsl_pint.o
 .text.PINT_PatternMatchResetDetectLogic
                0x0000000000005b14       0x34 ./drivers/fsl_pint.o
                0x0000000000005b14                PINT_PatternMatchResetDetectLogic
 .text.PINT_PinInterruptClrStatus
                0x0000000000005b48       0x4e ./drivers/fsl_pint.o
                0x0000000000005b48                PINT_PinInterruptClrStatus
 .text.lowpower_set_voltage_for_process
                0x0000000000005b96       0xaa ./drivers/fsl_power.o
 .text.RESET_PeripheralReset
                0x0000000000005c40       0x1c ./drivers/fsl_reset.o
                0x0000000000005c40                RESET_PeripheralReset
 .text.CLOCK_EnableClock
                0x0000000000005c5c       0x30 ./drivers/fsl_rtc.o
 .text.RTC_GetSecondsTimerCount
                0x0000000000005c8c       0x2a ./drivers/fsl_rtc.o
 .text.RTC_Init
                0x0000000000005cb6       0x34 ./drivers/fsl_rtc.o
                0x0000000000005cb6                RTC_Init
 .text.USART_EnableContinuousSCLK
                0x0000000000005cea       0x38 ./drivers/fsl_usart.o
 .text.SystemInitHook
                0x0000000000005d22        0xe ./device/system_LPC55S69_cm33_core0.o
                0x0000000000005d22                SystemInitHook
 .text.HAL_UartGetStatus
                0x0000000000005d30       0x22 ./component/uart/fsl_adapter_usart.o
 .text.HAL_UartInit
                0x0000000000005d52       0x36 ./component/uart/fsl_adapter_usart.o
                0x0000000000005d52                HAL_UartInit
 .text.DisableGlobalIRQ
                0x0000000000005d88       0x22 ./component/serial_manager/fsl_component_serial_manager.o
 .text.EnableGlobalIRQ
                0x0000000000005daa       0x20 ./component/serial_manager/fsl_component_serial_manager.o
 .text.SerialManager_StartWriting
                0x0000000000005dca       0x38 ./component/serial_manager/fsl_component_serial_manager.o
 .text.SerialManager_Write
                0x0000000000005e02       0x44 ./component/serial_manager/fsl_component_serial_manager.o
 .text.SerialManager_Init
                0x0000000000005e46       0x60 ./component/serial_manager/fsl_component_serial_manager.o
                0x0000000000005e46                SerialManager_Init
 .text.SerialManager_OpenWriteHandle
                0x0000000000005ea6       0x50 ./component/serial_manager/fsl_component_serial_manager.o
                0x0000000000005ea6                SerialManager_OpenWriteHandle
 .text.SerialManager_OpenReadHandle
                0x0000000000005ef6       0x60 ./component/serial_manager/fsl_component_serial_manager.o
                0x0000000000005ef6                SerialManager_OpenReadHandle
 .text.SerialManager_WriteBlocking
                0x0000000000005f56       0x20 ./component/serial_manager/fsl_component_serial_manager.o
                0x0000000000005f56                SerialManager_WriteBlocking
 .text.Serial_UartInit
                0x0000000000005f76       0x3e ./component/serial_manager/fsl_component_serial_port_uart.o
                0x0000000000005f76                Serial_UartInit
 .text.Serial_UartWrite
                0x0000000000005fb4       0x38 ./component/serial_manager/fsl_component_serial_port_uart.o
                0x0000000000005fb4                Serial_UartWrite
 .text.BOARD_InitBootClocks
                0x0000000000005fec        0xc ./board/clock_config.o
                0x0000000000005fec                BOARD_InitBootClocks
 .text.EnableIRQ
                0x0000000000005ff8       0x32 ./board/peripherals.o
 .text.RTC_StartTimer
                0x000000000000602a       0x20 ./board/peripherals.o
 .text.RTC_StopTimer
                0x000000000000604a       0x20 ./board/peripherals.o
 .text.BOARD_InitPeripherals_cm33_core0
                0x000000000000606a       0x14 ./board/peripherals.o
                0x000000000000606a                BOARD_InitPeripherals_cm33_core0
 .text.BOARD_InitBootPeripherals
                0x000000000000607e        0xc ./board/peripherals.o
                0x000000000000607e                BOARD_InitBootPeripherals
 .text.CLOCK_EnableClock
                0x000000000000608a       0x30 ./board/pin_mux.o
 .text.IOCON_PinMuxSet
                0x00000000000060ba       0x2e ./board/pin_mux.o
 .text.BOARD_InitBootPins
                0x00000000000060e8       0x10 ./board/pin_mux.o
                0x00000000000060e8                BOARD_InitBootPins
 .text.__main   0x00000000000060f8        0xe /Applications/MCUXpressoIDE_11.8.0_1165/ide/plugins/com.nxp.mcuxpresso.tools.macosx_11.8.0.202306131047/tools/bin/../lib/gcc/arm-none-eabi/12.2.1/../../../../arm-none-eabi/lib/thumb/v8-m.main+fp/hard/libcr_nohost_nf.a(_cr__main.o)
                0x00000000000060f8                __main
 .text.sinf     0x0000000000006106       0x26 /Applications/MCUXpressoIDE_11.8.0_1165/ide/plugins/com.nxp.mcuxpresso.tools.macosx_11.8.0.202306131047/tools/bin/../lib/gcc/arm-none-eabi/12.2.1/../../../../arm-none-eabi/lib/thumb/v8-m.main+fp/hard/libcr_c.a(sinf.o)
                0x0000000000006106                sinf
 .text.memcpy   0x000000000000612c        0x4 /Applications/MCUXpressoIDE_11.8.0_1165/ide/plugins/com.nxp.mcuxpresso.tools.macosx_11.8.0.202306131047/tools/bin/../lib/gcc/arm-none-eabi/12.2.1/../../../../arm-none-eabi/lib/thumb/v8-m.main+fp/hard/libcr_c.a(memcpy.o)
                0x000000000000612c                memcpy
 .text.memset   0x0000000000006130        0x4 /Applications/MCUXpressoIDE_11.8.0_1165/ide/plugins/com.nxp.mcuxpresso.tools.macosx_11.8.0.202306131047/tools/bin/../lib/gcc/arm-none-eabi/12.2.1/../../../../arm-none-eabi/lib/thumb/v8-m.main+fp/hard/libcr_c.a(memset.o)
                0x0000000000006130                memset
 .text.free     0x0000000000006134       0x30 /Applications/MCUXpressoIDE_11.8.0_1165/ide/plugins/com.nxp.mcuxpresso.tools.macosx_11.8.0.202306131047/tools/bin/../lib/gcc/arm-none-eabi/12.2.1/../../../../arm-none-eabi/lib/thumb/v8-m.main+fp/hard/libcr_c.a(alloc.o)
                0x0000000000006134                free
 .text.no_fp_display
                0x0000000000006164        0x4 /Applications/MCUXpressoIDE_11.8.0_1165/ide/plugins/com.nxp.mcuxpresso.tools.macosx_11.8.0.202306131047/tools/bin/../lib/gcc/arm-none-eabi/12.2.1/../../../../arm-none-eabi/lib/thumb/v8-m.main+fp/hard/libcr_c.a(printf.o)
 .text.setvbuf  0x0000000000006168       0x3e /Applications/MCUXpressoIDE_11.8.0_1165/ide/plugins/com.nxp.mcuxpresso.tools.macosx_11.8.0.202306131047/tools/bin/../lib/gcc/arm-none-eabi/12.2.1/../../../../arm-none-eabi/lib/thumb/v8-m.main+fp/hard/libcr_c.a(setvbuf.o)
                0x0000000000006168                setvbuf
 .text.abs      0x00000000000061a6        0x8 /Applications/MCUXpressoIDE_11.8.0_1165/ide/plugins/com.nxp.mcuxpresso.tools.macosx_11.8.0.202306131047/tools/bin/../lib/gcc/arm-none-eabi/12.2.1/../../../../arm-none-eabi/lib/thumb/v8-m.main+fp/hard/libcr_c.a(stdlib.o)
                0x00000000000061a6                abs
 .text.strlen   0x00000000000061ae       0x4e /Applications/MCUXpressoIDE_11.8.0_1165/ide/plugins/com.nxp.mcuxpresso.tools.macosx_11.8.0.202306131047/tools/bin/../lib/gcc/arm-none-eabi/12.2.1/../../../../arm-none-eabi/lib/thumb/v8-m.main+fp/hard/libcr_c.a(strlen.o)
                0x00000000000061ae                strlen
 .text.fabsf    0x00000000000061fc       0x10 /Applications/MCUXpressoIDE_11.8.0_1165/ide/plugins/com.nxp.mcuxpresso.tools.macosx_11.8.0.202306131047/tools/bin/../lib/gcc/arm-none-eabi/12.2.1/../../../../arm-none-eabi/lib/thumb/v8-m.main+fp/hard/libcr_c.a(fabsf.o)
                0x00000000000061fc                fabsf
 .text._deferredlazyseek
                0x000000000000620c       0x40 /Applications/MCUXpressoIDE_11.8.0_1165/ide/plugins/com.nxp.mcuxpresso.tools.macosx_11.8.0.202306131047/tools/bin/../lib/gcc/arm-none-eabi/12.2.1/../../../../arm-none-eabi/lib/thumb/v8-m.main+fp/hard/libcr_c.a(_deferredlazyseek.o)
                0x000000000000620c                _deferredlazyseek
 .text.__flsbuf
                0x000000000000624c      0x140 /Applications/MCUXpressoIDE_11.8.0_1165/ide/plugins/com.nxp.mcuxpresso.tools.macosx_11.8.0.202306131047/tools/bin/../lib/gcc/arm-none-eabi/12.2.1/../../../../arm-none-eabi/lib/thumb/v8-m.main+fp/hard/libcr_c.a(_deferredlazyseek.o)
                0x000000000000624c                __flsbuf
 .text._fdopen  0x000000000000638c       0x68 /Applications/MCUXpressoIDE_11.8.0_1165/ide/plugins/com.nxp.mcuxpresso.tools.macosx_11.8.0.202306131047/tools/bin/../lib/gcc/arm-none-eabi/12.2.1/../../../../arm-none-eabi/lib/thumb/v8-m.main+fp/hard/libcr_c.a(_fdopen.o)
                0x000000000000638c                _fdopen
 .text._fflush  0x00000000000063f4       0x52 /Applications/MCUXpressoIDE_11.8.0_1165/ide/plugins/com.nxp.mcuxpresso.tools.macosx_11.8.0.202306131047/tools/bin/../lib/gcc/arm-none-eabi/12.2.1/../../../../arm-none-eabi/lib/thumb/v8-m.main+fp/hard/libcr_c.a(_fflush.o)
                0x00000000000063f4                _fflush
 .text.fclose   0x0000000000006446       0x58 /Applications/MCUXpressoIDE_11.8.0_1165/ide/plugins/com.nxp.mcuxpresso.tools.macosx_11.8.0.202306131047/tools/bin/../lib/gcc/arm-none-eabi/12.2.1/../../../../arm-none-eabi/lib/thumb/v8-m.main+fp/hard/libcr_c.a(fclose.o)
                0x0000000000006446                fclose
 .text.remove   0x000000000000649e       0x14 /Applications/MCUXpressoIDE_11.8.0_1165/ide/plugins/com.nxp.mcuxpresso.tools.macosx_11.8.0.202306131047/tools/bin/../lib/gcc/arm-none-eabi/12.2.1/../../../../arm-none-eabi/lib/thumb/v8-m.main+fp/hard/libcr_c.a(remove.o)
                0x000000000000649e                remove
 .text._do_fflush
                0x00000000000064b2       0x40 /Applications/MCUXpressoIDE_11.8.0_1165/ide/plugins/com.nxp.mcuxpresso.tools.macosx_11.8.0.202306131047/tools/bin/../lib/gcc/arm-none-eabi/12.2.1/../../../../arm-none-eabi/lib/thumb/v8-m.main+fp/hard/libcr_c.a(_do_fflush.o)
                0x00000000000064b2                _do_fflush
 .text.__aeabi_division_uldivmod
                0x00000000000064f2      0x174 /Applications/MCUXpressoIDE_11.8.0_1165/ide/plugins/com.nxp.mcuxpresso.tools.macosx_11.8.0.202306131047/tools/bin/../lib/gcc/arm-none-eabi/12.2.1/thumb/v8-m.main+fp/hard/libcr_eabihelpers.a(division_64.o)
                0x00000000000064f2                __aeabi_uldivmod
                0x00000000000064f6                __bhs_ldivmod1
 .text.__aeabi_division_idiv0
                0x0000000000006666        0x2 /Applications/MCUXpressoIDE_11.8.0_1165/ide/plugins/com.nxp.mcuxpresso.tools.macosx_11.8.0.202306131047/tools/bin/../lib/gcc/arm-none-eabi/12.2.1/thumb/v8-m.main+fp/hard/libcr_eabihelpers.a(division_idiv0.o)
                0x0000000000006666                __aeabi_idiv0
 .text.__aeabi_d2uiz
                0x0000000000006668       0x34 /Applications/MCUXpressoIDE_11.8.0_1165/ide/plugins/com.nxp.mcuxpresso.tools.macosx_11.8.0.202306131047/tools/bin/../lib/gcc/arm-none-eabi/12.2.1/thumb/v8-m.main+fp/hard/libcr_eabihelpers.a(double.o)
                0x0000000000006668                __aeabi_d2uiz
 .text.__bhs_ui2d
                0x000000000000669c       0x46 /Applications/MCUXpressoIDE_11.8.0_1165/ide/plugins/com.nxp.mcuxpresso.tools.macosx_11.8.0.202306131047/tools/bin/../lib/gcc/arm-none-eabi/12.2.1/thumb/v8-m.main+fp/hard/libcr_eabihelpers.a(double.o)
                0x000000000000669c                __bhs_ui2d
 .text.__aeabi_i2d
                0x00000000000066e2       0x10 /Applications/MCUXpressoIDE_11.8.0_1165/ide/plugins/com.nxp.mcuxpresso.tools.macosx_11.8.0.202306131047/tools/bin/../lib/gcc/arm-none-eabi/12.2.1/thumb/v8-m.main+fp/hard/libcr_eabihelpers.a(double.o)
                0x00000000000066e2                __aeabi_i2d
 .text.__aeabi_memcpy
                0x00000000000066f2       0x34 /Applications/MCUXpressoIDE_11.8.0_1165/ide/plugins/com.nxp.mcuxpresso.tools.macosx_11.8.0.202306131047/tools/bin/../lib/gcc/arm-none-eabi/12.2.1/thumb/v8-m.main+fp/hard/libcr_eabihelpers.a(memcpy.o)
                0x00000000000066f2                __aeabi_memcpy
                0x00000000000066fc                __aeabi_memcpy4
                0x00000000000066fc                __aeabi_memcpy8
 .text.__aeabi_memset_lowlevel
                0x0000000000006726       0x32 /Applications/MCUXpressoIDE_11.8.0_1165/ide/plugins/com.nxp.mcuxpresso.tools.macosx_11.8.0.202306131047/tools/bin/../lib/gcc/arm-none-eabi/12.2.1/thumb/v8-m.main+fp/hard/libcr_eabihelpers.a(memcpy.o)
                0x0000000000006726                __aeabi_lowlevel_memset
 .text.__sys_appexit
                0x0000000000006758        0x2 /Applications/MCUXpressoIDE_11.8.0_1165/ide/plugins/com.nxp.mcuxpresso.tools.macosx_11.8.0.202306131047/tools/bin/../lib/gcc/arm-none-eabi/12.2.1/../../../../arm-none-eabi/lib/thumb/v8-m.main+fp/hard/libcr_nohost_nf.a(__sys_appexit.o)
                0x0000000000006758                __exit
                0x0000000000006758                __sys_appexit
 .text.__sys_close
                0x000000000000675a        0x6 /Applications/MCUXpressoIDE_11.8.0_1165/ide/plugins/com.nxp.mcuxpresso.tools.macosx_11.8.0.202306131047/tools/bin/../lib/gcc/arm-none-eabi/12.2.1/../../../../arm-none-eabi/lib/thumb/v8-m.main+fp/hard/libcr_nohost_nf.a(__sys_close.o)
                0x000000000000675a                __sys_close
 .text.__sys_flen
                0x0000000000006760        0x6 /Applications/MCUXpressoIDE_11.8.0_1165/ide/plugins/com.nxp.mcuxpresso.tools.macosx_11.8.0.202306131047/tools/bin/../lib/gcc/arm-none-eabi/12.2.1/../../../../arm-none-eabi/lib/thumb/v8-m.main+fp/hard/libcr_nohost_nf.a(__sys_flen.o)
                0x0000000000006760                __sys_flen
 .text.__sys_istty
                0x0000000000006766        0x6 /Applications/MCUXpressoIDE_11.8.0_1165/ide/plugins/com.nxp.mcuxpresso.tools.macosx_11.8.0.202306131047/tools/bin/../lib/gcc/arm-none-eabi/12.2.1/../../../../arm-none-eabi/lib/thumb/v8-m.main+fp/hard/libcr_nohost_nf.a(__sys_istty.o)
                0x0000000000006766                __sys_istty
 .text.__sys_remove
                0x000000000000676c        0x6 /Applications/MCUXpressoIDE_11.8.0_1165/ide/plugins/com.nxp.mcuxpresso.tools.macosx_11.8.0.202306131047/tools/bin/../lib/gcc/arm-none-eabi/12.2.1/../../../../arm-none-eabi/lib/thumb/v8-m.main+fp/hard/libcr_nohost_nf.a(__sys_remove.o)
                0x000000000000676c                __sys_remove
 .text.__sys_seek
                0x0000000000006772        0x6 /Applications/MCUXpressoIDE_11.8.0_1165/ide/plugins/com.nxp.mcuxpresso.tools.macosx_11.8.0.202306131047/tools/bin/../lib/gcc/arm-none-eabi/12.2.1/../../../../arm-none-eabi/lib/thumb/v8-m.main+fp/hard/libcr_nohost_nf.a(__sys_seek.o)
                0x0000000000006772                __sys_seek
 .text.__sys_tmpnam
                0x0000000000006778        0x6 /Applications/MCUXpressoIDE_11.8.0_1165/ide/plugins/com.nxp.mcuxpresso.tools.macosx_11.8.0.202306131047/tools/bin/../lib/gcc/arm-none-eabi/12.2.1/../../../../arm-none-eabi/lib/thumb/v8-m.main+fp/hard/libcr_nohost_nf.a(__sys_tmpnam.o)
                0x0000000000006778                __sys_tmpnam
 .text.__sys_write
                0x000000000000677e        0x4 /Applications/MCUXpressoIDE_11.8.0_1165/ide/plugins/com.nxp.mcuxpresso.tools.macosx_11.8.0.202306131047/tools/bin/../lib/gcc/arm-none-eabi/12.2.1/../../../../arm-none-eabi/lib/thumb/v8-m.main+fp/hard/libcr_nohost_nf.a(__sys_write.o)
                0x000000000000677e                __sys_write
 *(SORT_BY_ALIGNMENT(.rodata) SORT_BY_ALIGNMENT(.rodata.*) SORT_BY_ALIGNMENT(.constdata) SORT_BY_ALIGNMENT(.constdata.*))
 *fill*         0x0000000000006782        0x2 ff
 .rodata.__assertion_failed.str1.4
                0x0000000000006784       0x14 ./utilities/fsl_assert.o
 .rodata.Msg    0x0000000000006798       0x1e ./source/LPC55S69_Project_LAb4_MO.o
                0x0000000000006798                Msg
 *fill*         0x00000000000067b6        0x2 ff
 .rodata.set_datetime
                0x00000000000067b8       0x70 ./source/LPC55S69_Project_LAb4_MO.o
                0x00000000000067b8                set_datetime
 .rodata.Digital_Clock.str1.4
                0x0000000000006828       0x1f ./source/LPC55S69_Project_LAb4_MO.o
 *fill*         0x0000000000006847        0x1 ff
 .rodata.main.str1.4
                0x0000000000006848        0x7 ./source/LPC55S69_Project_LAb4_MO.o
 *fill*         0x000000000000684f        0x1 ff
 .rodata.FontSystem5x8
                0x0000000000006850      0x1e5 ./source/oled.o
                0x0000000000006850                FontSystem5x8
 *fill*         0x0000000000006a35        0x3 ff
 .rodata.SDK_DelayAtLeastUs.str1.4
                0x0000000000006a38       0x2b ./drivers/fsl_common_arm.o
 *fill*         0x0000000000006a63        0x1 ff
 .rodata.s_flexcommBaseAddrs
                0x0000000000006a64       0x24 ./drivers/fsl_flexcomm.o
 .rodata.s_flexcommClocks
                0x0000000000006a88       0x12 ./drivers/fsl_flexcomm.o
 *fill*         0x0000000000006a9a        0x2 ff
 .rodata.s_flexcommResets
                0x0000000000006a9c       0x24 ./drivers/fsl_flexcomm.o
 .rodata.FLEXCOMM_GetInstance.str1.4
                0x0000000000006ac0       0x42 ./drivers/fsl_flexcomm.o
 *fill*         0x0000000000006b02        0x2 ff
 .rodata.FLEXCOMM0_DriverIRQHandler.str1.4
                0x0000000000006b04       0x3c ./drivers/fsl_flexcomm.o
 .rodata.FLEXCOMM1_DriverIRQHandler.str1.4
                0x0000000000006b40       0x3c ./drivers/fsl_flexcomm.o
 .rodata.FLEXCOMM2_DriverIRQHandler.str1.4
                0x0000000000006b7c       0x3c ./drivers/fsl_flexcomm.o
 .rodata.FLEXCOMM3_DriverIRQHandler.str1.4
                0x0000000000006bb8       0x3c ./drivers/fsl_flexcomm.o
 .rodata.FLEXCOMM4_DriverIRQHandler.str1.4
                0x0000000000006bf4       0x3c ./drivers/fsl_flexcomm.o
 .rodata.FLEXCOMM5_DriverIRQHandler.str1.4
                0x0000000000006c30       0x3c ./drivers/fsl_flexcomm.o
 .rodata.FLEXCOMM6_DriverIRQHandler.str1.4
                0x0000000000006c6c       0x3c ./drivers/fsl_flexcomm.o
 .rodata.FLEXCOMM7_DriverIRQHandler.str1.4
                0x0000000000006ca8       0x3c ./drivers/fsl_flexcomm.o
 .rodata.FLEXCOMM8_DriverIRQHandler.str1.4
                0x0000000000006ce4       0x3c ./drivers/fsl_flexcomm.o
 .rodata.I2C_MasterSetTimeoutValue.str1.4
                0x0000000000006d20       0x3a ./drivers/fsl_i2c.o
 *fill*         0x0000000000006d5a        0x2 ff
 .rodata.I2C_MasterWriteBlocking.str1.4
                0x0000000000006d5c       0x1f ./drivers/fsl_i2c.o
 *fill*         0x0000000000006d7b        0x1 ff
 .rodata.s_pintIRQ
                0x0000000000006d7c        0xa ./drivers/fsl_pint.o
 *fill*         0x0000000000006d86        0x2 ff
 .rodata.PINT_Init.str1.4
                0x0000000000006d88       0x1d ./drivers/fsl_pint.o
 *fill*         0x0000000000006da5        0x3 ff
 .rodata.PINT_PinInterruptConfig.str1.4
                0x0000000000006da8       0x1e ./drivers/fsl_pint.o
 *fill*         0x0000000000006dc6        0x2 ff
 .rodata.PINT_EnableCallbackByIndex.str1.4
                0x0000000000006dc8       0x1e ./drivers/fsl_pint.o
 *fill*         0x0000000000006de6        0x2 ff
 .rodata.RESET_SetPeripheralReset.str1.4
                0x0000000000006de8       0x1e ./drivers/fsl_reset.o
 *fill*         0x0000000000006e06        0x2 ff
 .rodata.RESET_ClearPeripheralReset.str1.4
                0x0000000000006e08       0x1e ./drivers/fsl_reset.o
 *fill*         0x0000000000006e26        0x2 ff
 .rodata.RTC_CheckDatetimeFormat.str1.4
                0x0000000000006e28       0x18 ./drivers/fsl_rtc.o
 .rodata        0x0000000000006e40       0x2a ./drivers/fsl_rtc.o
 *fill*         0x0000000000006e6a        0x2 ff
 .rodata.RTC_ConvertDatetimeToSeconds.str1.4
                0x0000000000006e6c       0x18 ./drivers/fsl_rtc.o
 .rodata.RTC_ConvertSecondsToDatetime.str1.4
                0x0000000000006e84       0x19 ./drivers/fsl_rtc.o
 *fill*         0x0000000000006e9d        0x3 ff
 .rodata.RTC_SetDatetime.str1.4
                0x0000000000006ea0       0x19 ./drivers/fsl_rtc.o
 *fill*         0x0000000000006eb9        0x3 ff
 .rodata.RTC_GetDatetime.str1.4
                0x0000000000006ebc       0x19 ./drivers/fsl_rtc.o
 *fill*         0x0000000000006ed5        0x3 ff
 .rodata.RTC_SetAlarm.str1.4
                0x0000000000006ed8       0x22 ./drivers/fsl_rtc.o
 *fill*         0x0000000000006efa        0x2 ff
 .rodata.USART_Init.str1.4
                0x0000000000006efc       0x4f ./drivers/fsl_usart.o
 *fill*         0x0000000000006f4b        0x1 ff
 .rodata.USART_GetDefaultConfig.str1.4
                0x0000000000006f4c       0x21 ./drivers/fsl_usart.o
 *fill*         0x0000000000006f6d        0x3 ff
 .rodata.USART_SetBaudRate.str1.4
                0x0000000000006f70       0x53 ./drivers/fsl_usart.o
 *fill*         0x0000000000006fc3        0x1 ff
 .rodata.USART_WriteBlocking.str1.4
                0x0000000000006fc4       0x36 ./drivers/fsl_usart.o
 *fill*         0x0000000000006ffa        0x2 ff
 .rodata.s_UsartAdapterBase
                0x0000000000006ffc       0x20 ./component/uart/fsl_adapter_usart.o
 .rodata.HAL_UartInitCommon.str1.4
                0x000000000000701c       0xeb ./component/uart/fsl_adapter_usart.o
 *fill*         0x0000000000007107        0x1 ff
 .rodata.HAL_UartSendBlocking.str1.4
                0x0000000000007108       0x65 ./component/uart/fsl_adapter_usart.o
 *fill*         0x000000000000716d        0x3 ff
 .rodata.FLEXCOMM1_config
                0x0000000000007170        0xc ./board/peripherals.o
                0x0000000000007170                FLEXCOMM1_config
 .rodata.__num_Ciob_streams
                0x000000000000717c        0x4 /Applications/MCUXpressoIDE_11.8.0_1165/ide/plugins/com.nxp.mcuxpresso.tools.macosx_11.8.0.202306131047/tools/bin/../lib/gcc/arm-none-eabi/12.2.1/../../../../arm-none-eabi/lib/thumb/v8-m.main+fp/hard/libcr_nohost_nf.a(__ciob.o)
                0x000000000000717c                __num_Ciob_streams
 .rodata._Csys_alloc.str1.1
                0x0000000000007180       0x18 /Applications/MCUXpressoIDE_11.8.0_1165/ide/plugins/com.nxp.mcuxpresso.tools.macosx_11.8.0.202306131047/tools/bin/../lib/gcc/arm-none-eabi/12.2.1/../../../../arm-none-eabi/lib/thumb/v8-m.main+fp/hard/libcr_c.a(alloc.o)
 .rodata._initio.str1.1
                0x0000000000007198        0x4 /Applications/MCUXpressoIDE_11.8.0_1165/ide/plugins/com.nxp.mcuxpresso.tools.macosx_11.8.0.202306131047/tools/bin/../lib/gcc/arm-none-eabi/12.2.1/../../../../arm-none-eabi/lib/thumb/v8-m.main+fp/hard/libcr_c.a(initio.o)
 .rodata.__vfprintf.str1.1
                0x000000000000719c       0x37 /Applications/MCUXpressoIDE_11.8.0_1165/ide/plugins/com.nxp.mcuxpresso.tools.macosx_11.8.0.202306131047/tools/bin/../lib/gcc/arm-none-eabi/12.2.1/../../../../arm-none-eabi/lib/thumb/v8-m.main+fp/hard/libcr_c.a(printf.o)
                                         0x38 (size before relaxing)
                0x00000000000071d4                . = ALIGN (0x4)
 *fill*         0x00000000000071d3        0x1 ff

.glue_7         0x00000000000071d4        0x0
 .glue_7        0x00000000000071d4        0x0 linker stubs

.glue_7t        0x00000000000071d4        0x0
 .glue_7t       0x00000000000071d4        0x0 linker stubs

.vfp11_veneer   0x00000000000071d4        0x0
 .vfp11_veneer  0x00000000000071d4        0x0 linker stubs

.v4_bx          0x00000000000071d4        0x0
 .v4_bx         0x00000000000071d4        0x0 linker stubs

.iplt           0x00000000000071d4        0x0
 .iplt          0x00000000000071d4        0x0 ./utilities/fsl_assert.o

.rel.dyn        0x00000000000071d4        0x0
 .rel.iplt      0x00000000000071d4        0x0 ./utilities/fsl_assert.o

.ARM.extab
 *(SORT_BY_ALIGNMENT(.ARM.extab*) SORT_BY_ALIGNMENT(.gnu.linkonce.armextab.*))

.ARM.exidx      0x00000000000071d4        0x0
                0x00000000000071d4                __exidx_start = .
 *(SORT_BY_ALIGNMENT(.ARM.exidx*) SORT_BY_ALIGNMENT(.gnu.linkonce.armexidx.*))
                0x00000000000071d4                __exidx_end = .
                0x00000000000071d4                _etext = .

.m_usb_data
 *(SORT_BY_ALIGNMENT(m_usb_global))

.data_RAM2      0x0000000004000000        0x0 load address 0x00000000000071d4
 FILL mask 0xff
                [!provide]                        PROVIDE (__start_data_RAM2 = .)
                [!provide]                        PROVIDE (__start_data_SRAMX = .)
 *(SORT_BY_ALIGNMENT(.ramfunc.$RAM2))
 *(SORT_BY_ALIGNMENT(.ramfunc.$SRAMX))
 *(SORT_BY_ALIGNMENT(.data.$RAM2))
 *(SORT_BY_ALIGNMENT(.data.$SRAMX))
 *(SORT_BY_ALIGNMENT(.data.$RAM2.*))
 *(SORT_BY_ALIGNMENT(.data.$SRAMX.*))
                0x0000000004000000                . = ALIGN (0x4)
                [!provide]                        PROVIDE (__end_data_RAM2 = .)
                [!provide]                        PROVIDE (__end_data_SRAMX = .)

.data_RAM3      0x0000000040100000        0x0 load address 0x00000000000071d4
 FILL mask 0xff
                [!provide]                        PROVIDE (__start_data_RAM3 = .)
                [!provide]                        PROVIDE (__start_data_USB_RAM = .)
 *(SORT_BY_ALIGNMENT(.ramfunc.$RAM3))
 *(SORT_BY_ALIGNMENT(.ramfunc.$USB_RAM))
 *(SORT_BY_ALIGNMENT(.data.$RAM3))
 *(SORT_BY_ALIGNMENT(.data.$USB_RAM))
 *(SORT_BY_ALIGNMENT(.data.$RAM3.*))
 *(SORT_BY_ALIGNMENT(.data.$USB_RAM.*))
                0x0000000040100000                . = ALIGN (0x4)
                [!provide]                        PROVIDE (__end_data_RAM3 = .)
                [!provide]                        PROVIDE (__end_data_USB_RAM = .)

.data_RAM4      0x0000000020040000        0x0 load address 0x00000000000071d4
 FILL mask 0xff
                [!provide]                        PROVIDE (__start_data_RAM4 = .)
                [!provide]                        PROVIDE (__start_data_SRAM4 = .)
 *(SORT_BY_ALIGNMENT(.ramfunc.$RAM4))
 *(SORT_BY_ALIGNMENT(.ramfunc.$SRAM4))
 *(SORT_BY_ALIGNMENT(.data.$RAM4))
 *(SORT_BY_ALIGNMENT(.data.$SRAM4))
 *(SORT_BY_ALIGNMENT(.data.$RAM4.*))
 *(SORT_BY_ALIGNMENT(.data.$SRAM4.*))
                0x0000000020040000                . = ALIGN (0x4)
                [!provide]                        PROVIDE (__end_data_RAM4 = .)
                [!provide]                        PROVIDE (__end_data_SRAM4 = .)

.uninit_RESERVED
                0x0000000020000000        0x0
                0x0000000020000000                _start_uninit_RESERVED = .
 *(SORT_BY_ALIGNMENT(.bss.$RESERVED*))
                0x0000000020000000                . = ALIGN (0x4)
                0x0000000020000000                _end_uninit_RESERVED = .

.data           0x0000000020000000       0x1c load address 0x00000000000071d4
 FILL mask 0xff
                0x0000000020000000                _data = .
                [!provide]                        PROVIDE (__start_data_RAM = .)
                [!provide]                        PROVIDE (__start_data_SRAM = .)
 *(SORT_BY_ALIGNMENT(vtable))
 *(SORT_BY_ALIGNMENT(.ramfunc*))
 *(SORT_BY_ALIGNMENT(CodeQuickAccess))
 *(SORT_BY_ALIGNMENT(DataQuickAccess))
 *(SORT_BY_ALIGNMENT(RamFunction))
 *(SORT_BY_ALIGNMENT(.data*))
 .data.s_Ext_Clk_Freq
                0x0000000020000000        0x4 ./drivers/fsl_clock.o
 .data.SystemCoreClock
                0x0000000020000004        0x4 ./device/system_LPC55S69_cm33_core0.o
                0x0000000020000004                SystemCoreClock
 .data.RTC_dateTimeStruct
                0x0000000020000008        0x8 ./board/peripherals.o
                0x0000000020000008                RTC_dateTimeStruct
 .data.RTC_alarmDateTimeStruct
                0x0000000020000010        0x8 ./board/peripherals.o
                0x0000000020000010                RTC_alarmDateTimeStruct
 .data.Mode     0x0000000020000018        0x1 ./source/LPC55S69_Project_LAb4_MO.o
                0x0000000020000018                Mode
                0x000000002000001c                . = ALIGN (0x4)
 *fill*         0x0000000020000019        0x3 ff
                0x000000002000001c                _edata = .
                [!provide]                        PROVIDE (__end_data_RAM = .)
                [!provide]                        PROVIDE (__end_data_SRAM = .)

.igot.plt       0x000000002000001c        0x0 load address 0x00000000000071f0
 .igot.plt      0x000000002000001c        0x0 ./utilities/fsl_assert.o

.bss_RAM2       0x0000000004000000        0x0
                [!provide]                        PROVIDE (__start_bss_RAM2 = .)
                [!provide]                        PROVIDE (__start_bss_SRAMX = .)
 *(SORT_BY_ALIGNMENT(.bss.$RAM2))
 *(SORT_BY_ALIGNMENT(.bss.$SRAMX))
 *(SORT_BY_ALIGNMENT(.bss.$RAM2.*))
 *(SORT_BY_ALIGNMENT(.bss.$SRAMX.*))
                0x0000000004000000                . = ALIGN ((. != 0x0)?0x4:0x1)
                [!provide]                        PROVIDE (__end_bss_RAM2 = .)
                [!provide]                        PROVIDE (__end_bss_SRAMX = .)

.bss_RAM3       0x0000000040100000        0x0
                [!provide]                        PROVIDE (__start_bss_RAM3 = .)
                [!provide]                        PROVIDE (__start_bss_USB_RAM = .)
 *(SORT_BY_ALIGNMENT(.bss.$RAM3))
 *(SORT_BY_ALIGNMENT(.bss.$USB_RAM))
 *(SORT_BY_ALIGNMENT(.bss.$RAM3.*))
 *(SORT_BY_ALIGNMENT(.bss.$USB_RAM.*))
                0x0000000040100000                . = ALIGN ((. != 0x0)?0x4:0x1)
                [!provide]                        PROVIDE (__end_bss_RAM3 = .)
                [!provide]                        PROVIDE (__end_bss_USB_RAM = .)

.bss_RAM4       0x0000000020040000        0x0
                [!provide]                        PROVIDE (__start_bss_RAM4 = .)
                [!provide]                        PROVIDE (__start_bss_SRAM4 = .)
 *(SORT_BY_ALIGNMENT(.bss.$RAM4))
 *(SORT_BY_ALIGNMENT(.bss.$SRAM4))
 *(SORT_BY_ALIGNMENT(.bss.$RAM4.*))
 *(SORT_BY_ALIGNMENT(.bss.$SRAM4.*))
                0x0000000020040000                . = ALIGN ((. != 0x0)?0x4:0x1)
                [!provide]                        PROVIDE (__end_bss_RAM4 = .)
                [!provide]                        PROVIDE (__end_bss_SRAM4 = .)

.bss            0x000000002000001c      0x58c
                0x000000002000001c                _bss = .
                [!provide]                        PROVIDE (__start_bss_RAM = .)
                [!provide]                        PROVIDE (__start_bss_SRAM = .)
 *(SORT_BY_ALIGNMENT(.bss*))
 .bss.s_debugConsoleState
                0x000000002000001c       0x20 ./utilities/fsl_debug_console.o
 .bss.g_serialHandle
                0x000000002000003c        0x4 ./utilities/fsl_debug_console.o
                0x000000002000003c                g_serialHandle
 .bss.sbuff     0x0000000020000040       0x20 ./source/LPC55S69_Project_LAb4_MO.o
                0x0000000020000040                sbuff
 .bss.dt        0x0000000020000060        0x8 ./source/LPC55S69_Project_LAb4_MO.o
                0x0000000020000060                dt
 .bss.I2C_base  0x0000000020000068        0x4 ./source/oled.o
 .bss.displayBuffer
                0x000000002000006c      0x400 ./source/oled.o
 .bss.cmd_buff  0x000000002000046c        0x2 ./source/oled.o
 *fill*         0x000000002000046e        0x2 
 .bss.s_Pll0_Freq
                0x0000000020000470        0x4 ./drivers/fsl_clock.o
 .bss.s_flexcommIrqHandler
                0x0000000020000474       0x24 ./drivers/fsl_flexcomm.o
 .bss.s_flexcommHandle
                0x0000000020000498       0x24 ./drivers/fsl_flexcomm.o
 .bss.s_secpintCallback
                0x00000000200004bc        0x8 ./drivers/fsl_pint.o
 .bss.s_pintCallback
                0x00000000200004c4       0x20 ./drivers/fsl_pint.o
 .bss.errno     0x00000000200004e4        0x4 /Applications/MCUXpressoIDE_11.8.0_1165/ide/plugins/com.nxp.mcuxpresso.tools.macosx_11.8.0.202306131047/tools/bin/../lib/gcc/arm-none-eabi/12.2.1/../../../../arm-none-eabi/lib/thumb/v8-m.main+fp/hard/libcr_c.a(errno.o)
                0x00000000200004e4                errno
 .bss.__end_of_heap
                0x00000000200004e8        0x4 /Applications/MCUXpressoIDE_11.8.0_1165/ide/plugins/com.nxp.mcuxpresso.tools.macosx_11.8.0.202306131047/tools/bin/../lib/gcc/arm-none-eabi/12.2.1/../../../../arm-none-eabi/lib/thumb/v8-m.main+fp/hard/libcr_c.a(__init_alloc.o)
                0x00000000200004e8                __end_of_heap
 .bss.__heaps   0x00000000200004ec        0x4 /Applications/MCUXpressoIDE_11.8.0_1165/ide/plugins/com.nxp.mcuxpresso.tools.macosx_11.8.0.202306131047/tools/bin/../lib/gcc/arm-none-eabi/12.2.1/../../../../arm-none-eabi/lib/thumb/v8-m.main+fp/hard/libcr_c.a(__init_alloc.o)
                0x00000000200004ec                __heaps
 .bss.__Ciob    0x00000000200004f0       0xb4 /Applications/MCUXpressoIDE_11.8.0_1165/ide/plugins/com.nxp.mcuxpresso.tools.macosx_11.8.0.202306131047/tools/bin/../lib/gcc/arm-none-eabi/12.2.1/../../../../arm-none-eabi/lib/thumb/v8-m.main+fp/hard/libcr_nohost_nf.a(__ciob.o)
                0x00000000200004f0                __Ciob
 .bss.s_debugConsoleReadWaitSemaphore
                0x00000000200005a4        0x1 ./utilities/fsl_debug_console.o
 .bss.alarm     0x00000000200005a5        0x1 ./source/LPC55S69_Project_LAb4_MO.o
                0x00000000200005a5                alarm
 .bss.Set       0x00000000200005a6        0x1 ./source/LPC55S69_Project_LAb4_MO.o
                0x00000000200005a6                Set
 *(SORT_BY_ALIGNMENT(COMMON))
                0x00000000200005a8                . = ALIGN (0x4)
 *fill*         0x00000000200005a7        0x1 
                0x00000000200005a8                _ebss = .
                [!provide]                        PROVIDE (__end_bss_RAM = .)
                [!provide]                        PROVIDE (__end_bss_SRAM = .)
                [!provide]                        PROVIDE (end = .)

.noinit_RAM2    0x0000000004000000        0x0
                [!provide]                        PROVIDE (__start_noinit_RAM2 = .)
                [!provide]                        PROVIDE (__start_noinit_SRAMX = .)
 *(SORT_BY_ALIGNMENT(.noinit.$RAM2))
 *(SORT_BY_ALIGNMENT(.noinit.$SRAMX))
 *(SORT_BY_ALIGNMENT(.noinit.$RAM2.*))
 *(SORT_BY_ALIGNMENT(.noinit.$SRAMX.*))
                0x0000000004000000                . = ALIGN (0x4)
                [!provide]                        PROVIDE (__end_noinit_RAM2 = .)
                [!provide]                        PROVIDE (__end_noinit_SRAMX = .)

.noinit_RAM3    0x0000000040100000        0x0
                [!provide]                        PROVIDE (__start_noinit_RAM3 = .)
                [!provide]                        PROVIDE (__start_noinit_USB_RAM = .)
 *(SORT_BY_ALIGNMENT(.noinit.$RAM3))
 *(SORT_BY_ALIGNMENT(.noinit.$USB_RAM))
 *(SORT_BY_ALIGNMENT(.noinit.$RAM3.*))
 *(SORT_BY_ALIGNMENT(.noinit.$USB_RAM.*))
                0x0000000040100000                . = ALIGN (0x4)
                [!provide]                        PROVIDE (__end_noinit_RAM3 = .)
                [!provide]                        PROVIDE (__end_noinit_USB_RAM = .)

.noinit_RAM4    0x0000000020040000        0x0
                [!provide]                        PROVIDE (__start_noinit_RAM4 = .)
                [!provide]                        PROVIDE (__start_noinit_SRAM4 = .)
 *(SORT_BY_ALIGNMENT(.noinit.$RAM4))
 *(SORT_BY_ALIGNMENT(.noinit.$SRAM4))
 *(SORT_BY_ALIGNMENT(.noinit.$RAM4.*))
 *(SORT_BY_ALIGNMENT(.noinit.$SRAM4.*))
                0x0000000020040000                . = ALIGN (0x4)
                [!provide]                        PROVIDE (__end_noinit_RAM4 = .)
                [!provide]                        PROVIDE (__end_noinit_SRAM4 = .)

.noinit         0x00000000200005a8        0x0
                0x00000000200005a8                _noinit = .
                [!provide]                        PROVIDE (__start_noinit_RAM = .)
                [!provide]                        PROVIDE (__start_noinit_SRAM = .)
 *(SORT_BY_ALIGNMENT(.noinit*))
                0x00000000200005a8                . = ALIGN (0x4)
                0x00000000200005a8                _end_noinit = .
                [!provide]                        PROVIDE (__end_noinit_RAM = .)
                [!provide]                        PROVIDE (__end_noinit_SRAM = .)
                0x0000000000001000                _HeapSize = 0x1000

.heap           0x00000000200005a8     0x1000
                0x00000000200005a8                _pvHeapStart = .
                0x00000000200015a8                . = (. + _HeapSize)
 *fill*         0x00000000200005a8     0x1000 
                0x00000000200015a8                . = ALIGN (0x4)
                0x00000000200015a8                _pvHeapLimit = .
                0x0000000000001000                _StackSize = 0x1000

.heap2stackfill
                0x00000000200015a8     0x1000
                0x00000000200025a8                . = (. + _StackSize)
 *fill*         0x00000000200015a8     0x1000 

.stack          0x000000002003f000        0x0
                0x000000002003f000                _vStackBase = .
                0x000000002003f000                . = ALIGN (0x4)
                0x0000000020040000                _vStackTop = (. + _StackSize)
                [!provide]                        PROVIDE (__valid_user_code_checksum = (0x0 - ((((((_vStackTop + (ResetISR + 0x1)) + (NMI_Handler + 0x1)) + (HardFault_Handler + 0x1)) + (DEFINED (MemManage_Handler)?MemManage_Handler:0x0 + 0x1)) + (DEFINED (BusFault_Handler)?BusFault_Handler:0x0 + 0x1)) + (DEFINED (UsageFault_Handler)?UsageFault_Handler:0x0 + 0x1))))
                0x0000000000000000                _image_start = LOADADDR (.text)
                0x00000000000071f0                _image_end = (LOADADDR (.data) + SIZEOF (.data))
                0x00000000000071f0                _image_size = (_image_end - _image_start)
OUTPUT(LPC55S69_Project_LAb4_MO.axf elf32-littlearm)
LOAD linker stubs

.debug_info     0x0000000000000000    0x1e6e6
 .debug_info    0x0000000000000000       0xcb ./utilities/fsl_assert.o
 .debug_info    0x00000000000000cb      0xdf8 ./utilities/fsl_debug_console.o
 .debug_info    0x0000000000000ec3      0xaed ./utilities/fsl_str.o
 .debug_info    0x00000000000019b0      0x958 ./startup/startup_lpc55s69_cm33_core0.o
 .debug_info    0x0000000000002308      0xe9c ./source/LPC55S69_Project_LAb4_MO.o
 .debug_info    0x00000000000031a4     0x11da ./source/oled.o
 .debug_info    0x000000000000437e       0x3d ./source/semihost_hardfault.o
 .debug_info    0x00000000000043bb     0x32af ./drivers/fsl_clock.o
 .debug_info    0x000000000000766a      0x579 ./drivers/fsl_common_arm.o
 .debug_info    0x0000000000007be3     0x1a41 ./drivers/fsl_flexcomm.o
 .debug_info    0x0000000000009624     0x2292 ./drivers/fsl_i2c.o
 .debug_info    0x000000000000b8b6     0x1d53 ./drivers/fsl_inputmux.o
 .debug_info    0x000000000000d609     0x22e4 ./drivers/fsl_pint.o
 .debug_info    0x000000000000f8ed     0x2a50 ./drivers/fsl_power.o
 .debug_info    0x000000000001233d      0xe3d ./drivers/fsl_reset.o
 .debug_info    0x000000000001317a     0x1475 ./drivers/fsl_rtc.o
 .debug_info    0x00000000000145ef     0x181c ./drivers/fsl_usart.o
 .debug_info    0x0000000000015e0b     0x1471 ./device/system_LPC55S69_cm33_core0.o
 .debug_info    0x000000000001727c      0xcf3 ./component/uart/fsl_adapter_usart.o
 .debug_info    0x0000000000017f6f      0xd9a ./component/serial_manager/fsl_component_serial_manager.o
 .debug_info    0x0000000000018d09      0x518 ./component/serial_manager/fsl_component_serial_port_uart.o
 .debug_info    0x0000000000019221      0x8c7 ./board/board.o
 .debug_info    0x0000000000019ae8     0x176d ./board/clock_config.o
 .debug_info    0x000000000001b255     0x11be ./board/peripherals.o
 .debug_info    0x000000000001c413     0x22d3 ./board/pin_mux.o

.debug_abbrev   0x0000000000000000     0x3acd
 .debug_abbrev  0x0000000000000000       0x8f ./utilities/fsl_assert.o
 .debug_abbrev  0x000000000000008f      0x279 ./utilities/fsl_debug_console.o
 .debug_abbrev  0x0000000000000308      0x276 ./utilities/fsl_str.o
 .debug_abbrev  0x000000000000057e      0x14a ./startup/startup_lpc55s69_cm33_core0.o
 .debug_abbrev  0x00000000000006c8      0x32c ./source/LPC55S69_Project_LAb4_MO.o
 .debug_abbrev  0x00000000000009f4      0x2f9 ./source/oled.o
 .debug_abbrev  0x0000000000000ced       0x2f ./source/semihost_hardfault.o
 .debug_abbrev  0x0000000000000d1c      0x3bc ./drivers/fsl_clock.o
 .debug_abbrev  0x00000000000010d8      0x17e ./drivers/fsl_common_arm.o
 .debug_abbrev  0x0000000000001256      0x304 ./drivers/fsl_flexcomm.o
 .debug_abbrev  0x000000000000155a      0x3a4 ./drivers/fsl_i2c.o
 .debug_abbrev  0x00000000000018fe      0x1e5 ./drivers/fsl_inputmux.o
 .debug_abbrev  0x0000000000001ae3      0x33f ./drivers/fsl_pint.o
 .debug_abbrev  0x0000000000001e22      0x379 ./drivers/fsl_power.o
 .debug_abbrev  0x000000000000219b      0x18b ./drivers/fsl_reset.o
 .debug_abbrev  0x0000000000002326      0x2ed ./drivers/fsl_rtc.o
 .debug_abbrev  0x0000000000002613      0x358 ./drivers/fsl_usart.o
 .debug_abbrev  0x000000000000296b      0x21d ./device/system_LPC55S69_cm33_core0.o
 .debug_abbrev  0x0000000000002b88      0x253 ./component/uart/fsl_adapter_usart.o
 .debug_abbrev  0x0000000000002ddb      0x2c4 ./component/serial_manager/fsl_component_serial_manager.o
 .debug_abbrev  0x000000000000309f      0x196 ./component/serial_manager/fsl_component_serial_port_uart.o
 .debug_abbrev  0x0000000000003235      0x115 ./board/board.o
 .debug_abbrev  0x000000000000334a      0x233 ./board/clock_config.o
 .debug_abbrev  0x000000000000357d      0x27f ./board/peripherals.o
 .debug_abbrev  0x00000000000037fc      0x2d1 ./board/pin_mux.o

.debug_aranges  0x0000000000000000     0x1098
 .debug_aranges
                0x0000000000000000       0x20 ./utilities/fsl_assert.o
 .debug_aranges
                0x0000000000000020       0xa8 ./utilities/fsl_debug_console.o
 .debug_aranges
                0x00000000000000c8       0xb8 ./utilities/fsl_str.o
 .debug_aranges
                0x0000000000000180      0x268 ./startup/startup_lpc55s69_cm33_core0.o
 .debug_aranges
                0x00000000000003e8       0x60 ./source/LPC55S69_Project_LAb4_MO.o
 .debug_aranges
                0x0000000000000448       0xc0 ./source/oled.o
 .debug_aranges
                0x0000000000000508       0x20 ./source/semihost_hardfault.o
 .debug_aranges
                0x0000000000000528      0x228 ./drivers/fsl_clock.o
 .debug_aranges
                0x0000000000000750       0x38 ./drivers/fsl_common_arm.o
 .debug_aranges
                0x0000000000000788       0x90 ./drivers/fsl_flexcomm.o
 .debug_aranges
                0x0000000000000818      0x1a0 ./drivers/fsl_i2c.o
 .debug_aranges
                0x00000000000009b8       0x40 ./drivers/fsl_inputmux.o
 .debug_aranges
                0x00000000000009f8      0x128 ./drivers/fsl_pint.o
 .debug_aranges
                0x0000000000000b20       0xc8 ./drivers/fsl_power.o
 .debug_aranges
                0x0000000000000be8       0x30 ./drivers/fsl_reset.o
 .debug_aranges
                0x0000000000000c18       0x68 ./drivers/fsl_rtc.o
 .debug_aranges
                0x0000000000000c80       0xf8 ./drivers/fsl_usart.o
 .debug_aranges
                0x0000000000000d78       0x88 ./device/system_LPC55S69_cm33_core0.o
 .debug_aranges
                0x0000000000000e00       0x58 ./component/uart/fsl_adapter_usart.o
 .debug_aranges
                0x0000000000000e58       0xa0 ./component/serial_manager/fsl_component_serial_manager.o
 .debug_aranges
                0x0000000000000ef8       0x48 ./component/serial_manager/fsl_component_serial_port_uart.o
 .debug_aranges
                0x0000000000000f40       0x28 ./board/board.o
 .debug_aranges
                0x0000000000000f68       0x50 ./board/clock_config.o
 .debug_aranges
                0x0000000000000fb8       0x68 ./board/peripherals.o
 .debug_aranges
                0x0000000000001020       0x78 ./board/pin_mux.o

.debug_rnglists
                0x0000000000000000      0xcb6
 .debug_rnglists
                0x0000000000000000       0x13 ./utilities/fsl_assert.o
 .debug_rnglists
                0x0000000000000013       0x7c ./utilities/fsl_debug_console.o
 .debug_rnglists
                0x000000000000008f       0xa6 ./utilities/fsl_str.o
 .debug_rnglists
                0x0000000000000135      0x1c9 ./startup/startup_lpc55s69_cm33_core0.o
 .debug_rnglists
                0x00000000000002fe       0x47 ./source/LPC55S69_Project_LAb4_MO.o
 .debug_rnglists
                0x0000000000000345       0x97 ./source/oled.o
 .debug_rnglists
                0x00000000000003dc       0x13 ./source/semihost_hardfault.o
 .debug_rnglists
                0x00000000000003ef      0x1b8 ./drivers/fsl_clock.o
 .debug_rnglists
                0x00000000000005a7       0x26 ./drivers/fsl_common_arm.o
 .debug_rnglists
                0x00000000000005cd       0x67 ./drivers/fsl_flexcomm.o
 .debug_rnglists
                0x0000000000000634      0x171 ./drivers/fsl_i2c.o
 .debug_rnglists
                0x00000000000007a5       0x2b ./drivers/fsl_inputmux.o
 .debug_rnglists
                0x00000000000007d0       0xe3 ./drivers/fsl_pint.o
 .debug_rnglists
                0x00000000000008b3       0x9e ./drivers/fsl_power.o
 .debug_rnglists
                0x0000000000000951       0x1f ./drivers/fsl_reset.o
 .debug_rnglists
                0x0000000000000970       0x4c ./drivers/fsl_rtc.o
 .debug_rnglists
                0x00000000000009bc       0xbf ./drivers/fsl_usart.o
 .debug_rnglists
                0x0000000000000a7b       0x63 ./device/system_LPC55S69_cm33_core0.o
 .debug_rnglists
                0x0000000000000ade       0x3e ./component/uart/fsl_adapter_usart.o
 .debug_rnglists
                0x0000000000000b1c       0x73 ./component/serial_manager/fsl_component_serial_manager.o
 .debug_rnglists
                0x0000000000000b8f       0x31 ./component/serial_manager/fsl_component_serial_port_uart.o
 .debug_rnglists
                0x0000000000000bc0       0x19 ./board/board.o
 .debug_rnglists
                0x0000000000000bd9       0x3a ./board/clock_config.o
 .debug_rnglists
                0x0000000000000c13       0x49 ./board/peripherals.o
 .debug_rnglists
                0x0000000000000c5c       0x5a ./board/pin_mux.o

.debug_macro    0x0000000000000000    0x1914d
 .debug_macro   0x0000000000000000      0x17a ./utilities/fsl_assert.o
 .debug_macro   0x000000000000017a      0xaf6 ./utilities/fsl_assert.o
 .debug_macro   0x0000000000000c70       0x10 ./utilities/fsl_assert.o
 .debug_macro   0x0000000000000c80       0x1c ./utilities/fsl_assert.o
 .debug_macro   0x0000000000000c9c       0x22 ./utilities/fsl_assert.o
 .debug_macro   0x0000000000000cbe      0x12e ./utilities/fsl_assert.o
 .debug_macro   0x0000000000000dec      0x5b3 ./utilities/fsl_assert.o
 .debug_macro   0x000000000000139f       0x22 ./utilities/fsl_assert.o
 .debug_macro   0x00000000000013c1       0x10 ./utilities/fsl_assert.o
 .debug_macro   0x00000000000013d1       0x46 ./utilities/fsl_assert.o
 .debug_macro   0x0000000000001417       0x1c ./utilities/fsl_assert.o
 .debug_macro   0x0000000000001433       0x29 ./utilities/fsl_assert.o
 .debug_macro   0x000000000000145c       0xfb ./utilities/fsl_assert.o
 .debug_macro   0x0000000000001557     0x167e ./utilities/fsl_assert.o
 .debug_macro   0x0000000000002bd5       0x5e ./utilities/fsl_assert.o
 .debug_macro   0x0000000000002c33       0x2e ./utilities/fsl_assert.o
 .debug_macro   0x0000000000002c61    0x11716 ./utilities/fsl_assert.o
 .debug_macro   0x0000000000014377      0x466 ./utilities/fsl_assert.o
 .debug_macro   0x00000000000147dd       0x7a ./utilities/fsl_assert.o
 .debug_macro   0x0000000000014857       0xaf ./utilities/fsl_assert.o
 .debug_macro   0x0000000000014906      0x2ca ./utilities/fsl_assert.o
 .debug_macro   0x0000000000014bd0       0x16 ./utilities/fsl_assert.o
 .debug_macro   0x0000000000014be6       0xee ./utilities/fsl_assert.o
 .debug_macro   0x0000000000014cd4       0x7a ./utilities/fsl_assert.o
 .debug_macro   0x0000000000014d4e       0x47 ./utilities/fsl_assert.o
 .debug_macro   0x0000000000014d95       0x16 ./utilities/fsl_assert.o
 .debug_macro   0x0000000000014dab       0x6d ./utilities/fsl_assert.o
 .debug_macro   0x0000000000014e18       0x16 ./utilities/fsl_assert.o
 .debug_macro   0x0000000000014e2e       0x1c ./utilities/fsl_assert.o
 .debug_macro   0x0000000000014e4a       0x1c ./utilities/fsl_assert.o
 .debug_macro   0x0000000000014e66      0x1f1 ./utilities/fsl_debug_console.o
 .debug_macro   0x0000000000015057       0x16 ./utilities/fsl_debug_console.o
 .debug_macro   0x000000000001506d       0x10 ./utilities/fsl_debug_console.o
 .debug_macro   0x000000000001507d       0x28 ./utilities/fsl_debug_console.o
 .debug_macro   0x00000000000150a5       0x3c ./utilities/fsl_debug_console.o
 .debug_macro   0x00000000000150e1       0x1c ./utilities/fsl_debug_console.o
 .debug_macro   0x00000000000150fd       0x1c ./utilities/fsl_debug_console.o
 .debug_macro   0x0000000000015119      0x174 ./utilities/fsl_str.o