Archive member included to satisfy reference by file (symbol)

/Applications/MCUXpressoIDE_11.8.0_1165/ide/plugins/com.nxp.mcuxpresso.tools.macosx_11.8.0.202306131047/tools/bin/../lib/gcc/arm-none-eabi/12.2.1/../../../../arm-none-eabi/lib/thumb/v8-m.main+fp/hard/libcr_nohost_nf.a(_cr__main.o)
                              ./startup/startup_lpc55s69_cm33_core0.o (__main)
/Applications/MCUXpressoIDE_11.8.0_1165/ide/plugins/com.nxp.mcuxpresso.tools.macosx_11.8.0.202306131047/tools/bin/../lib/gcc/arm-none-eabi/12.2.1/../../../../arm-none-eabi/lib/thumb/v8-m.main+fp/hard/libcr_c.a(memcpy.o)
                              ./utilities/fsl_str.o (memcpy)
/Applications/MCUXpressoIDE_11.8.0_1165/ide/plugins/com.nxp.mcuxpresso.tools.macosx_11.8.0.202306131047/tools/bin/../lib/gcc/arm-none-eabi/12.2.1/../../../../arm-none-eabi/lib/thumb/v8-m.main+fp/hard/libcr_c.a(memset.o)
                              ./utilities/fsl_debug_console.o (memset)
/Applications/MCUXpressoIDE_11.8.0_1165/ide/plugins/com.nxp.mcuxpresso.tools.macosx_11.8.0.202306131047/tools/bin/../lib/gcc/arm-none-eabi/12.2.1/../../../../arm-none-eabi/lib/thumb/v8-m.main+fp/hard/libcr_c.a(alloc.o)
                              ./drivers/fsl_common.o (malloc)
/Applications/MCUXpressoIDE_11.8.0_1165/ide/plugins/com.nxp.mcuxpresso.tools.macosx_11.8.0.202306131047/tools/bin/../lib/gcc/arm-none-eabi/12.2.1/../../../../arm-none-eabi/lib/thumb/v8-m.main+fp/hard/libcr_c.a(errno.o)
                              ./utilities/fsl_str.o (errno)
/Applications/MCUXpressoIDE_11.8.0_1165/ide/plugins/com.nxp.mcuxpresso.tools.macosx_11.8.0.202306131047/tools/bin/../lib/gcc/arm-none-eabi/12.2.1/../../../../arm-none-eabi/lib/thumb/v8-m.main+fp/hard/libcr_c.a(initio.o)
                              /Applications/MCUXpressoIDE_11.8.0_1165/ide/plugins/com.nxp.mcuxpresso.tools.macosx_11.8.0.202306131047/tools/bin/../lib/gcc/arm-none-eabi/12.2.1/../../../../arm-none-eabi/lib/thumb/v8-m.main+fp/hard/libcr_nohost_nf.a(_cr__main.o) (_initio)
/Applications/MCUXpressoIDE_11.8.0_1165/ide/plugins/com.nxp.mcuxpresso.tools.macosx_11.8.0.202306131047/tools/bin/../lib/gcc/arm-none-eabi/12.2.1/../../../../arm-none-eabi/lib/thumb/v8-m.main+fp/hard/libcr_c.a(scanf.o)
                              ./utilities/fsl_str.o (strtoul)
/Applications/MCUXpressoIDE_11.8.0_1165/ide/plugins/com.nxp.mcuxpresso.tools.macosx_11.8.0.202306131047/tools/bin/../lib/gcc/arm-none-eabi/12.2.1/../../../../arm-none-eabi/lib/thumb/v8-m.main+fp/hard/libcr_c.a(setvbuf.o)
                              /Applications/MCUXpressoIDE_11.8.0_1165/ide/plugins/com.nxp.mcuxpresso.tools.macosx_11.8.0.202306131047/tools/bin/../lib/gcc/arm-none-eabi/12.2.1/../../../../arm-none-eabi/lib/thumb/v8-m.main+fp/hard/libcr_c.a(initio.o) (setvbuf)
/Applications/MCUXpressoIDE_11.8.0_1165/ide/plugins/com.nxp.mcuxpresso.tools.macosx_11.8.0.202306131047/tools/bin/../lib/gcc/arm-none-eabi/12.2.1/../../../../arm-none-eabi/lib/thumb/v8-m.main+fp/hard/libcr_c.a(strlen.o)
                              ./utilities/fsl_str.o (strlen)
/Applications/MCUXpressoIDE_11.8.0_1165/ide/plugins/com.nxp.mcuxpresso.tools.macosx_11.8.0.202306131047/tools/bin/../lib/gcc/arm-none-eabi/12.2.1/../../../../arm-none-eabi/lib/thumb/v8-m.main+fp/hard/libcr_c.a(ungetc.o)
                              /Applications/MCUXpressoIDE_11.8.0_1165/ide/plugins/com.nxp.mcuxpresso.tools.macosx_11.8.0.202306131047/tools/bin/../lib/gcc/arm-none-eabi/12.2.1/../../../../arm-none-eabi/lib/thumb/v8-m.main+fp/hard/libcr_c.a(scanf.o) (ungetc)
/Applications/MCUXpressoIDE_11.8.0_1165/ide/plugins/com.nxp.mcuxpresso.tools.macosx_11.8.0.202306131047/tools/bin/../lib/gcc/arm-none-eabi/12.2.1/../../../../arm-none-eabi/lib/thumb/v8-m.main+fp/hard/libcr_c.a(__fillbuf.o)
                              /Applications/MCUXpressoIDE_11.8.0_1165/ide/plugins/com.nxp.mcuxpresso.tools.macosx_11.8.0.202306131047/tools/bin/../lib/gcc/arm-none-eabi/12.2.1/../../../../arm-none-eabi/lib/thumb/v8-m.main+fp/hard/libcr_c.a(scanf.o) (__filbuf)
/Applications/MCUXpressoIDE_11.8.0_1165/ide/plugins/com.nxp.mcuxpresso.tools.macosx_11.8.0.202306131047/tools/bin/../lib/gcc/arm-none-eabi/12.2.1/../../../../arm-none-eabi/lib/thumb/v8-m.main+fp/hard/libcr_c.a(__init_alloc.o)
                              /Applications/MCUXpressoIDE_11.8.0_1165/ide/plugins/com.nxp.mcuxpresso.tools.macosx_11.8.0.202306131047/tools/bin/../lib/gcc/arm-none-eabi/12.2.1/../../../../arm-none-eabi/lib/thumb/v8-m.main+fp/hard/libcr_c.a(alloc.o) (__heaps)
/Applications/MCUXpressoIDE_11.8.0_1165/ide/plugins/com.nxp.mcuxpresso.tools.macosx_11.8.0.202306131047/tools/bin/../lib/gcc/arm-none-eabi/12.2.1/../../../../arm-none-eabi/lib/thumb/v8-m.main+fp/hard/libcr_c.a(_cr_sbrk.o)
                              /Applications/MCUXpressoIDE_11.8.0_1165/ide/plugins/com.nxp.mcuxpresso.tools.macosx_11.8.0.202306131047/tools/bin/../lib/gcc/arm-none-eabi/12.2.1/../../../../arm-none-eabi/lib/thumb/v8-m.main+fp/hard/libcr_c.a(alloc.o) (_sbrk)
[...]
Memory Configuration

Name             Origin             Length             Attributes
PROGRAM_FLASH    0x0000000000000000 0x000000000009d800 xr
SRAM             0x0000000020000000 0x0000000000040000 xrw
SRAMX            0x0000000004000000 0x0000000000008000 xrw
USB_RAM          0x0000000040100000 0x0000000000004000 xrw
SRAM4            0x0000000020040000 0x0000000000004000 xrw
*default*        0x0000000000000000 0xffffffffffffffff

Linker script and memory map

LOAD ./utilities/fsl_assert.o
LOAD ./utilities/fsl_debug_console.o
LOAD ./utilities/fsl_str.o
LOAD ./startup/boot_multicore_slave.o
LOAD ./startup/startup_lpc55s69_cm33_core0.o
LOAD ./source/PSW_Lab01_MO.o
LOAD ./source/semihost_hardfault.o
LOAD ./drivers/fsl_clock.o
LOAD ./drivers/fsl_common.o
LOAD ./drivers/fsl_common_arm.o
LOAD ./drivers/fsl_flexcomm.o
LOAD ./drivers/fsl_gpio.o
LOAD ./drivers/fsl_i2c.o
LOAD ./drivers/fsl_power.o
LOAD ./drivers/fsl_reset.o
LOAD ./drivers/fsl_usart.o
LOAD ./device/system_LPC55S69_cm33_core0.o
LOAD ./component/uart/fsl_adapter_usart.o
LOAD ./component/serial_manager/fsl_component_serial_manager.o
LOAD ./component/serial_manager/fsl_component_serial_port_uart.o
LOAD ./component/lists/fsl_component_generic_list.o
LOAD ./board/board.o
LOAD ./board/clock_config.o
LOAD ./board/peripherals.o
LOAD ./board/pin_mux.o
START GROUP
LOAD /Applications/MCUXpressoIDE_11.8.0_1165/ide/plugins/com.nxp.mcuxpresso.tools.macosx_11.8.0.202306131047/tools/bin/../lib/gcc/arm-none-eabi/12.2.1/../../../../arm-none-eabi/lib/thumb/v8-m.main+fp/hard/libcr_nohost_nf.a
LOAD /Applications/MCUXpressoIDE_11.8.0_1165/ide/plugins/com.nxp.mcuxpresso.tools.macosx_11.8.0.202306131047/tools/bin/../lib/gcc/arm-none-eabi/12.2.1/../../../../arm-none-eabi/lib/thumb/v8-m.main+fp/hard/libcr_c.a
LOAD /Applications/MCUXpressoIDE_11.8.0_1165/ide/plugins/com.nxp.mcuxpresso.tools.macosx_11.8.0.202306131047/tools/bin/../lib/gcc/arm-none-eabi/12.2.1/thumb/v8-m.main+fp/hard/libcr_eabihelpers.a
LOAD /Applications/MCUXpressoIDE_11.8.0_1165/ide/plugins/com.nxp.mcuxpresso.tools.macosx_11.8.0.202306131047/tools/bin/../lib/gcc/arm-none-eabi/12.2.1/thumb/v8-m.main+fp/hard/libgcc.a
END GROUP
                0x0000000000000000                __base_PROGRAM_FLASH = 0x0
                0x0000000000000000                __base_Flash = 0x0
                0x000000000009d800                __top_PROGRAM_FLASH = 0x9d800
                0x000000000009d800                __top_Flash = 0x9d800
                0x0000000020000000                __base_SRAM = 0x20000000
                0x0000000020000000                __base_RAM = 0x20000000
                0x0000000020040000                __top_SRAM = 0x20040000
                0x0000000020040000                __top_RAM = 0x20040000
                0x0000000004000000                __base_SRAMX = 0x4000000
                0x0000000004000000                __base_RAM2 = 0x4000000
                0x0000000004008000                __top_SRAMX = 0x4008000
                0x0000000004008000                __top_RAM2 = 0x4008000
                0x0000000040100000                __base_USB_RAM = 0x40100000
                0x0000000040100000                __base_RAM3 = 0x40100000
                0x0000000040104000                __top_USB_RAM = 0x40104000
                0x0000000040104000                __top_RAM3 = 0x40104000
                0x0000000020040000                __base_SRAM4 = 0x20040000
                0x0000000020040000                __base_RAM4 = 0x20040000
                0x0000000020044000                __top_SRAM4 = 0x20044000
                0x0000000020044000                __top_RAM4 = 0x20044000

.text           0x0000000000000000     0x3934
 FILL mask 0xff
                0x0000000000000000                __vectors_start__ = ABSOLUTE (.)
 *(SORT_BY_ALIGNMENT(.isr_vector))
 .isr_vector    0x0000000000000000      0x130 ./startup/startup_lpc55s69_cm33_core0.o
                0x0000000000000000                __Vectors
                0x0000000000000000                g_pfnVectors
                0x0000000000000130                . = ALIGN (0x4)
                0x0000000000000130                __section_table_start = .
                0x0000000000000130                __data_section_table = .
                0x0000000000000130        0x4 LONG 0x3934 LOADADDR (.data)
                0x0000000000000134        0x4 LONG 0x20000000 ADDR (.data)
                0x0000000000000138        0x4 LONG 0x8 SIZEOF (.data)
                0x000000000000013c        0x4 LONG 0x3934 LOADADDR (.data_RAM2)
                0x0000000000000140        0x4 LONG 0x4000000 ADDR (.data_RAM2)
                0x0000000000000144        0x4 LONG 0x0 SIZEOF (.data_RAM2)
                0x0000000000000148        0x4 LONG 0x3934 LOADADDR (.data_RAM3)
                0x000000000000014c        0x4 LONG 0x40100000 ADDR (.data_RAM3)
                0x0000000000000150        0x4 LONG 0x0 SIZEOF (.data_RAM3)
                0x0000000000000154        0x4 LONG 0x3934 LOADADDR (.data_RAM4)
                0x0000000000000158        0x4 LONG 0x20040000 ADDR (.data_RAM4)
                0x000000000000015c        0x4 LONG 0x0 SIZEOF (.data_RAM4)
                0x0000000000000160                __data_section_table_end = .
                0x0000000000000160                __bss_section_table = .
                0x0000000000000160        0x4 LONG 0x20000008 ADDR (.bss)
                0x0000000000000164        0x4 LONG 0x12c SIZEOF (.bss)
                0x0000000000000168        0x4 LONG 0x4000000 ADDR (.bss_RAM2)
                0x000000000000016c        0x4 LONG 0x0 SIZEOF (.bss_RAM2)
                0x0000000000000170        0x4 LONG 0x40100000 ADDR (.bss_RAM3)
                0x0000000000000174        0x4 LONG 0x0 SIZEOF (.bss_RAM3)
                0x0000000000000178        0x4 LONG 0x20040000 ADDR (.bss_RAM4)
                0x000000000000017c        0x4 LONG 0x0 SIZEOF (.bss_RAM4)
                0x0000000000000180                __bss_section_table_end = .
                0x0000000000000180                __section_table_end = .
 *(SORT_BY_ALIGNMENT(.after_vectors*))
 .after_vectors.reset
                0x0000000000000180       0x68 ./startup/startup_lpc55s69_cm33_core0.o
                0x0000000000000180                ResetISR
 .after_vectors.init_data
                0x00000000000001e8       0x1e ./startup/startup_lpc55s69_cm33_core0.o
                0x00000000000001e8                data_init
 .after_vectors.init_bss
                0x0000000000000206       0x12 ./startup/startup_lpc55s69_cm33_core0.o
                0x0000000000000206                bss_init
 .after_vectors
                0x0000000000000218       0x16 ./startup/startup_lpc55s69_cm33_core0.o
                0x0000000000000218                NMI_Handler
                0x000000000000021c                MemManage_Handler
                0x000000000000021e                BusFault_Handler
                0x0000000000000220                UsageFault_Handler
                0x0000000000000222                SecureFault_Handler
                0x0000000000000224                SVC_Handler
                0x0000000000000226                DebugMon_Handler
                0x0000000000000228                PendSV_Handler
                0x000000000000022a                SysTick_Handler
                0x000000000000022c                CTIMER2_DriverIRQHandler
                0x000000000000022c                IntDefaultHandler
                0x000000000000022c                USB0_DriverIRQHandler
                0x000000000000022c                CASER_DriverIRQHandler
                0x000000000000022c                MRT0_DriverIRQHandler
                0x000000000000022c                UTICK0_DriverIRQHandler
                0x000000000000022c                Reserved41_DriverIRQHandler
                0x000000000000022c                PIN_INT4_DriverIRQHandler
                0x000000000000022c                PIN_INT5_DriverIRQHandler
                0x000000000000022c                SEC_GPIO_INT0_IRQ0_DriverIRQHandler
                0x000000000000022c                CTIMER4_DriverIRQHandler
                0x000000000000022c                GINT1_DriverIRQHandler
                0x000000000000022c                PIN_INT7_DriverIRQHandler
                0x000000000000022c                Reserved55_DriverIRQHandler
                0x000000000000022c                HASHCRYPT_DriverIRQHandler
                0x000000000000022c                USB0_NEEDCLK_DriverIRQHandler
                0x000000000000022c                CTIMER0_DriverIRQHandler
                0x000000000000022c                CTIMER1_DriverIRQHandler
                0x000000000000022c                PIN_INT6_DriverIRQHandler
                0x000000000000022c                PQ_DriverIRQHandler
                0x000000000000022c                MAILBOX_DriverIRQHandler
                0x000000000000022c                PIN_INT1_DriverIRQHandler
                0x000000000000022c                CTIMER3_DriverIRQHandler
                0x000000000000022c                Reserved61_DriverIRQHandler
                0x000000000000022c                SEC_GPIO_INT0_IRQ1_DriverIRQHandler
                0x000000000000022c                PUF_DriverIRQHandler
                0x000000000000022c                RTC_DriverIRQHandler
                0x000000000000022c                USB1_DriverIRQHandler
                0x000000000000022c                Reserved60_DriverIRQHandler
                0x000000000000022c                DMA1_DriverIRQHandler
                0x000000000000022c                ADC0_DriverIRQHandler
                0x000000000000022c                USB1_NEEDCLK_DriverIRQHandler
                0x000000000000022c                Reserved59_DriverIRQHandler
                0x000000000000022c                SDIO_DriverIRQHandler
                0x000000000000022c                GINT0_DriverIRQHandler
                0x000000000000022c                USB1_PHY_DriverIRQHandler
                0x000000000000022c                ACMP_DriverIRQHandler
                0x000000000000022c                Reserved57_DriverIRQHandler
                0x000000000000022c                Reserved46_DriverIRQHandler
                0x000000000000022c                WDT_BOD_DriverIRQHandler
                0x000000000000022c                SCT0_DriverIRQHandler
                0x000000000000022c                PLU_DriverIRQHandler
                0x000000000000022c                OS_EVENT_DriverIRQHandler
                0x000000000000022c                SEC_HYPERVISOR_CALL_DriverIRQHandler
                0x000000000000022c                Reserved39_DriverIRQHandler
                0x000000000000022c                DMA0_DriverIRQHandler
                0x000000000000022c                Reserved42_DriverIRQHandler
                0x000000000000022c                SEC_VIO_DriverIRQHandler
                0x000000000000022c                PIN_INT3_DriverIRQHandler
                0x000000000000022c                PIN_INT2_DriverIRQHandler
                0x000000000000022c                Reserved56_DriverIRQHandler
                0x000000000000022c                PIN_INT0_DriverIRQHandler
 *(SORT_BY_ALIGNMENT(.text*))
 *fill*         0x000000000000022e        0x2 ff
 .text.__assertion_failed
                0x0000000000000230       0x18 ./utilities/fsl_assert.o
                0x0000000000000230                __assertion_failed
 .text.DbgConsole_SendDataReliable
                0x0000000000000248       0x54 ./utilities/fsl_debug_console.o
                0x0000000000000248                DbgConsole_SendDataReliable
 .text.DbgConsole_Init
                0x000000000000029c      0x138 ./utilities/fsl_debug_console.o
                0x000000000000029c                DbgConsole_Init
 .text.DbgConsole_Vprintf
                0x00000000000003d4       0x6c ./utilities/fsl_debug_console.o
                0x00000000000003d4                DbgConsole_Vprintf
 .text.main     0x0000000000000440       0x5c ./source/PSW_Lab01_MO.o
                0x0000000000000440                main
 .text.POWER_EnablePD
                0x000000000000049c       0x20 ./drivers/fsl_clock.o
 .text.POWER_DisablePD
                0x00000000000004bc       0x20 ./drivers/fsl_clock.o
 .text.CLOCK_AttachClk
                0x00000000000004dc       0xa0 ./drivers/fsl_clock.o
                0x00000000000004dc                CLOCK_AttachClk
 .text.CLOCK_SetClkDiv
                0x000000000000057c       0x80 ./drivers/fsl_clock.o
                0x000000000000057c                CLOCK_SetClkDiv
 .text.CLOCK_SetupFROClocking
                0x00000000000005fc       0x80 ./drivers/fsl_clock.o
                0x00000000000005fc                CLOCK_SetupFROClocking
 .text.CLOCK_SetFLASHAccessCyclesForFreq
                0x000000000000067c      0x17c ./drivers/fsl_clock.o
                0x000000000000067c                CLOCK_SetFLASHAccessCyclesForFreq
 .text.CLOCK_SetupExtClocking
                0x00000000000007f8       0x50 ./drivers/fsl_clock.o
                0x00000000000007f8                CLOCK_SetupExtClocking
 .text.CLOCK_GetFro1MFreq
                0x0000000000000848       0x28 ./drivers/fsl_clock.o
                0x0000000000000848                CLOCK_GetFro1MFreq
 .text.CLOCK_GetExtClkFreq
                0x0000000000000870       0x2c ./drivers/fsl_clock.o
                0x0000000000000870                CLOCK_GetExtClkFreq
 .text.CLOCK_GetOsc32KFreq
                0x000000000000089c       0x58 ./drivers/fsl_clock.o
                0x000000000000089c                CLOCK_GetOsc32KFreq
 .text.CLOCK_GetPLL0InClockRate
                0x00000000000008f4       0x64 ./drivers/fsl_clock.o
                0x00000000000008f4                CLOCK_GetPLL0InClockRate
 .text.CLOCK_SetPLL0Freq
                0x0000000000000958      0x14c ./drivers/fsl_clock.o
                0x0000000000000958                CLOCK_SetPLL0Freq
 .text.SDK_DelayAtLeastUs
                0x0000000000000aa4       0x8c ./drivers/fsl_common_arm.o
                0x0000000000000aa4                SDK_DelayAtLeastUs
 .text.FLEXCOMM_GetInstance
                0x0000000000000b30       0x50 ./drivers/fsl_flexcomm.o
                0x0000000000000b30                FLEXCOMM_GetInstance
 .text.FLEXCOMM_Init
                0x0000000000000b80       0x50 ./drivers/fsl_flexcomm.o
                0x0000000000000b80                FLEXCOMM_Init
 .text.FLEXCOMM0_DriverIRQHandler
                0x0000000000000bd0       0x5c ./drivers/fsl_flexcomm.o
                0x0000000000000bd0                FLEXCOMM0_DriverIRQHandler
 .text.FLEXCOMM1_DriverIRQHandler
                0x0000000000000c2c       0x5c ./drivers/fsl_flexcomm.o
                0x0000000000000c2c                FLEXCOMM1_DriverIRQHandler
 .text.FLEXCOMM2_DriverIRQHandler
                0x0000000000000c88       0x5c ./drivers/fsl_flexcomm.o
                0x0000000000000c88                FLEXCOMM2_DriverIRQHandler
 .text.FLEXCOMM3_DriverIRQHandler
                0x0000000000000ce4       0x5c ./drivers/fsl_flexcomm.o
                0x0000000000000ce4                FLEXCOMM3_DriverIRQHandler
 .text.FLEXCOMM4_DriverIRQHandler
                0x0000000000000d40       0x5c ./drivers/fsl_flexcomm.o
                0x0000000000000d40                FLEXCOMM4_DriverIRQHandler
 .text.FLEXCOMM5_DriverIRQHandler
                0x0000000000000d9c       0x5c ./drivers/fsl_flexcomm.o
                0x0000000000000d9c                FLEXCOMM5_DriverIRQHandler
 .text.FLEXCOMM6_DriverIRQHandler
                0x0000000000000df8       0x5c ./drivers/fsl_flexcomm.o
                0x0000000000000df8                FLEXCOMM6_DriverIRQHandler
 .text.FLEXCOMM7_DriverIRQHandler
                0x0000000000000e54       0x5c ./drivers/fsl_flexcomm.o
                0x0000000000000e54                FLEXCOMM7_DriverIRQHandler
 .text.FLEXCOMM8_DriverIRQHandler
                0x0000000000000eb0       0x5c ./drivers/fsl_flexcomm.o
                0x0000000000000eb0                FLEXCOMM8_DriverIRQHandler
 .text.GPIO_EnablePortClock
                0x0000000000000f0c       0x34 ./drivers/fsl_gpio.o
 .text.lowpower_set_system_voltage
                0x0000000000000f40      0x154 ./drivers/fsl_power.o
 .text.lowpower_set_dcdc_power_profile
                0x0000000000001094       0xec ./drivers/fsl_power.o
 .text.lowpower_get_part_process_corner
                0x0000000000001180       0x94 ./drivers/fsl_power.o
 .text.POWER_SetVoltageForFreq
                0x0000000000001214       0x50 ./drivers/fsl_power.o
                0x0000000000001214                POWER_SetVoltageForFreq
 .text.RESET_SetPeripheralReset
                0x0000000000001264       0x5c ./drivers/fsl_reset.o
                0x0000000000001264                RESET_SetPeripheralReset
 .text.RESET_ClearPeripheralReset
                0x00000000000012c0       0x60 ./drivers/fsl_reset.o
                0x00000000000012c0                RESET_ClearPeripheralReset
 .text.USART_Init
                0x0000000000001320      0x1cc ./drivers/fsl_usart.o
                0x0000000000001320                USART_Init
 .text.USART_GetDefaultConfig
                0x00000000000014ec       0x80 ./drivers/fsl_usart.o
                0x00000000000014ec                USART_GetDefaultConfig
 .text.USART_SetBaudRate
                0x000000000000156c      0x18c ./drivers/fsl_usart.o
                0x000000000000156c                USART_SetBaudRate
 .text.USART_WriteBlocking
                0x00000000000016f8       0x8c ./drivers/fsl_usart.o
                0x00000000000016f8                USART_WriteBlocking
 .text.SystemInit
                0x0000000000001784       0x64 ./device/system_LPC55S69_cm33_core0.o
                0x0000000000001784                SystemInit
 .text.HAL_UartInitCommon
                0x00000000000017e8      0x110 ./component/uart/fsl_adapter_usart.o
 .text.HAL_UartSendBlocking
                0x00000000000018f8       0x64 ./component/uart/fsl_adapter_usart.o
                0x00000000000018f8                HAL_UartSendBlocking
 .text.BOARD_InitDebugConsole
                0x000000000000195c       0x38 ./board/board.o
                0x000000000000195c                BOARD_InitDebugConsole
 .text.POWER_DisablePD
                0x0000000000001994       0x20 ./board/clock_config.o
 .text.BOARD_BootClockPLL150M
                0x00000000000019b4       0xe0 ./board/clock_config.o
                0x00000000000019b4                BOARD_BootClockPLL150M
 .text.BOARD_InitDEBUG_UARTPins
                0x0000000000001a94       0x3c ./board/pin_mux.o
                0x0000000000001a94                BOARD_InitDEBUG_UARTPins
 .text.BOARD_InitLEDsPins
                0x0000000000001ad0       0x94 ./board/pin_mux.o
                0x0000000000001ad0                BOARD_InitLEDsPins
 .text.BOARD_InitBUTTONsPins
                0x0000000000001b64       0xbc ./board/pin_mux.o
                0x0000000000001b64                BOARD_InitBUTTONsPins
 .text._initio  0x0000000000001c20       0x78 /Applications/MCUXpressoIDE_11.8.0_1165/ide/plugins/com.nxp.mcuxpresso.tools.macosx_11.8.0.202306131047/tools/bin/../lib/gcc/arm-none-eabi/12.2.1/../../../../arm-none-eabi/lib/thumb/v8-m.main+fp/hard/libcr_c.a(initio.o)
                0x0000000000001c20                _initio
 .text._Cwritebuf
                0x0000000000001c98       0x6c /Applications/MCUXpressoIDE_11.8.0_1165/ide/plugins/com.nxp.mcuxpresso.tools.macosx_11.8.0.202306131047/tools/bin/../lib/gcc/arm-none-eabi/12.2.1/../../../../arm-none-eabi/lib/thumb/v8-m.main+fp/hard/libcr_c.a(_writebuf.o)
                0x0000000000001c98                _Cwritebuf
 .text.fflush   0x0000000000001d04       0x3c /Applications/MCUXpressoIDE_11.8.0_1165/ide/plugins/com.nxp.mcuxpresso.tools.macosx_11.8.0.202306131047/tools/bin/../lib/gcc/arm-none-eabi/12.2.1/../../../../arm-none-eabi/lib/thumb/v8-m.main+fp/hard/libcr_c.a(fflush.o)
                0x0000000000001d04                fflush
 .text.fseek    0x0000000000001d40       0xf8 /Applications/MCUXpressoIDE_11.8.0_1165/ide/plugins/com.nxp.mcuxpresso.tools.macosx_11.8.0.202306131047/tools/bin/../lib/gcc/arm-none-eabi/12.2.1/../../../../arm-none-eabi/lib/thumb/v8-m.main+fp/hard/libcr_c.a(fseek.o)
                0x0000000000001d40                fseek
 .text.ftell    0x0000000000001e38       0x44 /Applications/MCUXpressoIDE_11.8.0_1165/ide/plugins/com.nxp.mcuxpresso.tools.macosx_11.8.0.202306131047/tools/bin/../lib/gcc/arm-none-eabi/12.2.1/../../../../arm-none-eabi/lib/thumb/v8-m.main+fp/hard/libcr_c.a(ftell.o)
                0x0000000000001e38                ftell
 .text.DbgConsole_PrintCallback
                0x0000000000001e7c       0x66 ./utilities/fsl_debug_console.o
 .text.DbgConsole_Printf
                0x0000000000001ee2       0x2c ./utilities/fsl_debug_console.o
                0x0000000000001ee2                DbgConsole_Printf
 .text.PrintGetWidth
                0x0000000000001f0e       0x6a ./utilities/fsl_str.o
 .text.PrintGetPrecision
                0x0000000000001f78       0x8c ./utilities/fsl_str.o
 .text.PrintIsobpu
                0x0000000000002004       0x38 ./utilities/fsl_str.o
 .text.PrintIsdi
                0x000000000000203c       0x2c ./utilities/fsl_str.o
 .text.PrintOutputdifFobpu
                0x0000000000002068       0x44 ./utilities/fsl_str.o
 .text.PrintOutputxX
                0x00000000000020ac       0x44 ./utilities/fsl_str.o
 .text.PrintIsfF
                0x00000000000020f0       0x2c ./utilities/fsl_str.o
 .text.PrintIsxX
                0x000000000000211c       0x2c ./utilities/fsl_str.o
 .text.PrintFilterLengthFlag
                0x0000000000002148       0x3e ./utilities/fsl_str.o
 .text.PrintGetRadixFromobpu
                0x0000000000002186       0x40 ./utilities/fsl_str.o
 .text.ConvertRadixNumToString
                0x00000000000021c6       0xc2 ./utilities/fsl_str.o
 .text.StrFormatPrintf
                0x0000000000002288      0x2ac ./utilities/fsl_str.o
                0x0000000000002288                StrFormatPrintf
 .text.WDT_BOD_IRQHandler
                0x0000000000002534        0x8 ./startup/startup_lpc55s69_cm33_core0.o
                0x0000000000002534                WDT_BOD_IRQHandler
 .text.DMA0_IRQHandler
                0x000000000000253c        0x8 ./startup/startup_lpc55s69_cm33_core0.o
                0x000000000000253c                DMA0_IRQHandler
 .text.GINT0_IRQHandler
                0x0000000000002544        0x8 ./startup/startup_lpc55s69_cm33_core0.o
                0x0000000000002544                GINT0_IRQHandler
 .text.GINT1_IRQHandler
                0x000000000000254c        0x8 ./startup/startup_lpc55s69_cm33_core0.o
                0x000000000000254c                GINT1_IRQHandler
 .text.PIN_INT0_IRQHandler
                0x0000000000002554        0x8 ./startup/startup_lpc55s69_cm33_core0.o
                0x0000000000002554                PIN_INT0_IRQHandler
 .text.PIN_INT1_IRQHandler
                0x000000000000255c        0x8 ./startup/startup_lpc55s69_cm33_core0.o
                0x000000000000255c                PIN_INT1_IRQHandler
 .text.PIN_INT2_IRQHandler
                0x0000000000002564        0x8 ./startup/startup_lpc55s69_cm33_core0.o
                0x0000000000002564                PIN_INT2_IRQHandler
 .text.PIN_INT3_IRQHandler
                0x000000000000256c        0x8 ./startup/startup_lpc55s69_cm33_core0.o
                0x000000000000256c                PIN_INT3_IRQHandler
 .text.UTICK0_IRQHandler
                0x0000000000002574        0x8 ./startup/startup_lpc55s69_cm33_core0.o
                0x0000000000002574                UTICK0_IRQHandler
 .text.MRT0_IRQHandler
                0x000000000000257c        0x8 ./startup/startup_lpc55s69_cm33_core0.o
                0x000000000000257c                MRT0_IRQHandler
 .text.CTIMER0_IRQHandler
                0x0000000000002584        0x8 ./startup/startup_lpc55s69_cm33_core0.o
                0x0000000000002584                CTIMER0_IRQHandler
 .text.CTIMER1_IRQHandler
                0x000000000000258c        0x8 ./startup/startup_lpc55s69_cm33_core0.o
                0x000000000000258c                CTIMER1_IRQHandler
 .text.SCT0_IRQHandler
                0x0000000000002594        0x8 ./startup/startup_lpc55s69_cm33_core0.o
                0x0000000000002594                SCT0_IRQHandler
 .text.CTIMER3_IRQHandler
                0x000000000000259c        0x8 ./startup/startup_lpc55s69_cm33_core0.o
                0x000000000000259c                CTIMER3_IRQHandler
 .text.FLEXCOMM0_IRQHandler
                0x00000000000025a4        0x8 ./startup/startup_lpc55s69_cm33_core0.o
                0x00000000000025a4                FLEXCOMM0_IRQHandler
 .text.FLEXCOMM1_IRQHandler
                0x00000000000025ac        0x8 ./startup/startup_lpc55s69_cm33_core0.o
                0x00000000000025ac                FLEXCOMM1_IRQHandler
 .text.FLEXCOMM2_IRQHandler
                0x00000000000025b4        0x8 ./startup/startup_lpc55s69_cm33_core0.o
                0x00000000000025b4                FLEXCOMM2_IRQHandler
 .text.FLEXCOMM3_IRQHandler
                0x00000000000025bc        0x8 ./startup/startup_lpc55s69_cm33_core0.o
                0x00000000000025bc                FLEXCOMM3_IRQHandler
 .text.FLEXCOMM4_IRQHandler
                0x00000000000025c4        0x8 ./startup/startup_lpc55s69_cm33_core0.o
                0x00000000000025c4                FLEXCOMM4_IRQHandler
 .text.FLEXCOMM5_IRQHandler
                0x00000000000025cc        0x8 ./startup/startup_lpc55s69_cm33_core0.o
                0x00000000000025cc                FLEXCOMM5_IRQHandler
 .text.FLEXCOMM6_IRQHandler
                0x00000000000025d4        0x8 ./startup/startup_lpc55s69_cm33_core0.o
                0x00000000000025d4                FLEXCOMM6_IRQHandler
 .text.FLEXCOMM7_IRQHandler
                0x00000000000025dc        0x8 ./startup/startup_lpc55s69_cm33_core0.o
                0x00000000000025dc                FLEXCOMM7_IRQHandler
 .text.ADC0_IRQHandler
                0x00000000000025e4        0x8 ./startup/startup_lpc55s69_cm33_core0.o
                0x00000000000025e4                ADC0_IRQHandler
 .text.Reserved39_IRQHandler
                0x00000000000025ec        0x8 ./startup/startup_lpc55s69_cm33_core0.o
                0x00000000000025ec                Reserved39_IRQHandler
 .text.ACMP_IRQHandler
                0x00000000000025f4        0x8 ./startup/startup_lpc55s69_cm33_core0.o
                0x00000000000025f4                ACMP_IRQHandler
 .text.Reserved41_IRQHandler
                0x00000000000025fc        0x8 ./startup/startup_lpc55s69_cm33_core0.o
                0x00000000000025fc                Reserved41_IRQHandler
 .text.Reserved42_IRQHandler
                0x0000000000002604        0x8 ./startup/startup_lpc55s69_cm33_core0.o
                0x0000000000002604                Reserved42_IRQHandler
 .text.USB0_NEEDCLK_IRQHandler
                0x000000000000260c        0x8 ./startup/startup_lpc55s69_cm33_core0.o
                0x000000000000260c                USB0_NEEDCLK_IRQHandler
 .text.USB0_IRQHandler
                0x0000000000002614        0x8 ./startup/startup_lpc55s69_cm33_core0.o
                0x0000000000002614                USB0_IRQHandler
 .text.RTC_IRQHandler
                0x000000000000261c        0x8 ./startup/startup_lpc55s69_cm33_core0.o
                0x000000000000261c                RTC_IRQHandler
 .text.Reserved46_IRQHandler
                0x0000000000002624        0x8 ./startup/startup_lpc55s69_cm33_core0.o
                0x0000000000002624                Reserved46_IRQHandler
 .text.MAILBOX_IRQHandler
                0x000000000000262c        0x8 ./startup/startup_lpc55s69_cm33_core0.o
                0x000000000000262c                MAILBOX_IRQHandler
 .text.PIN_INT4_IRQHandler
                0x0000000000002634        0x8 ./startup/startup_lpc55s69_cm33_core0.o
                0x0000000000002634                PIN_INT4_IRQHandler
 .text.PIN_INT5_IRQHandler
                0x000000000000263c        0x8 ./startup/startup_lpc55s69_cm33_core0.o
                0x000000000000263c                PIN_INT5_IRQHandler
 .text.PIN_INT6_IRQHandler
                0x0000000000002644        0x8 ./startup/startup_lpc55s69_cm33_core0.o
                0x0000000000002644                PIN_INT6_IRQHandler
 .text.PIN_INT7_IRQHandler
                0x000000000000264c        0x8 ./startup/startup_lpc55s69_cm33_core0.o
                0x000000000000264c                PIN_INT7_IRQHandler
 .text.CTIMER2_IRQHandler
                0x0000000000002654        0x8 ./startup/startup_lpc55s69_cm33_core0.o
                0x0000000000002654                CTIMER2_IRQHandler
 .text.CTIMER4_IRQHandler
                0x000000000000265c        0x8 ./startup/startup_lpc55s69_cm33_core0.o
                0x000000000000265c                CTIMER4_IRQHandler
 .text.OS_EVENT_IRQHandler
                0x0000000000002664        0x8 ./startup/startup_lpc55s69_cm33_core0.o
                0x0000000000002664                OS_EVENT_IRQHandler
 .text.Reserved55_IRQHandler
                0x000000000000266c        0x8 ./startup/startup_lpc55s69_cm33_core0.o
                0x000000000000266c                Reserved55_IRQHandler
 .text.Reserved56_IRQHandler
                0x0000000000002674        0x8 ./startup/startup_lpc55s69_cm33_core0.o
                0x0000000000002674                Reserved56_IRQHandler
 .text.Reserved57_IRQHandler
                0x000000000000267c        0x8 ./startup/startup_lpc55s69_cm33_core0.o
                0x000000000000267c                Reserved57_IRQHandler
 .text.SDIO_IRQHandler
                0x0000000000002684        0x8 ./startup/startup_lpc55s69_cm33_core0.o
                0x0000000000002684                SDIO_IRQHandler
 .text.Reserved59_IRQHandler
                0x000000000000268c        0x8 ./startup/startup_lpc55s69_cm33_core0.o
                0x000000000000268c                Reserved59_IRQHandler
 .text.Reserved60_IRQHandler
                0x0000000000002694        0x8 ./startup/startup_lpc55s69_cm33_core0.o
                0x0000000000002694                Reserved60_IRQHandler
 .text.Reserved61_IRQHandler
                0x000000000000269c        0x8 ./startup/startup_lpc55s69_cm33_core0.o
                0x000000000000269c                Reserved61_IRQHandler
 .text.USB1_PHY_IRQHandler
                0x00000000000026a4        0x8 ./startup/startup_lpc55s69_cm33_core0.o
                0x00000000000026a4                USB1_PHY_IRQHandler
 .text.USB1_IRQHandler
                0x00000000000026ac        0x8 ./startup/startup_lpc55s69_cm33_core0.o
                0x00000000000026ac                USB1_IRQHandler
 .text.USB1_NEEDCLK_IRQHandler
                0x00000000000026b4        0x8 ./startup/startup_lpc55s69_cm33_core0.o
                0x00000000000026b4                USB1_NEEDCLK_IRQHandler
 .text.SEC_HYPERVISOR_CALL_IRQHandler
                0x00000000000026bc        0x8 ./startup/startup_lpc55s69_cm33_core0.o
                0x00000000000026bc                SEC_HYPERVISOR_CALL_IRQHandler
 .text.SEC_GPIO_INT0_IRQ0_IRQHandler
                0x00000000000026c4        0x8 ./startup/startup_lpc55s69_cm33_core0.o
                0x00000000000026c4                SEC_GPIO_INT0_IRQ0_IRQHandler
 .text.SEC_GPIO_INT0_IRQ1_IRQHandler
                0x00000000000026cc        0x8 ./startup/startup_lpc55s69_cm33_core0.o
                0x00000000000026cc                SEC_GPIO_INT0_IRQ1_IRQHandler
 .text.PLU_IRQHandler
                0x00000000000026d4        0x8 ./startup/startup_lpc55s69_cm33_core0.o
                0x00000000000026d4                PLU_IRQHandler
 .text.SEC_VIO_IRQHandler
                0x00000000000026dc        0x8 ./startup/startup_lpc55s69_cm33_core0.o
                0x00000000000026dc                SEC_VIO_IRQHandler
 .text.HASHCRYPT_IRQHandler
                0x00000000000026e4        0x8 ./startup/startup_lpc55s69_cm33_core0.o
                0x00000000000026e4                HASHCRYPT_IRQHandler
 .text.CASER_IRQHandler
                0x00000000000026ec        0x8 ./startup/startup_lpc55s69_cm33_core0.o
                0x00000000000026ec                CASER_IRQHandler
 .text.PUF_IRQHandler
                0x00000000000026f4        0x8 ./startup/startup_lpc55s69_cm33_core0.o
                0x00000000000026f4                PUF_IRQHandler
 .text.PQ_IRQHandler
                0x00000000000026fc        0x8 ./startup/startup_lpc55s69_cm33_core0.o
                0x00000000000026fc                PQ_IRQHandler
 .text.DMA1_IRQHandler
                0x0000000000002704        0x8 ./startup/startup_lpc55s69_cm33_core0.o
                0x0000000000002704                DMA1_IRQHandler
 .text.FLEXCOMM8_IRQHandler
                0x000000000000270c        0x8 ./startup/startup_lpc55s69_cm33_core0.o
                0x000000000000270c                FLEXCOMM8_IRQHandler
 .text.GPIO_PinWrite
                0x0000000000002714       0x2a ./source/PSW_Lab01_MO.o
 .text.GPIO_PinRead
                0x000000000000273e       0x28 ./source/PSW_Lab01_MO.o
 .text.GPIO_PortToggle
                0x0000000000002766       0x26 ./source/PSW_Lab01_MO.o
 .text.HardFault_Handler
                0x000000000000278c       0x36 ./source/semihost_hardfault.o
                0x000000000000278c                HardFault_Handler
 .text.CLOCK_IsPLL0Locked
                0x00000000000027c2       0x24 ./drivers/fsl_clock.o
 .text.findPll0PreDiv
                0x00000000000027e6       0x3e ./drivers/fsl_clock.o
 .text.DelayLoop
                0x0000000000002824       0x20 ./drivers/fsl_common_arm.o
 .text.CLOCK_EnableClock
                0x0000000000002844       0x30 ./drivers/fsl_flexcomm.o
 .text.FLEXCOMM_PeripheralIsPresent
                0x0000000000002874       0x64 ./drivers/fsl_flexcomm.o
 .text.FLEXCOMM_SetPeriph
                0x00000000000028d8       0x74 ./drivers/fsl_flexcomm.o
 .text.CLOCK_EnableClock
                0x000000000000294c       0x30 ./drivers/fsl_gpio.o
 .text.GPIO_PinInit
                0x000000000000297c       0xa4 ./drivers/fsl_gpio.o
                0x000000000000297c                GPIO_PinInit
 .text.lowpower_set_voltage_for_process
                0x0000000000002a20       0xaa ./drivers/fsl_power.o
 .text.RESET_PeripheralReset
                0x0000000000002aca       0x1c ./drivers/fsl_reset.o
                0x0000000000002aca                RESET_PeripheralReset
 .text.USART_EnableContinuousSCLK
                0x0000000000002ae6       0x38 ./drivers/fsl_usart.o
 .text.SystemInitHook
                0x0000000000002b1e        0xe ./device/system_LPC55S69_cm33_core0.o
                0x0000000000002b1e                SystemInitHook
 .text.HAL_UartGetStatus
                0x0000000000002b2c       0x22 ./component/uart/fsl_adapter_usart.o
 .text.HAL_UartInit
                0x0000000000002b4e       0x36 ./component/uart/fsl_adapter_usart.o
                0x0000000000002b4e                HAL_UartInit
 .text.DisableGlobalIRQ
                0x0000000000002b84       0x22 ./component/serial_manager/fsl_component_serial_manager.o
 .text.EnableGlobalIRQ
                0x0000000000002ba6       0x20 ./component/serial_manager/fsl_component_serial_manager.o
 .text.SerialManager_StartWriting
                0x0000000000002bc6       0x38 ./component/serial_manager/fsl_component_serial_manager.o
 .text.SerialManager_Write
                0x0000000000002bfe       0x44 ./component/serial_manager/fsl_component_serial_manager.o
 .text.SerialManager_Init
                0x0000000000002c42       0x60 ./component/serial_manager/fsl_component_serial_manager.o
                0x0000000000002c42                SerialManager_Init
 .text.SerialManager_OpenWriteHandle
                0x0000000000002ca2       0x50 ./component/serial_manager/fsl_component_serial_manager.o
                0x0000000000002ca2                SerialManager_OpenWriteHandle
 .text.SerialManager_OpenReadHandle
                0x0000000000002cf2       0x60 ./component/serial_manager/fsl_component_serial_manager.o
                0x0000000000002cf2                SerialManager_OpenReadHandle
 .text.SerialManager_WriteBlocking
                0x0000000000002d52       0x20 ./component/serial_manager/fsl_component_serial_manager.o
                0x0000000000002d52                SerialManager_WriteBlocking
 .text.Serial_UartInit
                0x0000000000002d72       0x3e ./component/serial_manager/fsl_component_serial_port_uart.o
                0x0000000000002d72                Serial_UartInit
 .text.Serial_UartWrite
                0x0000000000002db0       0x38 ./component/serial_manager/fsl_component_serial_port_uart.o
                0x0000000000002db0                Serial_UartWrite
 .text.BOARD_InitBootClocks
                0x0000000000002de8        0xc ./board/clock_config.o
                0x0000000000002de8                BOARD_InitBootClocks
 .text.BOARD_InitPeripherals_cm33_core0
                0x0000000000002df4        0xe ./board/peripherals.o
                0x0000000000002df4                BOARD_InitPeripherals_cm33_core0
 .text.BOARD_InitBootPeripherals
                0x0000000000002e02        0xc ./board/peripherals.o
                0x0000000000002e02                BOARD_InitBootPeripherals
 .text.Chip_GetVersion
                0x0000000000002e0e       0x36 ./board/pin_mux.o
 .text.CLOCK_EnableClock
                0x0000000000002e44       0x30 ./board/pin_mux.o
 .text.IOCON_PinMuxSet
                0x0000000000002e74       0x2e ./board/pin_mux.o
 .text.BOARD_InitBootPins
                0x0000000000002ea2       0x14 ./board/pin_mux.o
                0x0000000000002ea2                BOARD_InitBootPins
 .text.__main   0x0000000000002eb6        0xe /Applications/MCUXpressoIDE_11.8.0_1165/ide/plugins/com.nxp.mcuxpresso.tools.macosx_11.8.0.202306131047/tools/bin/../lib/gcc/arm-none-eabi/12.2.1/../../../../arm-none-eabi/lib/thumb/v8-m.main+fp/hard/libcr_nohost_nf.a(_cr__main.o)
                0x0000000000002eb6                __main
 .text.memcpy   0x0000000000002ec4        0x4 /Applications/MCUXpressoIDE_11.8.0_1165/ide/plugins/com.nxp.mcuxpresso.tools.macosx_11.8.0.202306131047/tools/bin/../lib/gcc/arm-none-eabi/12.2.1/../../../../arm-none-eabi/lib/thumb/v8-m.main+fp/hard/libcr_c.a(memcpy.o)
                0x0000000000002ec4                memcpy
 .text.memset   0x0000000000002ec8        0x4 /Applications/MCUXpressoIDE_11.8.0_1165/ide/plugins/com.nxp.mcuxpresso.tools.macosx_11.8.0.202306131047/tools/bin/../lib/gcc/arm-none-eabi/12.2.1/../../../../arm-none-eabi/lib/thumb/v8-m.main+fp/hard/libcr_c.a(memset.o)
                0x0000000000002ec8                memset
 .text.free     0x0000000000002ecc       0x30 /Applications/MCUXpressoIDE_11.8.0_1165/ide/plugins/com.nxp.mcuxpresso.tools.macosx_11.8.0.202306131047/tools/bin/../lib/gcc/arm-none-eabi/12.2.1/../../../../arm-none-eabi/lib/thumb/v8-m.main+fp/hard/libcr_c.a(alloc.o)
                0x0000000000002ecc                free
 .text.setvbuf  0x0000000000002efc       0x3e /Applications/MCUXpressoIDE_11.8.0_1165/ide/plugins/com.nxp.mcuxpresso.tools.macosx_11.8.0.202306131047/tools/bin/../lib/gcc/arm-none-eabi/12.2.1/../../../../arm-none-eabi/lib/thumb/v8-m.main+fp/hard/libcr_c.a(setvbuf.o)
                0x0000000000002efc                setvbuf
 .text.strlen   0x0000000000002f3a       0x4e /Applications/MCUXpressoIDE_11.8.0_1165/ide/plugins/com.nxp.mcuxpresso.tools.macosx_11.8.0.202306131047/tools/bin/../lib/gcc/arm-none-eabi/12.2.1/../../../../arm-none-eabi/lib/thumb/v8-m.main+fp/hard/libcr_c.a(strlen.o)
                0x0000000000002f3a                strlen
 .text._deferredlazyseek
                0x0000000000002f88       0x40 /Applications/MCUXpressoIDE_11.8.0_1165/ide/plugins/com.nxp.mcuxpresso.tools.macosx_11.8.0.202306131047/tools/bin/../lib/gcc/arm-none-eabi/12.2.1/../../../../arm-none-eabi/lib/thumb/v8-m.main+fp/hard/libcr_c.a(_deferredlazyseek.o)
                0x0000000000002f88                _deferredlazyseek
 .text._fdopen  0x0000000000002fc8       0x68 /Applications/MCUXpressoIDE_11.8.0_1165/ide/plugins/com.nxp.mcuxpresso.tools.macosx_11.8.0.202306131047/tools/bin/../lib/gcc/arm-none-eabi/12.2.1/../../../../arm-none-eabi/lib/thumb/v8-m.main+fp/hard/libcr_c.a(_fdopen.o)
                0x0000000000002fc8                _fdopen
 .text._fflush  0x0000000000003030       0x52 /Applications/MCUXpressoIDE_11.8.0_1165/ide/plugins/com.nxp.mcuxpresso.tools.macosx_11.8.0.202306131047/tools/bin/../lib/gcc/arm-none-eabi/12.2.1/../../../../arm-none-eabi/lib/thumb/v8-m.main+fp/hard/libcr_c.a(_fflush.o)
                0x0000000000003030                _fflush
 .text.fclose   0x0000000000003082       0x58 /Applications/MCUXpressoIDE_11.8.0_1165/ide/plugins/com.nxp.mcuxpresso.tools.macosx_11.8.0.202306131047/tools/bin/../lib/gcc/arm-none-eabi/12.2.1/../../../../arm-none-eabi/lib/thumb/v8-m.main+fp/hard/libcr_c.a(fclose.o)
                0x0000000000003082                fclose
 .text.remove   0x00000000000030da       0x14 /Applications/MCUXpressoIDE_11.8.0_1165/ide/plugins/com.nxp.mcuxpresso.tools.macosx_11.8.0.202306131047/tools/bin/../lib/gcc/arm-none-eabi/12.2.1/../../../../arm-none-eabi/lib/thumb/v8-m.main+fp/hard/libcr_c.a(remove.o)
                0x00000000000030da                remove
 .text._do_fflush
                0x00000000000030ee       0x40 /Applications/MCUXpressoIDE_11.8.0_1165/ide/plugins/com.nxp.mcuxpresso.tools.macosx_11.8.0.202306131047/tools/bin/../lib/gcc/arm-none-eabi/12.2.1/../../../../arm-none-eabi/lib/thumb/v8-m.main+fp/hard/libcr_c.a(_do_fflush.o)
                0x00000000000030ee                _do_fflush
 .text.__aeabi_division_uldivmod
                0x000000000000312e      0x174 /Applications/MCUXpressoIDE_11.8.0_1165/ide/plugins/com.nxp.mcuxpresso.tools.macosx_11.8.0.202306131047/tools/bin/../lib/gcc/arm-none-eabi/12.2.1/thumb/v8-m.main+fp/hard/libcr_eabihelpers.a(division_64.o)
                0x000000000000312e                __aeabi_uldivmod
                0x0000000000003132                __bhs_ldivmod1
 .text.__aeabi_division_idiv0
                0x00000000000032a2        0x2 /Applications/MCUXpressoIDE_11.8.0_1165/ide/plugins/com.nxp.mcuxpresso.tools.macosx_11.8.0.202306131047/tools/bin/../lib/gcc/arm-none-eabi/12.2.1/thumb/v8-m.main+fp/hard/libcr_eabihelpers.a(division_idiv0.o)
                0x00000000000032a2                __aeabi_idiv0
 .text.__aeabi_memcpy
                0x00000000000032a4       0x34 /Applications/MCUXpressoIDE_11.8.0_1165/ide/plugins/com.nxp.mcuxpresso.tools.macosx_11.8.0.202306131047/tools/bin/../lib/gcc/arm-none-eabi/12.2.1/thumb/v8-m.main+fp/hard/libcr_eabihelpers.a(memcpy.o)
                0x00000000000032a4                __aeabi_memcpy
                0x00000000000032ae                __aeabi_memcpy4
                0x00000000000032ae                __aeabi_memcpy8
 .text.__aeabi_memset_lowlevel
                0x00000000000032d8       0x32 /Applications/MCUXpressoIDE_11.8.0_1165/ide/plugins/com.nxp.mcuxpresso.tools.macosx_11.8.0.202306131047/tools/bin/../lib/gcc/arm-none-eabi/12.2.1/thumb/v8-m.main+fp/hard/libcr_eabihelpers.a(memcpy.o)
                0x00000000000032d8                __aeabi_lowlevel_memset
 .text.__sys_close
                0x000000000000330a        0x6 /Applications/MCUXpressoIDE_11.8.0_1165/ide/plugins/com.nxp.mcuxpresso.tools.macosx_11.8.0.202306131047/tools/bin/../lib/gcc/arm-none-eabi/12.2.1/../../../../arm-none-eabi/lib/thumb/v8-m.main+fp/hard/libcr_nohost_nf.a(__sys_close.o)
                0x000000000000330a                __sys_close
 .text.__sys_flen
                0x0000000000003310        0x6 /Applications/MCUXpressoIDE_11.8.0_1165/ide/plugins/com.nxp.mcuxpresso.tools.macosx_11.8.0.202306131047/tools/bin/../lib/gcc/arm-none-eabi/12.2.1/../../../../arm-none-eabi/lib/thumb/v8-m.main+fp/hard/libcr_nohost_nf.a(__sys_flen.o)
                0x0000000000003310                __sys_flen
 .text.__sys_istty
                0x0000000000003316        0x6 /Applications/MCUXpressoIDE_11.8.0_1165/ide/plugins/com.nxp.mcuxpresso.tools.macosx_11.8.0.202306131047/tools/bin/../lib/gcc/arm-none-eabi/12.2.1/../../../../arm-none-eabi/lib/thumb/v8-m.main+fp/hard/libcr_nohost_nf.a(__sys_istty.o)
                0x0000000000003316                __sys_istty
 .text.__sys_remove
                0x000000000000331c        0x6 /Applications/MCUXpressoIDE_11.8.0_1165/ide/plugins/com.nxp.mcuxpresso.tools.macosx_11.8.0.202306131047/tools/bin/../lib/gcc/arm-none-eabi/12.2.1/../../../../arm-none-eabi/lib/thumb/v8-m.main+fp/hard/libcr_nohost_nf.a(__sys_remove.o)
                0x000000000000331c                __sys_remove
 .text.__sys_seek
                0x0000000000003322        0x6 /Applications/MCUXpressoIDE_11.8.0_1165/ide/plugins/com.nxp.mcuxpresso.tools.macosx_11.8.0.202306131047/tools/bin/../lib/gcc/arm-none-eabi/12.2.1/../../../../arm-none-eabi/lib/thumb/v8-m.main+fp/hard/libcr_nohost_nf.a(__sys_seek.o)
                0x0000000000003322                __sys_seek
 .text.__sys_tmpnam
                0x0000000000003328        0x6 /Applications/MCUXpressoIDE_11.8.0_1165/ide/plugins/com.nxp.mcuxpresso.tools.macosx_11.8.0.202306131047/tools/bin/../lib/gcc/arm-none-eabi/12.2.1/../../../../arm-none-eabi/lib/thumb/v8-m.main+fp/hard/libcr_nohost_nf.a(__sys_tmpnam.o)
                0x0000000000003328                __sys_tmpnam
 .text.__sys_write
                0x000000000000332e        0x4 /Applications/MCUXpressoIDE_11.8.0_1165/ide/plugins/com.nxp.mcuxpresso.tools.macosx_11.8.0.202306131047/tools/bin/../lib/gcc/arm-none-eabi/12.2.1/../../../../arm-none-eabi/lib/thumb/v8-m.main+fp/hard/libcr_nohost_nf.a(__sys_write.o)
                0x000000000000332e                __sys_write
 *(SORT_BY_ALIGNMENT(.rodata) SORT_BY_ALIGNMENT(.rodata.*) SORT_BY_ALIGNMENT(.constdata) SORT_BY_ALIGNMENT(.constdata.*))
 *fill*         0x0000000000003332        0x2 ff
 .rodata.__assertion_failed.str1.4
                0x0000000000003334       0x14 ./utilities/fsl_assert.o
 .rodata.main.str1.4
                0x0000000000003348        0x8 ./source/PSW_Lab01_MO.o
 .rodata.SDK_DelayAtLeastUs.str1.4
                0x0000000000003350       0x2b ./drivers/fsl_common_arm.o
 *fill*         0x000000000000337b        0x1 ff
 .rodata.s_flexcommBaseAddrs
                0x000000000000337c       0x24 ./drivers/fsl_flexcomm.o
 .rodata.s_flexcommClocks
                0x00000000000033a0       0x12 ./drivers/fsl_flexcomm.o
 *fill*         0x00000000000033b2        0x2 ff
 .rodata.s_flexcommResets
                0x00000000000033b4       0x24 ./drivers/fsl_flexcomm.o
 .rodata.FLEXCOMM_GetInstance.str1.4
                0x00000000000033d8       0x42 ./drivers/fsl_flexcomm.o
 *fill*         0x000000000000341a        0x2 ff
 .rodata.FLEXCOMM0_DriverIRQHandler.str1.4
                0x000000000000341c       0x3c ./drivers/fsl_flexcomm.o
 .rodata.FLEXCOMM1_DriverIRQHandler.str1.4
                0x0000000000003458       0x3c ./drivers/fsl_flexcomm.o
 .rodata.FLEXCOMM2_DriverIRQHandler.str1.4
                0x0000000000003494       0x3c ./drivers/fsl_flexcomm.o
 .rodata.FLEXCOMM3_DriverIRQHandler.str1.4
                0x00000000000034d0       0x3c ./drivers/fsl_flexcomm.o
 .rodata.FLEXCOMM4_DriverIRQHandler.str1.4
                0x000000000000350c       0x3c ./drivers/fsl_flexcomm.o
 .rodata.FLEXCOMM5_DriverIRQHandler.str1.4
                0x0000000000003548       0x3c ./drivers/fsl_flexcomm.o
 .rodata.FLEXCOMM6_DriverIRQHandler.str1.4
                0x0000000000003584       0x3c ./drivers/fsl_flexcomm.o
 .rodata.FLEXCOMM7_DriverIRQHandler.str1.4
                0x00000000000035c0       0x3c ./drivers/fsl_flexcomm.o
 .rodata.FLEXCOMM8_DriverIRQHandler.str1.4
                0x00000000000035fc       0x3c ./drivers/fsl_flexcomm.o
 .rodata.s_gpioClockName
                0x0000000000003638        0x8 ./drivers/fsl_gpio.o
 .rodata.GPIO_EnablePortClock.str1.4
                0x0000000000003640       0x33 ./drivers/fsl_gpio.o
 *fill*         0x0000000000003673        0x1 ff
 .rodata.RESET_SetPeripheralReset.str1.4
                0x0000000000003674       0x1e ./drivers/fsl_reset.o
 *fill*         0x0000000000003692        0x2 ff
 .rodata.RESET_ClearPeripheralReset.str1.4
                0x0000000000003694       0x1e ./drivers/fsl_reset.o
 *fill*         0x00000000000036b2        0x2 ff
 .rodata.USART_Init.str1.4
                0x00000000000036b4       0x4f ./drivers/fsl_usart.o
 *fill*         0x0000000000003703        0x1 ff
 .rodata.USART_GetDefaultConfig.str1.4
                0x0000000000003704       0x21 ./drivers/fsl_usart.o
 *fill*         0x0000000000003725        0x3 ff
 .rodata.USART_SetBaudRate.str1.4
                0x0000000000003728       0x53 ./drivers/fsl_usart.o
 *fill*         0x000000000000377b        0x1 ff
 .rodata.USART_WriteBlocking.str1.4
                0x000000000000377c       0x36 ./drivers/fsl_usart.o
 *fill*         0x00000000000037b2        0x2 ff
 .rodata.s_UsartAdapterBase
                0x00000000000037b4       0x20 ./component/uart/fsl_adapter_usart.o
 .rodata.HAL_UartInitCommon.str1.4
                0x00000000000037d4       0xeb ./component/uart/fsl_adapter_usart.o
 *fill*         0x00000000000038bf        0x1 ff
 .rodata.HAL_UartSendBlocking.str1.4
                0x00000000000038c0       0x65 ./component/uart/fsl_adapter_usart.o
 *fill*         0x0000000000003925        0x3 ff
 .rodata        0x0000000000003928        0x2 ./board/pin_mux.o
 *fill*         0x000000000000392a        0x2 ff
 .rodata.__num_Ciob_streams
                0x000000000000392c        0x4 /Applications/MCUXpressoIDE_11.8.0_1165/ide/plugins/com.nxp.mcuxpresso.tools.macosx_11.8.0.202306131047/tools/bin/../lib/gcc/arm-none-eabi/12.2.1/../../../../arm-none-eabi/lib/thumb/v8-m.main+fp/hard/libcr_nohost_nf.a(__ciob.o)
                0x000000000000392c                __num_Ciob_streams
 .rodata._initio.str1.1
                0x0000000000003930        0x4 /Applications/MCUXpressoIDE_11.8.0_1165/ide/plugins/com.nxp.mcuxpresso.tools.macosx_11.8.0.202306131047/tools/bin/../lib/gcc/arm-none-eabi/12.2.1/../../../../arm-none-eabi/lib/thumb/v8-m.main+fp/hard/libcr_c.a(initio.o)
                0x0000000000003934                . = ALIGN (0x4)

.glue_7         0x0000000000003934        0x0
 .glue_7        0x0000000000003934        0x0 linker stubs

.glue_7t        0x0000000000003934        0x0
 .glue_7t       0x0000000000003934        0x0 linker stubs

.vfp11_veneer   0x0000000000003934        0x0
 .vfp11_veneer  0x0000000000003934        0x0 linker stubs

.v4_bx          0x0000000000003934        0x0
 .v4_bx         0x0000000000003934        0x0 linker stubs

.iplt           0x0000000000003934        0x0
 .iplt          0x0000000000003934        0x0 ./utilities/fsl_assert.o

.rel.dyn        0x0000000000003934        0x0
 .rel.iplt      0x0000000000003934        0x0 ./utilities/fsl_assert.o

.ARM.extab
 *(SORT_BY_ALIGNMENT(.ARM.extab*) SORT_BY_ALIGNMENT(.gnu.linkonce.armextab.*))

.ARM.exidx      0x0000000000003934        0x0
                0x0000000000003934                __exidx_start = .
 *(SORT_BY_ALIGNMENT(.ARM.exidx*) SORT_BY_ALIGNMENT(.gnu.linkonce.armexidx.*))
                0x0000000000003934                __exidx_end = .
                0x0000000000003934                _etext = .

.m_usb_data
 *(SORT_BY_ALIGNMENT(m_usb_global))

.data_RAM2      0x0000000004000000        0x0 load address 0x0000000000003934
 FILL mask 0xff
                [!provide]                        PROVIDE (__start_data_RAM2 = .)
                [!provide]                        PROVIDE (__start_data_SRAMX = .)
 *(SORT_BY_ALIGNMENT(.ramfunc.$RAM2))
 *(SORT_BY_ALIGNMENT(.ramfunc.$SRAMX))
 *(SORT_BY_ALIGNMENT(.data.$RAM2))
 *(SORT_BY_ALIGNMENT(.data.$SRAMX))
 *(SORT_BY_ALIGNMENT(.data.$RAM2.*))
 *(SORT_BY_ALIGNMENT(.data.$SRAMX.*))
                0x0000000004000000                . = ALIGN (0x4)
                [!provide]                        PROVIDE (__end_data_RAM2 = .)
                [!provide]                        PROVIDE (__end_data_SRAMX = .)

.data_RAM3      0x0000000040100000        0x0 load address 0x0000000000003934
 FILL mask 0xff
                [!provide]                        PROVIDE (__start_data_RAM3 = .)
                [!provide]                        PROVIDE (__start_data_USB_RAM = .)
 *(SORT_BY_ALIGNMENT(.ramfunc.$RAM3))
 *(SORT_BY_ALIGNMENT(.ramfunc.$USB_RAM))
 *(SORT_BY_ALIGNMENT(.data.$RAM3))
 *(SORT_BY_ALIGNMENT(.data.$USB_RAM))
 *(SORT_BY_ALIGNMENT(.data.$RAM3.*))
 *(SORT_BY_ALIGNMENT(.data.$USB_RAM.*))
                0x0000000040100000                . = ALIGN (0x4)
                [!provide]                        PROVIDE (__end_data_RAM3 = .)
                [!provide]                        PROVIDE (__end_data_USB_RAM = .)

.data_RAM4      0x0000000020040000        0x0 load address 0x0000000000003934
 FILL mask 0xff
                [!provide]                        PROVIDE (__start_data_RAM4 = .)
                [!provide]                        PROVIDE (__start_data_SRAM4 = .)
 *(SORT_BY_ALIGNMENT(.ramfunc.$RAM4))
 *(SORT_BY_ALIGNMENT(.ramfunc.$SRAM4))
 *(SORT_BY_ALIGNMENT(.data.$RAM4))
 *(SORT_BY_ALIGNMENT(.data.$SRAM4))
 *(SORT_BY_ALIGNMENT(.data.$RAM4.*))
 *(SORT_BY_ALIGNMENT(.data.$SRAM4.*))
                0x0000000020040000                . = ALIGN (0x4)
                [!provide]                        PROVIDE (__end_data_RAM4 = .)
                [!provide]                        PROVIDE (__end_data_SRAM4 = .)

.uninit_RESERVED
                0x0000000020000000        0x0
                0x0000000020000000                _start_uninit_RESERVED = .
 *(SORT_BY_ALIGNMENT(.bss.$RESERVED*))
                0x0000000020000000                . = ALIGN (0x4)
                0x0000000020000000                _end_uninit_RESERVED = .

.data           0x0000000020000000        0x8 load address 0x0000000000003934
 FILL mask 0xff
                0x0000000020000000                _data = .
                [!provide]                        PROVIDE (__start_data_RAM = .)
                [!provide]                        PROVIDE (__start_data_SRAM = .)
 *(SORT_BY_ALIGNMENT(vtable))
 *(SORT_BY_ALIGNMENT(.ramfunc*))
 *(SORT_BY_ALIGNMENT(CodeQuickAccess))
 *(SORT_BY_ALIGNMENT(DataQuickAccess))
 *(SORT_BY_ALIGNMENT(RamFunction))
 *(SORT_BY_ALIGNMENT(.data*))
 .data.s_Ext_Clk_Freq
                0x0000000020000000        0x4 ./drivers/fsl_clock.o
 .data.SystemCoreClock
                0x0000000020000004        0x4 ./device/system_LPC55S69_cm33_core0.o
                0x0000000020000004                SystemCoreClock
                0x0000000020000008                . = ALIGN (0x4)
                0x0000000020000008                _edata = .
                [!provide]                        PROVIDE (__end_data_RAM = .)
                [!provide]                        PROVIDE (__end_data_SRAM = .)

.igot.plt       0x0000000020000008        0x0 load address 0x000000000000393c
 .igot.plt      0x0000000020000008        0x0 ./utilities/fsl_assert.o

.bss_RAM2       0x0000000004000000        0x0
                [!provide]                        PROVIDE (__start_bss_RAM2 = .)
                [!provide]                        PROVIDE (__start_bss_SRAMX = .)
 *(SORT_BY_ALIGNMENT(.bss.$RAM2))
 *(SORT_BY_ALIGNMENT(.bss.$SRAMX))
 *(SORT_BY_ALIGNMENT(.bss.$RAM2.*))
 *(SORT_BY_ALIGNMENT(.bss.$SRAMX.*))
                0x0000000004000000                . = ALIGN ((. != 0x0)?0x4:0x1)
                [!provide]                        PROVIDE (__end_bss_RAM2 = .)
                [!provide]                        PROVIDE (__end_bss_SRAMX = .)

.bss_RAM3       0x0000000040100000        0x0
                [!provide]                        PROVIDE (__start_bss_RAM3 = .)
                [!provide]                        PROVIDE (__start_bss_USB_RAM = .)
 *(SORT_BY_ALIGNMENT(.bss.$RAM3))
 *(SORT_BY_ALIGNMENT(.bss.$USB_RAM))
 *(SORT_BY_ALIGNMENT(.bss.$RAM3.*))
 *(SORT_BY_ALIGNMENT(.bss.$USB_RAM.*))
                0x0000000040100000                . = ALIGN ((. != 0x0)?0x4:0x1)
                [!provide]                        PROVIDE (__end_bss_RAM3 = .)
                [!provide]                        PROVIDE (__end_bss_USB_RAM = .)

.bss_RAM4       0x0000000020040000        0x0
                [!provide]                        PROVIDE (__start_bss_RAM4 = .)
                [!provide]                        PROVIDE (__start_bss_SRAM4 = .)
 *(SORT_BY_ALIGNMENT(.bss.$RAM4))
 *(SORT_BY_ALIGNMENT(.bss.$SRAM4))
 *(SORT_BY_ALIGNMENT(.bss.$RAM4.*))
 *(SORT_BY_ALIGNMENT(.bss.$SRAM4.*))
                0x0000000020040000                . = ALIGN ((. != 0x0)?0x4:0x1)
                [!provide]                        PROVIDE (__end_bss_RAM4 = .)
                [!provide]                        PROVIDE (__end_bss_SRAM4 = .)

.bss            0x0000000020000008      0x12c
                0x0000000020000008                _bss = .
                [!provide]                        PROVIDE (__start_bss_RAM = .)
                [!provide]                        PROVIDE (__start_bss_SRAM = .)
 *(SORT_BY_ALIGNMENT(.bss*))
 .bss.s_debugConsoleState
                0x0000000020000008       0x20 ./utilities/fsl_debug_console.o
 .bss.g_serialHandle
                0x0000000020000028        0x4 ./utilities/fsl_debug_console.o
                0x0000000020000028                g_serialHandle
 .bss.s_Pll0_Freq
                0x000000002000002c        0x4 ./drivers/fsl_clock.o
 .bss.s_flexcommIrqHandler
                0x0000000020000030       0x24 ./drivers/fsl_flexcomm.o
 .bss.s_flexcommHandle
                0x0000000020000054       0x24 ./drivers/fsl_flexcomm.o
 .bss.errno     0x0000000020000078        0x4 /Applications/MCUXpressoIDE_11.8.0_1165/ide/plugins/com.nxp.mcuxpresso.tools.macosx_11.8.0.202306131047/tools/bin/../lib/gcc/arm-none-eabi/12.2.1/../../../../arm-none-eabi/lib/thumb/v8-m.main+fp/hard/libcr_c.a(errno.o)
                0x0000000020000078                errno
 .bss.__Ciob    0x000000002000007c       0xb4 /Applications/MCUXpressoIDE_11.8.0_1165/ide/plugins/com.nxp.mcuxpresso.tools.macosx_11.8.0.202306131047/tools/bin/../lib/gcc/arm-none-eabi/12.2.1/../../../../arm-none-eabi/lib/thumb/v8-m.main+fp/hard/libcr_nohost_nf.a(__ciob.o)
                0x000000002000007c                __Ciob
 .bss.s_debugConsoleReadWaitSemaphore
                0x0000000020000130        0x1 ./utilities/fsl_debug_console.o
 *(SORT_BY_ALIGNMENT(COMMON))
                0x0000000020000134                . = ALIGN (0x4)
 *fill*         0x0000000020000131        0x3 
                0x0000000020000134                _ebss = .
                [!provide]                        PROVIDE (__end_bss_RAM = .)
                [!provide]                        PROVIDE (__end_bss_SRAM = .)
                [!provide]                        PROVIDE (end = .)

.noinit_RAM2    0x0000000004000000        0x0
                [!provide]                        PROVIDE (__start_noinit_RAM2 = .)
                [!provide]                        PROVIDE (__start_noinit_SRAMX = .)
 *(SORT_BY_ALIGNMENT(.noinit.$RAM2))
 *(SORT_BY_ALIGNMENT(.noinit.$SRAMX))
 *(SORT_BY_ALIGNMENT(.noinit.$RAM2.*))
 *(SORT_BY_ALIGNMENT(.noinit.$SRAMX.*))
                0x0000000004000000                . = ALIGN (0x4)
                [!provide]                        PROVIDE (__end_noinit_RAM2 = .)
                [!provide]                        PROVIDE (__end_noinit_SRAMX = .)

.noinit_RAM3    0x0000000040100000        0x0
                [!provide]                        PROVIDE (__start_noinit_RAM3 = .)
                [!provide]                        PROVIDE (__start_noinit_USB_RAM = .)
 *(SORT_BY_ALIGNMENT(.noinit.$RAM3))
 *(SORT_BY_ALIGNMENT(.noinit.$USB_RAM))
 *(SORT_BY_ALIGNMENT(.noinit.$RAM3.*))
 *(SORT_BY_ALIGNMENT(.noinit.$USB_RAM.*))
                0x0000000040100000                . = ALIGN (0x4)
                [!provide]                        PROVIDE (__end_noinit_RAM3 = .)
                [!provide]                        PROVIDE (__end_noinit_USB_RAM = .)

.noinit_RAM4    0x0000000020040000        0x0
                [!provide]                        PROVIDE (__start_noinit_RAM4 = .)
                [!provide]                        PROVIDE (__start_noinit_SRAM4 = .)
 *(SORT_BY_ALIGNMENT(.noinit.$RAM4))
 *(SORT_BY_ALIGNMENT(.noinit.$SRAM4))
 *(SORT_BY_ALIGNMENT(.noinit.$RAM4.*))
 *(SORT_BY_ALIGNMENT(.noinit.$SRAM4.*))
                0x0000000020040000                . = ALIGN (0x4)
                [!provide]                        PROVIDE (__end_noinit_RAM4 = .)
                [!provide]                        PROVIDE (__end_noinit_SRAM4 = .)

.noinit         0x0000000020000134        0x0
                0x0000000020000134                _noinit = .
                [!provide]                        PROVIDE (__start_noinit_RAM = .)
                [!provide]                        PROVIDE (__start_noinit_SRAM = .)
 *(SORT_BY_ALIGNMENT(.noinit*))
                0x0000000020000134                . = ALIGN (0x4)
                0x0000000020000134                _end_noinit = .
                [!provide]                        PROVIDE (__end_noinit_RAM = .)
                [!provide]                        PROVIDE (__end_noinit_SRAM = .)
                0x0000000000001000                _HeapSize = 0x1000

.heap           0x0000000020000134     0x1000
                0x0000000020000134                _pvHeapStart = .
                0x0000000020001134                . = (. + _HeapSize)
 *fill*         0x0000000020000134     0x1000 
                0x0000000020001134                . = ALIGN (0x4)
                0x0000000020001134                _pvHeapLimit = .
                0x0000000000001000                _StackSize = 0x1000

.heap2stackfill
                0x0000000020001134     0x1000
                0x0000000020002134                . = (. + _StackSize)
 *fill*         0x0000000020001134     0x1000 

.stack          0x000000002003f000        0x0
                0x000000002003f000                _vStackBase = .
                0x000000002003f000                . = ALIGN (0x4)
                0x0000000020040000                _vStackTop = (. + _StackSize)
                [!provide]                        PROVIDE (__valid_user_code_checksum = (0x0 - ((((((_vStackTop + (ResetISR + 0x1)) + (NMI_Handler + 0x1)) + (HardFault_Handler + 0x1)) + (DEFINED (MemManage_Handler)?MemManage_Handler:0x0 + 0x1)) + (DEFINED (BusFault_Handler)?BusFault_Handler:0x0 + 0x1)) + (DEFINED (UsageFault_Handler)?UsageFault_Handler:0x0 + 0x1))))
                0x0000000000000000                _image_start = LOADADDR (.text)
                0x000000000000393c                _image_end = (LOADADDR (.data) + SIZEOF (.data))
                0x000000000000393c                _image_size = (_image_end - _image_start)
OUTPUT(PSW_Lab01_MO.axf elf32-littlearm)
LOAD linker stubs

.debug_info     0x0000000000000000    0x149bd
 .debug_info    0x0000000000000000       0xcb ./utilities/fsl_assert.o
 .debug_info    0x00000000000000cb      0xdf8 ./utilities/fsl_debug_console.o
 .debug_info    0x0000000000000ec3      0xaed ./utilities/fsl_str.o
 .debug_info    0x00000000000019b0      0x958 ./startup/startup_lpc55s69_cm33_core0.o
 .debug_info    0x0000000000002308      0x3ac ./source/PSW_Lab01_MO.o
 .debug_info    0x00000000000026b4       0x3d ./source/semihost_hardfault.o
 .debug_info    0x00000000000026f1     0x32af ./drivers/fsl_clock.o
 .debug_info    0x00000000000059a0      0x579 ./drivers/fsl_common_arm.o
 .debug_info    0x0000000000005f19     0x1a41 ./drivers/fsl_flexcomm.o
 .debug_info    0x000000000000795a     0x16cd ./drivers/fsl_gpio.o
 .debug_info    0x0000000000009027     0x2a50 ./drivers/fsl_power.o
 .debug_info    0x000000000000ba77      0xe3d ./drivers/fsl_reset.o
 .debug_info    0x000000000000c8b4     0x181c ./drivers/fsl_usart.o
 .debug_info    0x000000000000e0d0     0x1471 ./device/system_LPC55S69_cm33_core0.o
 .debug_info    0x000000000000f541      0xcf3 ./component/uart/fsl_adapter_usart.o
 .debug_info    0x0000000000010234      0xd9a ./component/serial_manager/fsl_component_serial_manager.o
 .debug_info    0x0000000000010fce      0x518 ./component/serial_manager/fsl_component_serial_port_uart.o
 .debug_info    0x00000000000114e6      0x8c7 ./board/board.o
 .debug_info    0x0000000000011dad     0x176d ./board/clock_config.o
 .debug_info    0x000000000001351a       0x9c ./board/peripherals.o
 .debug_info    0x00000000000135b6     0x1407 ./board/pin_mux.o

.debug_abbrev   0x0000000000000000     0x2aaa
 .debug_abbrev  0x0000000000000000       0x8f ./utilities/fsl_assert.o
 .debug_abbrev  0x000000000000008f      0x279 ./utilities/fsl_debug_console.o
 .debug_abbrev  0x0000000000000308      0x276 ./utilities/fsl_str.o
 .debug_abbrev  0x000000000000057e      0x14a ./startup/startup_lpc55s69_cm33_core0.o
 .debug_abbrev  0x00000000000006c8      0x1a6 ./source/PSW_Lab01_MO.o
 .debug_abbrev  0x000000000000086e       0x2f ./source/semihost_hardfault.o
 .debug_abbrev  0x000000000000089d      0x3bc ./drivers/fsl_clock.o
 .debug_abbrev  0x0000000000000c59      0x17e ./drivers/fsl_common_arm.o
 .debug_abbrev  0x0000000000000dd7      0x304 ./drivers/fsl_flexcomm.o
 .debug_abbrev  0x00000000000010db      0x257 ./drivers/fsl_gpio.o
 .debug_abbrev  0x0000000000001332      0x379 ./drivers/fsl_power.o
 .debug_abbrev  0x00000000000016ab      0x18b ./drivers/fsl_reset.o
 .debug_abbrev  0x0000000000001836      0x358 ./drivers/fsl_usart.o
 .debug_abbrev  0x0000000000001b8e      0x21d ./device/system_LPC55S69_cm33_core0.o
 .debug_abbrev  0x0000000000001dab      0x253 ./component/uart/fsl_adapter_usart.o
 .debug_abbrev  0x0000000000001ffe      0x2c4 ./component/serial_manager/fsl_component_serial_manager.o
 .debug_abbrev  0x00000000000022c2      0x196 ./component/serial_manager/fsl_component_serial_port_uart.o
 .debug_abbrev  0x0000000000002458      0x115 ./board/board.o
 .debug_abbrev  0x000000000000256d      0x233 ./board/clock_config.o
 .debug_abbrev  0x00000000000027a0       0x5e ./board/peripherals.o
 .debug_abbrev  0x00000000000027fe      0x2ac ./board/pin_mux.o

.debug_aranges  0x0000000000000000      0xc30
 .debug_aranges
                0x0000000000000000       0x20 ./utilities/fsl_assert.o
 .debug_aranges
                0x0000000000000020       0xa8 ./utilities/fsl_debug_console.o
 .debug_aranges
                0x00000000000000c8       0xb8 ./utilities/fsl_str.o
 .debug_aranges
                0x0000000000000180      0x268 ./startup/startup_lpc55s69_cm33_core0.o
 .debug_aranges
                0x00000000000003e8       0x38 ./source/PSW_Lab01_MO.o
 .debug_aranges
                0x0000000000000420       0x20 ./source/semihost_hardfault.o
 .debug_aranges
                0x0000000000000440      0x228 ./drivers/fsl_clock.o
 .debug_aranges
                0x0000000000000668       0x38 ./drivers/fsl_common_arm.o
 .debug_aranges
                0x00000000000006a0       0x90 ./drivers/fsl_flexcomm.o
 .debug_aranges
                0x0000000000000730       0x38 ./drivers/fsl_gpio.o
 .debug_aranges
                0x0000000000000768       0xc8 ./drivers/fsl_power.o
 .debug_aranges
                0x0000000000000830       0x30 ./drivers/fsl_reset.o
 .debug_aranges
                0x0000000000000860       0xf8 ./drivers/fsl_usart.o
 .debug_aranges
                0x0000000000000958       0x88 ./device/system_LPC55S69_cm33_core0.o
 .debug_aranges
                0x00000000000009e0       0x58 ./component/uart/fsl_adapter_usart.o
 .debug_aranges
                0x0000000000000a38       0xa0 ./component/serial_manager/fsl_component_serial_manager.o
 .debug_aranges
                0x0000000000000ad8       0x48 ./component/serial_manager/fsl_component_serial_port_uart.o
 .debug_aranges
                0x0000000000000b20       0x28 ./board/board.o
 .debug_aranges
                0x0000000000000b48       0x50 ./board/clock_config.o
 .debug_aranges
                0x0000000000000b98       0x28 ./board/peripherals.o
 .debug_aranges
                0x0000000000000bc0       0x70 ./board/pin_mux.o

.debug_rnglists
                0x0000000000000000      0x921
 .debug_rnglists
                0x0000000000000000       0x13 ./utilities/fsl_assert.o
 .debug_rnglists
                0x0000000000000013       0x7c ./utilities/fsl_debug_console.o
 .debug_rnglists
                0x000000000000008f       0xa6 ./utilities/fsl_str.o
 .debug_rnglists
                0x0000000000000135      0x1c9 ./startup/startup_lpc55s69_cm33_core0.o
 .debug_rnglists
                0x00000000000002fe       0x25 ./source/PSW_Lab01_MO.o
 .debug_rnglists
                0x0000000000000323       0x13 ./source/semihost_hardfault.o
 .debug_rnglists
                0x0000000000000336      0x1b8 ./drivers/fsl_clock.o
 .debug_rnglists
                0x00000000000004ee       0x26 ./drivers/fsl_common_arm.o
 .debug_rnglists
                0x0000000000000514       0x67 ./drivers/fsl_flexcomm.o
 .debug_rnglists
                0x000000000000057b       0x26 ./drivers/fsl_gpio.o
 .debug_rnglists
                0x00000000000005a1       0x9e ./drivers/fsl_power.o
 .debug_rnglists
                0x000000000000063f       0x1f ./drivers/fsl_reset.o
 .debug_rnglists
                0x000000000000065e       0xbf ./drivers/fsl_usart.o
 .debug_rnglists
                0x000000000000071d       0x63 ./device/system_LPC55S69_cm33_core0.o
 .debug_rnglists
                0x0000000000000780       0x3e ./component/uart/fsl_adapter_usart.o
 .debug_rnglists
                0x00000000000007be       0x73 ./component/serial_manager/fsl_component_serial_manager.o
 .debug_rnglists
                0x0000000000000831       0x31 ./component/serial_manager/fsl_component_serial_port_uart.o
 .debug_rnglists
                0x0000000000000862       0x19 ./board/board.o
 .debug_rnglists
                0x000000000000087b       0x3a ./board/clock_config.o
 .debug_rnglists
                0x00000000000008b5       0x19 ./board/peripherals.o
 .debug_rnglists
                0x00000000000008ce       0x53 ./board/pin_mux.o

.debug_macro    0x0000000000000000    0x18671
 .debug_macro   0x0000000000000000      0x17a ./utilities/fsl_assert.o
 .debug_macro   0x000000000000017a      0xaf6 ./utilities/fsl_assert.o
 .debug_macro   0x0000000000000c70       0x10 ./utilities/fsl_assert.o
 .debug_macro   0x0000000000000c80       0x1c ./utilities/fsl_assert.o
 .debug_macro   0x0000000000000c9c       0x22 ./utilities/fsl_assert.o
 .debug_macro   0x0000000000000cbe      0x12e ./utilities/fsl_assert.o
 .debug_macro   0x0000000000000dec      0x5b3 ./utilities/fsl_assert.o
 .debug_macro   0x000000000000139f       0x22 ./utilities/fsl_assert.o
 .debug_macro   0x00000000000013c1       0x10 ./utilities/fsl_assert.o
 .debug_macro   0x00000000000013d1       0x46 ./utilities/fsl_assert.o
 .debug_macro   0x0000000000001417       0x1c ./utilities/fsl_assert.o
 .debug_macro   0x0000000000001433       0x29 ./utilities/fsl_assert.o
 .debug_macro   0x000000000000145c       0xfb ./utilities/fsl_assert.o
 .debug_macro   0x0000000000001557     0x167e ./utilities/fsl_assert.o
 .debug_macro   0x0000000000002bd5       0x5e ./utilities/fsl_assert.o
 .debug_macro   0x0000000000002c33       0x2e ./utilities/fsl_assert.o
 .debug_macro   0x0000000000002c61    0x11716 ./utilities/fsl_assert.o
 .debug_macro   0x0000000000014377      0x466 ./utilities/fsl_assert.o
 .debug_macro   0x00000000000147dd       0x7a ./utilities/fsl_assert.o
 .debug_macro   0x0000000000014857       0xaf ./utilities/fsl_assert.o
 .debug_macro   0x0000000000014906      0x2ca ./utilities/fsl_assert.o
 .debug_macro   0x0000000000014bd0       0x16 ./utilities/fsl_assert.o
 .debug_macro   0x0000000000014be6       0xee ./utilities/fsl_assert.o
 .debug_macro   0x0000000000014cd4       0x7a ./utilities/fsl_assert.o
 .debug_macro   0x0000000000014d4e       0x47 ./utilities/fsl_assert.o
 .debug_macro   0x0000000000014d95       0x16 ./utilities/fsl_assert.o
 .debug_macro   0x0000000000014dab       0x6d ./utilities/fsl_assert.o
 .debug_macro   0x0000000000014e18       0x16 ./utilities/fsl_assert.o
 .debug_macro   0x0000000000014e2e       0x1c ./utilities/fsl_assert.o
 .debug_macro   0x0000000000014e4a       0x1c ./utilities/fsl_assert.o
 .debug_macro   0x0000000000014e66      0x1f1 ./utilities/fsl_debug_console.o
 .debug_macro   0x0000000000015057       0x16 ./utilities/fsl_debug_console.o
 .debug_macro   0x000000000001506d       0x10 ./utilities/fsl_debug_console.o
 .debug_macro   0x000000000001507d       0x28 ./utilities/fsl_debug_console.o
 .debug_macro   0x00000000000150a5       0x3c ./utilities/fsl_debug_console.o
 .debug_macro   0x00000000000150e1       0x1c ./utilities/fsl_debug_console.o
 .debug_macro   0x00000000000150fd       0x1c ./utilities/fsl_debug_console.o
 .debug_macro   0x0000000000015119      0x174 ./utilities/fsl_str.o
 .debug_macro   0x000000000001528d       0xc4 ./utilities/fsl_str.o
 .debug_macro   0x0000000000015351      0x1c7 ./utilities/fsl_str.o
 .debug_macro   0x0000000000015518       0x16 ./utilities/fsl_str.o
 .debug_macro   0x000000000001552e       0x29 ./startup/startup_lpc55s69_cm33_core0.o
 .debug_macro   0x0000000000015557      0x1dc ./source/PSW_Lab01_MO.o
 .debug_macro   0x0000000000015733       0xd8 ./source/PSW_Lab01_MO.o
 .debug_macro   0x000000000001580b      0x4a0 ./source/PSW_Lab01_MO.o
 .debug_macro   0x0000000000015cab       0x10 ./source/PSW_Lab01_MO.o
 .debug_macro   0x0000000000015cbb       0xfe ./source/PSW_Lab01_MO.o
 .debug_macro   0x0000000000015db9      0x1f0 ./source/PSW_Lab01_MO.o
 .debug_macro   0x0000000000015fa9      0x3dd ./source/PSW_Lab01_MO.o
 .debug_macro   0x0000000000016386       0x11 ./source/semihost_hardfault.o
 .debug_macro   0x0000000000016397      0x1db ./drivers/fsl_clock.o
 .debug_macro   0x0000000000016572      0x304 ./drivers/fsl_clock.o
 .debug_macro   0x0000000000016876      0x13c ./drivers/fsl_common_arm.o
 .debug_macro   0x00000000000169b2      0x145 ./drivers/fsl_flexcomm.o
 .debug_macro   0x0000000000016af7       0x10 ./drivers/fsl_flexcomm.o
 .debug_macro   0x0000000000016b07      0x14c ./drivers/fsl_gpio.o
 .debug_macro   0x0000000000016c53      0x410 ./drivers/fsl_power.o
 .debug_macro   0x0000000000017063      0x13c ./drivers/fsl_reset.o
 .debug_macro   0x000000000001719f      0x154 ./drivers/fsl_usart.o
 .debug_macro   0x00000000000172f3       0x1c ./drivers/fsl_usart.o
 .debug_macro   0x000000000001730f       0xc1 ./device/system_LPC55S69_cm33_core0.o
 .debug_macro   0x00000000000173d0      0x151 ./component/uart/fsl_adapter_usart.o
 .debug_macro   0x0000000000017521       0x22 ./component/uart/fsl_adapter_usart.o
 .debug_macro   0x0000000000017543       0x47 ./component/uart/fsl_adapter_usart.o
 .debug_macro   0x000000000001758a      0x1bb ./component/serial_manager/fsl_component_serial_manager.o
 .debug_macro   0x0000000000017745       0x74 ./component/serial_manager/fsl_component_serial_manager.o
 .debug_macro   0x00000000000177b9      0x179 ./component/serial_manager/fsl_component_serial_port_uart.o
 .debug_macro   0x0000000000017932      0x1ae ./board/board.o
 .debug_macro   0x0000000000017ae0      0x4a6 ./board/board.o
 .debug_macro   0x0000000000017f86      0x15c ./board/clock_config.o
 .debug_macro   0x00000000000180e2      0x2fe ./board/clock_config.o
 .debug_macro   0x00000000000183e0      0x140 ./board/peripherals.o
 .debug_macro   0x0000000000018520      0x151 ./board/pin_mux.o

.debug_line     0x0000000000000000     0xa073
 .debug_line    0x0000000000000000      0x501 ./utilities/fsl_assert.o
 .debug_line    0x0000000000000501      0x925 ./utilities/fsl_debug_console.o
 .debug_line    0x0000000000000e26      0xb6e ./utilities/fsl_str.o
 .debug_line    0x0000000000001994      0x834 ./startup/startup_lpc55s69_cm33_core0.o
 .debug_line    0x00000000000021c8      0x665 ./source/PSW_Lab01_MO.o
 .debug_line    0x000000000000282d       0x59 ./source/semihost_hardfault.o
 .debug_line    0x0000000000002886     0x177b ./drivers/fsl_clock.o
 .debug_line    0x0000000000004001      0x402 ./drivers/fsl_common_arm.o
 .debug_line    0x0000000000004403      0x63d ./drivers/fsl_flexcomm.o
 .debug_line    0x0000000000004a40      0x41f ./drivers/fsl_gpio.o
 .debug_line    0x0000000000004e5f      0xebf ./drivers/fsl_power.o
 .debug_line    0x0000000000005d1e      0x406 ./drivers/fsl_reset.o
 .debug_line    0x0000000000006124      0xffc ./drivers/fsl_usart.o
 .debug_line    0x0000000000007120      0x6d9 ./device/system_LPC55S69_cm33_core0.o
 .debug_line    0x00000000000077f9      0x5c3 ./component/uart/fsl_adapter_usart.o
 .debug_line    0x0000000000007dbc      0x817 ./component/serial_manager/fsl_component_serial_manager.o
 .debug_line    0x00000000000085d3      0x5d2 ./component/serial_manager/fsl_component_serial_port_uart.o
 .debug_line    0x0000000000008ba5      0x5a5 ./board/board.o
 .debug_line    0x000000000000914a      0x4fa ./board/clock_config.o
 .debug_line    0x0000000000009644      0x3e8 ./board/peripherals.o
 .debug_line    0x0000000000009a2c      0x647 ./board/pin_mux.o

.debug_str      0x0000000000000000    0xc3eb7
 .debug_str     0x0000000000000000    0xb3cf2 ./utilities/fsl_assert.o
                                      0xb3d88 (size before relaxing)
 .debug_str     0x00000000000b3cf2     0x1810 ./utilities/fsl_debug_console.o
                                      0xb55ed (size before relaxing)
 .debug_str     0x00000000000b5502      0xbf8 ./utilities/fsl_str.o
                                      0xb3f49 (size before relaxing)
 .debug_str     0x00000000000b60fa      0x6a9 ./startup/startup_lpc55s69_cm33_core0.o
                                       0x3608 (size before relaxing)
 .debug_str     0x00000000000b67a3     0x459b ./source/PSW_Lab01_MO.o
                                      0xb8327 (size before relaxing)
 .debug_str     0x00000000000bad3e       0x1f ./source/semihost_hardfault.o
                                       0x2f21 (size before relaxing)
 .debug_str     0x00000000000bad5d     0x42f3 ./drivers/fsl_clock.o
                                      0xb8125 (size before relaxing)
 .debug_str     0x00000000000bf050      0x392 ./drivers/fsl_common_arm.o
                                      0xb35c9 (size before relaxing)
 .debug_str     0x00000000000bf3e2      0xd14 ./drivers/fsl_flexcomm.o
                                      0xb577f (size before relaxing)
 .debug_str     0x00000000000c00f6      0x11c ./drivers/fsl_gpio.o
                                      0xb50f4 (size before relaxing)
 .debug_str     0x00000000000c0212     0x2175 ./drivers/fsl_power.o
                                      0xb85c6 (size before relaxing)
 .debug_str     0x00000000000c2387       0x98 ./drivers/fsl_reset.o
                                      0xb4033 (size before relaxing)
 .debug_str     0x00000000000c241f      0xda7 ./drivers/fsl_usart.o
                                      0xb517a (size before relaxing)
 .debug_str     0x00000000000c31c6      0x124 ./device/system_LPC55S69_cm33_core0.o
                                      0xb1226 (size before relaxing)
 .debug_str     0x00000000000c32ea      0x318 ./component/uart/fsl_adapter_usart.o
                                      0xb48e2 (size before relaxing)
 .debug_str     0x00000000000c3602      0x4d8 ./component/serial_manager/fsl_component_serial_manager.o
                                      0xb508a (size before relaxing)
 .debug_str     0x00000000000c3ada       0x92 ./component/serial_manager/fsl_component_serial_port_uart.o
                                      0xb41ae (size before relaxing)
 .debug_str     0x00000000000c3b6c       0x3d ./board/board.o
                                      0xb835b (size before relaxing)
 .debug_str     0x00000000000c3ba9       0x97 ./board/clock_config.o
                                      0xb7d4b (size before relaxing)
 .debug_str     0x00000000000c3c40       0x38 ./board/peripherals.o
                                      0xb3252 (size before relaxing)
 .debug_str     0x00000000000c3c78      0x23f ./board/pin_mux.o
                                      0xb5801 (size before relaxing)

.comment        0x0000000000000000       0x45
 .comment       0x0000000000000000       0x45 ./utilities/fsl_assert.o
                                         0x46 (size before relaxing)
 .comment       0x0000000000000045       0x46 ./utilities/fsl_debug_console.o
 .comment       0x0000000000000045       0x46 ./utilities/fsl_str.o
 .comment       0x0000000000000045       0x46 ./startup/startup_lpc55s69_cm33_core0.o
 .comment       0x0000000000000045       0x46 ./source/PSW_Lab01_MO.o
 .comment       0x0000000000000045       0x46 ./source/semihost_hardfault.o
 .comment       0x0000000000000045       0x46 ./drivers/fsl_clock.o
 .comment       0x0000000000000045       0x46 ./drivers/fsl_common_arm.o
 .comment       0x0000000000000045       0x46 ./drivers/fsl_flexcomm.o
 .comment       0x0000000000000045       0x46 ./drivers/fsl_gpio.o
 .comment       0x0000000000000045       0x46 ./drivers/fsl_power.o
 .comment       0x0000000000000045       0x46 ./drivers/fsl_reset.o
 .comment       0x0000000000000045       0x46 ./drivers/fsl_usart.o
 .comment       0x0000000000000045       0x46 ./device/system_LPC55S69_cm33_core0.o
 .comment       0x0000000000000045       0x46 ./component/uart/fsl_adapter_usart.o
 .comment       0x0000000000000045       0x46 ./component/serial_manager/fsl_component_serial_manager.o
 .comment       0x0000000000000045       0x46 ./component/serial_manager/fsl_component_serial_port_uart.o
 .comment       0x0000000000000045       0x46 ./board/board.o
 .comment       0x0000000000000045       0x46 ./board/clock_config.o
 .comment       0x0000000000000045       0x46 ./board/peripherals.o
 .comment       0x0000000000000045       0x46 ./board/pin_mux.o
 .comment       0x0000000000000045       0x46 /Applications/MCUXpressoIDE_11.8.0_1165/ide/plugins/com.nxp.mcuxpresso.tools.macosx_11.8.0.202306131047/tools/bin/../lib/gcc/arm-none-eabi/12.2.1/../../../../arm-none-eabi/lib/thumb/v8-m.main+fp/hard/libcr_nohost_nf.a(_cr__main.o)
 .comment       0x0000000000000045       0x46 /Applications/MCUXpressoIDE_11.8.0_1165/ide/plugins/com.nxp.mcuxpresso.tools.macosx_11.8.0.202306131047/tools/bin/../lib/gcc/arm-none-eabi/12.2.1/../../../../arm-none-eabi/lib/thumb/v8-m.main+fp/hard/libcr_c.a(memcpy.o)
 .comment       0x0000000000000045       0x46 /Applications/MCUXpressoIDE_11.8.0_1165/ide/plugins/com.nxp.mcuxpresso.tools.macosx_11.8.0.202306131047/tools/bin/../lib/gcc/arm-none-eabi/12.2.1/../../../../arm-none-eabi/lib/thumb/v8-m.main+fp/hard/libcr_c.a(memset.o)
 .comment       0x0000000000000045       0x46 /Applications/MCUXpressoIDE_11.8.0_1165/ide/plugins/com.nxp.mcuxpresso.tools.macosx_11.8.0.202306131047/tools/bin/../lib/gcc/arm-none-eabi/12.2.1/../../../../arm-none-eabi/lib/thumb/v8-m.main+fp/hard/libcr_c.a(alloc.o)
 .comment       0x0000000000000045       0x46 /Applications/MCUXpressoIDE_11.8.0_1165/ide/plugins/com.nxp.mcuxpresso.tools.macosx_11.8.0.202306131047/tools/bin/../lib/gcc/arm-none-eabi/12.2.1/../../../../arm-none-eabi/lib/thumb/v8-m.main+fp/hard/libcr_c.a(errno.o)
 .comment       0x0000000000000045       0x46 /Applications/MCUXpressoIDE_11.8.0_1165/ide/plugins/com.nxp.mcuxpresso.tools.macosx_11.8.0.202306131047/tools/bin/../lib/gcc/arm-none-eabi/12.2.1/../../../../arm-none-eabi/lib/thumb/v8-m.main+fp/hard/libcr_c.a(initio.o)
 .comment       0x0000000000000045       0x46 /Applications/MCUXpressoIDE_11.8.0_1165/ide/plugins/com.nxp.mcuxpresso.tools.macosx_11.8.0.202306131047/tools/bin/../lib/gcc/arm-none-eabi/12.2.1/../../../../arm-none-eabi/lib/thumb/v8-m.main+fp/hard/libcr_c.a(setvbuf.o)
 .comment       0x0000000000000045       0x46 /Applications/MCUXpressoIDE_11.8.0_1165/ide/plugins/com.nxp.mcuxpresso.tools.macosx_11.8.0.202306131047/tools/bin/../lib/gcc/arm-none-eabi/12.2.1/../../../../arm-none-eabi/lib/thumb/v8-m.main+fp/hard/libcr_c.a(strlen.o)
 .comment       0x0000000000000045       0x46 /Applications/MCUXpressoIDE_11.8.0_1165/ide/plugins/com.nxp.mcuxpresso.tools.macosx_11.8.0.202306131047/tools/bin/../lib/gcc/arm-none-eabi/12.2.1/../../../../arm-none-eabi/lib/thumb/v8-m.main+fp/hard/libcr_c.a(_deferredlazyseek.o)
 .comment       0x0000000000000045       0x46 /Applications/MCUXpressoIDE_11.8.0_1165/ide/plugins/com.nxp.mcuxpresso.tools.macosx_11.8.0.202306131047/tools/bin/../lib/gcc/arm-none-eabi/12.2.1/../../../../arm-none-eabi/lib/thumb/v8-m.main+fp/hard/libcr_c.a(_fdopen.o)
 .comment       0x0000000000000045       0x46 /Applications/MCUXpressoIDE_11.8.0_1165/ide/plugins/com.nxp.mcuxpresso.tools.macosx_11.8.0.202306131047/tools/bin/../lib/gcc/arm-none-eabi/12.2.1/../../../../arm-none-eabi/lib/thumb/v8-m.main+fp/hard/libcr_c.a(_fflush.o)
 .comment       0x0000000000000045       0x46 /Applications/MCUXpressoIDE_11.8.0_1165/ide/plugins/com.nxp.mcuxpresso.tools.macosx_11.8.0.202306131047/tools/bin/../lib/gcc/arm-none-eabi/12.2.1/../../../../arm-none-eabi/lib/thumb/v8-m.main+fp/hard/libcr_c.a(_writebuf.o)
 .comment       0x0000000000000045       0x46 /Applications/MCUXpressoIDE_11.8.0_1165/ide/plugins/com.nxp.mcuxpresso.tools.macosx_11.8.0.202306131047/tools/bin/../lib/gcc/arm-none-eabi/12.2.1/../../../../arm-none-eabi/lib/thumb/v8-m.main+fp/hard/libcr_c.a(fclose.o)
 .comment       0x0000000000000045       0x46 /Applications/MCUXpressoIDE_11.8.0_1165/ide/plugins/com.nxp.mcuxpresso.tools.macosx_11.8.0.202306131047/tools/bin/../lib/gcc/arm-none-eabi/12.2.1/../../../../arm-none-eabi/lib/thumb/v8-m.main+fp/hard/libcr_c.a(fflush.o)
 .comment       0x0000000000000045       0x46 /Applications/MCUXpressoIDE_11.8.0_1165/ide/plugins/com.nxp.mcuxpresso.tools.macosx_11.8.0.202306131047/tools/bin/../lib/gcc/arm-none-eabi/12.2.1/../../../../arm-none-eabi/lib/thumb/v8-m.main+fp/hard/libcr_c.a(fseek.o)
 .comment       0x0000000000000045       0x46 /Applications/MCUXpressoIDE_11.8.0_1165/ide/plugins/com.nxp.mcuxpresso.tools.macosx_11.8.0.202306131047/tools/bin/../lib/gcc/arm-none-eabi/12.2.1/../../../../arm-none-eabi/lib/thumb/v8-m.main+fp/hard/libcr_c.a(ftell.o)
 .comment       0x0000000000000045       0x46 /Applications/MCUXpressoIDE_11.8.0_1165/ide/plugins/com.nxp.mcuxpresso.tools.macosx_11.8.0.202306131047/tools/bin/../lib/gcc/arm-none-eabi/12.2.1/../../../../arm-none-eabi/lib/thumb/v8-m.main+fp/hard/libcr_c.a(remove.o)
 .comment       0x0000000000000045       0x46 /Applications/MCUXpressoIDE_11.8.0_1165/ide/plugins/com.nxp.mcuxpresso.tools.macosx_11.8.0.202306131047/tools/bin/../lib/gcc/arm-none-eabi/12.2.1/../../../../arm-none-eabi/lib/thumb/v8-m.main+fp/hard/libcr_c.a(_do_fflush.o)
 .comment       0x0000000000000045       0x46 /Applications/MCUXpressoIDE_11.8.0_1165/ide/plugins/com.nxp.mcuxpresso.tools.macosx_11.8.0.202306131047/tools/bin/../lib/gcc/arm-none-eabi/12.2.1/../../../../arm-none-eabi/lib/thumb/v8-m.main+fp/hard/libcr_nohost_nf.a(__ciob.o)
 .comment       0x0000000000000045       0x46 /Applications/MCUXpressoIDE_11.8.0_1165/ide/plugins/com.nxp.mcuxpresso.tools.macosx_11.8.0.202306131047/tools/bin/../lib/gcc/arm-none-eabi/12.2.1/../../../../arm-none-eabi/lib/thumb/v8-m.main+fp/hard/libcr_nohost_nf.a(__sys_close.o)
 .comment       0x0000000000000045       0x46 /Applications/MCUXpressoIDE_11.8.0_1165/ide/plugins/com.nxp.mcuxpresso.tools.macosx_11.8.0.202306131047/tools/bin/../lib/gcc/arm-none-eabi/12.2.1/../../../../arm-none-eabi/lib/thumb/v8-m.main+fp/hard/libcr_nohost_nf.a(__sys_flen.o)
 .comment       0x0000000000000045       0x46 /Applications/MCUXpressoIDE_11.8.0_1165/ide/plugins/com.nxp.mcuxpresso.tools.macosx_11.8.0.202306131047/tools/bin/../lib/gcc/arm-none-eabi/12.2.1/../../../../arm-none-eabi/lib/thumb/v8-m.main+fp/hard/libcr_nohost_nf.a(__sys_istty.o)
 .comment       0x0000000000000045       0x46 /Applications/MCUXpressoIDE_11.8.0_1165/ide/plugins/com.nxp.mcuxpresso.tools.macosx_11.8.0.202306131047/tools/bin/../lib/gcc/arm-none-eabi/12.2.1/../../../../arm-none-eabi/lib/thumb/v8-m.main+fp/hard/libcr_nohost_nf.a(__sys_remove.o)
 .comment       0x0000000000000045       0x46 /Applications/MCUXpressoIDE_11.8.0_1165/ide/plugins/com.nxp.mcuxpresso.tools.macosx_11.8.0.202306131047/tools/bin/../lib/gcc/arm-none-eabi/12.2.1/../../../../arm-none-eabi/lib/thumb/v8-m.main+fp/hard/libcr_nohost_nf.a(__sys_seek.o)
 .comment       0x0000000000000045       0x46 /Applications/MCUXpressoIDE_11.8.0_1165/ide/plugins/com.nxp.mcuxpresso.tools.macosx_11.8.0.202306131047/tools/bin/../lib/gcc/arm-none-eabi/12.2.1/../../../../arm-none-eabi/lib/thumb/v8-m.main+fp/hard/libcr_nohost_nf.a(__sys_tmpnam.o)
 .comment       0x0000000000000045       0x46 /Applications/MCUXpressoIDE_11.8.0_1165/ide/plugins/com.nxp.mcuxpresso.tools.macosx_11.8.0.202306131047/tools/bin/../lib/gcc/arm-none-eabi/12.2.1/../../../../arm-none-eabi/lib/thumb/v8-m.main+fp/hard/libcr_nohost_nf.a(__sys_write.o)

.ARM.attributes
                0x0000000000000000       0x38
 .ARM.attributes
                0x0000000000000000       0x3a ./utilities/fsl_assert.o
 .ARM.attributes
                0x000000000000003a       0x3a ./utilities/fsl_debug_console.o
 .ARM.attributes
                0x0000000000000074       0x3a ./utilities/fsl_str.o
 .ARM.attributes
                0x00000000000000ae       0x3a ./startup/startup_lpc55s69_cm33_core0.o
 .ARM.attributes
                0x00000000000000e8       0x3a ./source/PSW_Lab01_MO.o
 .ARM.attributes
                0x0000000000000122       0x3a ./source/semihost_hardfault.o
 .ARM.attributes
                0x000000000000015c       0x3a ./drivers/fsl_clock.o
 .ARM.attributes
                0x0000000000000196       0x3a ./drivers/fsl_common_arm.o
 .ARM.attributes
                0x00000000000001d0       0x3a ./drivers/fsl_flexcomm.o
 .ARM.attributes
                0x000000000000020a       0x3a ./drivers/fsl_gpio.o
 .ARM.attributes
                0x0000000000000244       0x3a ./drivers/fsl_power.o
 .ARM.attributes
                0x000000000000027e       0x3a ./drivers/fsl_reset.o
 .ARM.attributes
                0x00000000000002b8       0x3a ./drivers/fsl_usart.o
 .ARM.attributes
                0x00000000000002f2       0x3a ./device/system_LPC55S69_cm33_core0.o
 .ARM.attributes
                0x000000000000032c       0x3a ./component/uart/fsl_adapter_usart.o
 .ARM.attributes
                0x0000000000000366       0x3a ./component/serial_manager/fsl_component_serial_manager.o
 .ARM.attributes
                0x00000000000003a0       0x3a ./component/serial_manager/fsl_component_serial_port_uart.o
 .ARM.attributes
                0x00000000000003da       0x3a ./board/board.o
 .ARM.attributes
                0x0000000000000414       0x3a ./board/clock_config.o
 .ARM.attributes
                0x000000000000044e       0x3a ./board/peripherals.o
 .ARM.attributes
                0x0000000000000488       0x3a ./board/pin_mux.o
 .ARM.attributes
                0x00000000000004c2       0x38 /Applications/MCUXpressoIDE_11.8.0_1165/ide/plugins/com.nxp.mcuxpresso.tools.macosx_11.8.0.202306131047/tools/bin/../lib/gcc/arm-none-eabi/12.2.1/../../../../arm-none-eabi/lib/thumb/v8-m.main+fp/hard/libcr_nohost_nf.a(_cr__main.o)
 .ARM.attributes
                0x00000000000004fa       0x38 /Applications/MCUXpressoIDE_11.8.0_1165/ide/plugins/com.nxp.mcuxpresso.tools.macosx_11.8.0.202306131047/tools/bin/../lib/gcc/arm-none-eabi/12.2.1/../../../../arm-none-eabi/lib/thumb/v8-m.main+fp/hard/libcr_c.a(memcpy.o)
 .ARM.attributes
                0x0000000000000532       0x38 /Applications/MCUXpressoIDE_11.8.0_1165/ide/plugins/com.nxp.mcuxpresso.tools.macosx_11.8.0.202306131047/tools/bin/../lib/gcc/arm-none-eabi/12.2.1/../../../../arm-none-eabi/lib/thumb/v8-m.main+fp/hard/libcr_c.a(memset.o)
 .ARM.attributes
                0x000000000000056a       0x38 /Applications/MCUXpressoIDE_11.8.0_1165/ide/plugins/com.nxp.mcuxpresso.tools.macosx_11.8.0.202306131047/tools/bin/../lib/gcc/arm-none-eabi/12.2.1/../../../../arm-none-eabi/lib/thumb/v8-m.main+fp/hard/libcr_c.a(alloc.o)
 .ARM.attributes
                0x00000000000005a2       0x38 /Applications/MCUXpressoIDE_11.8.0_1165/ide/plugins/com.nxp.mcuxpresso.tools.macosx_11.8.0.202306131047/tools/bin/../lib/gcc/arm-none-eabi/12.2.1/../../../../arm-none-eabi/lib/thumb/v8-m.main+fp/hard/libcr_c.a(errno.o)
 .ARM.attributes
                0x00000000000005da       0x38 /Applications/MCUXpressoIDE_11.8.0_1165/ide/plugins/com.nxp.mcuxpresso.tools.macosx_11.8.0.202306131047/tools/bin/../lib/gcc/arm-none-eabi/12.2.1/../../../../arm-none-eabi/lib/thumb/v8-m.main+fp/hard/libcr_c.a(initio.o)
 .ARM.attributes
                0x0000000000000612       0x38 /Applications/MCUXpressoIDE_11.8.0_1165/ide/plugins/com.nxp.mcuxpresso.tools.macosx_11.8.0.202306131047/tools/bin/../lib/gcc/arm-none-eabi/12.2.1/../../../../arm-none-eabi/lib/thumb/v8-m.main+fp/hard/libcr_c.a(setvbuf.o)
 .ARM.attributes
                0x000000000000064a       0x38 /Applications/MCUXpressoIDE_11.8.0_1165/ide/plugins/com.nxp.mcuxpresso.tools.macosx_11.8.0.202306131047/tools/bin/../lib/gcc/arm-none-eabi/12.2.1/../../../../arm-none-eabi/lib/thumb/v8-m.main+fp/hard/libcr_c.a(strlen.o)
 .ARM.attributes
                0x0000000000000682       0x38 /Applications/MCUXpressoIDE_11.8.0_1165/ide/plugins/com.nxp.mcuxpresso.tools.macosx_11.8.0.202306131047/tools/bin/../lib/gcc/arm-none-eabi/12.2.1/../../../../arm-none-eabi/lib/thumb/v8-m.main+fp/hard/libcr_c.a(_deferredlazyseek.o)
 .ARM.attributes
                0x00000000000006ba       0x38 /Applications/MCUXpressoIDE_11.8.0_1165/ide/plugins/com.nxp.mcuxpresso.tools.macosx_11.8.0.202306131047/tools/bin/../lib/gcc/arm-none-eabi/12.2.1/../../../../arm-none-eabi/lib/thumb/v8-m.main+fp/hard/libcr_c.a(_fdopen.o)
 .ARM.attributes
                0x00000000000006f2       0x38 /Applications/MCUXpressoIDE_11.8.0_1165/ide/plugins/com.nxp.mcuxpresso.tools.macosx_11.8.0.202306131047/tools/bin/../lib/gcc/arm-none-eabi/12.2.1/../../../../arm-none-eabi/lib/thumb/v8-m.main+fp/hard/libcr_c.a(_fflush.o)
 .ARM.attributes
                0x000000000000072a       0x38 /Applications/MCUXpressoIDE_11.8.0_1165/ide/plugins/com.nxp.mcuxpresso.tools.macosx_11.8.0.202306131047/tools/bin/../lib/gcc/arm-none-eabi/12.2.1/../../../../arm-none-eabi/lib/thumb/v8-m.main+fp/hard/libcr_c.a(_writebuf.o)
 .ARM.attributes
                0x0000000000000762       0x38 /Applications/MCUXpressoIDE_11.8.0_1165/ide/plugins/com.nxp.mcuxpresso.tools.macosx_11.8.0.202306131047/tools/bin/../lib/gcc/arm-none-eabi/12.2.1/../../../../arm-none-eabi/lib/thumb/v8-m.main+fp/hard/libcr_c.a(fclose.o)
 .ARM.attributes