Archive member included to satisfy reference by file (symbol)

/Applications/MCUXpressoIDE_11.8.0_1165/ide/plugins/com.nxp.mcuxpresso.tools.macosx_11.8.0.202306131047/tools/bin/../lib/gcc/arm-none-eabi/12.2.1/../../../../arm-none-eabi/lib/thumb/v8-m.main+fp/hard/libcr_nohost_nf.a(_cr__main.o)
                              ./startup/startup_lpc55s69_cm33_core0.o (__main)
/Applications/MCUXpressoIDE_11.8.0_1165/ide/plugins/com.nxp.mcuxpresso.tools.macosx_11.8.0.202306131047/tools/bin/../lib/gcc/arm-none-eabi/12.2.1/../../../../arm-none-eabi/lib/thumb/v8-m.main+fp/hard/libcr_c.a(cosf.o)
                              ./source/oled.o (cosf)
/Applications/MCUXpressoIDE_11.8.0_1165/ide/plugins/com.nxp.mcuxpresso.tools.macosx_11.8.0.202306131047/tools/bin/../lib/gcc/arm-none-eabi/12.2.1/../../../../arm-none-eabi/lib/thumb/v8-m.main+fp/hard/libcr_c.a(sinf.o)
                              ./source/oled.o (sinf)
/Applications/MCUXpressoIDE_11.8.0_1165/ide/plugins/com.nxp.mcuxpresso.tools.macosx_11.8.0.202306131047/tools/bin/../lib/gcc/arm-none-eabi/12.2.1/../../../../arm-none-eabi/lib/thumb/v8-m.main+fp/hard/libcr_c.a(memcpy.o)
                              ./utilities/fsl_str.o (memcpy)
/Applications/MCUXpressoIDE_11.8.0_1165/ide/plugins/com.nxp.mcuxpresso.tools.macosx_11.8.0.202306131047/tools/bin/../lib/gcc/arm-none-eabi/12.2.1/../../../../arm-none-eabi/lib/thumb/v8-m.main+fp/hard/libcr_c.a(memset.o)
                              ./utilities/fsl_debug_console.o (memset)
/Applications/MCUXpressoIDE_11.8.0_1165/ide/plugins/com.nxp.mcuxpresso.tools.macosx_11.8.0.202306131047/tools/bin/../lib/gcc/arm-none-eabi/12.2.1/../../../../arm-none-eabi/lib/thumb/v8-m.main+fp/hard/libcr_c.a(alloc.o)
                              ./drivers/fsl_common.o (malloc)
/Applications/MCUXpressoIDE_11.8.0_1165/ide/plugins/com.nxp.mcuxpresso.tools.macosx_11.8.0.202306131047/tools/bin/../lib/gcc/arm-none-eabi/12.2.1/../../../../arm-none-eabi/lib/thumb/v8-m.main+fp/hard/libcr_c.a(errno.o)
                              ./utilities/fsl_str.o (errno)
/Applications/MCUXpressoIDE_11.8.0_1165/ide/plugins/com.nxp.mcuxpresso.tools.macosx_11.8.0.202306131047/tools/bin/../lib/gcc/arm-none-eabi/12.2.1/../../../../arm-none-eabi/lib/thumb/v8-m.main+fp/hard/libcr_c.a(initio.o)
                              /Applications/MCUXpressoIDE_11.8.0_1165/ide/plugins/com.nxp.mcuxpresso.tools.macosx_11.8.0.202306131047/tools/bin/../lib/gcc/arm-none-eabi/12.2.1/../../../../arm-none-eabi/lib/thumb/v8-m.main+fp/hard/libcr_nohost_nf.a(_cr__main.o) (_initio)
/Applications/MCUXpressoIDE_11.8.0_1165/ide/plugins/com.nxp.mcuxpresso.tools.macosx_11.8.0.202306131047/tools/bin/../lib/gcc/arm-none-eabi/12.2.1/../../../../arm-none-eabi/lib/thumb/v8-m.main+fp/hard/libcr_c.a(pow.o)
                              ./source/oled.o (pow)
/Applications/MCUXpressoIDE_11.8.0_1165/ide/plugins/com.nxp.mcuxpresso.tools.macosx_11.8.0.202306131047/tools/bin/../lib/gcc/arm-none-eabi/12.2.1/../../../../arm-none-eabi/lib/thumb/v8-m.main+fp/hard/libcr_c.a(printf.o)
                              ./source/LPC55S69_ProjectMOLAB3.o (_sprintf)
/Applications/MCUXpressoIDE_11.8.0_1165/ide/plugins/com.nxp.mcuxpresso.tools.macosx_11.8.0.202306131047/tools/bin/../lib/gcc/arm-none-eabi/12.2.1/../../../../arm-none-eabi/lib/thumb/v8-m.main+fp/hard/libcr_c.a(scanf.o)
                              ./utilities/fsl_str.o (strtoul)
/Applications/MCUXpressoIDE_11.8.0_1165/ide/plugins/com.nxp.mcuxpresso.tools.macosx_11.8.0.202306131047/tools/bin/../lib/gcc/arm-none-eabi/12.2.1/../../../../arm-none-eabi/lib/thumb/v8-m.main+fp/hard/libcr_c.a(setvbuf.o)
                              /Applications/MCUXpressoIDE_11.8.0_1165/ide/plugins/com.nxp.mcuxpresso.tools.macosx_11.8.0.202306131047/tools/bin/../lib/gcc/arm-none-eabi/12.2.1/../../../../arm-none-eabi/lib/thumb/v8-m.main+fp/hard/libcr_c.a(initio.o) (setvbuf)
/Applications/MCUXpressoIDE_11.8.0_1165/ide/plugins/com.nxp.mcuxpresso.tools.macosx_11.8.0.202306131047/tools/bin/../lib/gcc/arm-none-eabi/12.2.1/../../../../arm-none-eabi/lib/thumb/v8-m.main+fp/hard/libcr_c.a(stdlib.o)
                              ./source/oled.o (abs)
/Applications/MCUXpressoIDE_11.8.0_1165/ide/plugins/com.nxp.mcuxpresso.tools.macosx_11.8.0.202306131047/tools/bin/../lib/gcc/arm-none-eabi/12.2.1/../../../../arm-none-eabi/lib/thumb/v8-m.main+fp/hard/libcr_c.a(strlen.o)
                              ./utilities/fsl_str.o (strlen)
/Applications/MCUXpressoIDE_11.8.0_1165/ide/plugins/com.nxp.mcuxpresso.tools.macosx_11.8.0.202306131047/tools/bin/../lib/gcc/arm-none-eabi/12.2.1/../../../../arm-none-eabi/lib/thumb/v8-m.main+fp/hard/libcr_c.a(ungetc.o)
                              /Applications/MCUXpressoIDE_11.8.0_1165/ide/plugins/com.nxp.mcuxpresso.tools.macosx_11.8.0.202306131047/tools/bin/../lib/gcc/arm-none-eabi/12.2.1/../../../../arm-none-eabi/lib/thumb/v8-m.main+fp/hard/libcr_c.a(scanf.o) (ungetc)
[...]
Memory Configuration

Name             Origin             Length             Attributes
PROGRAM_FLASH    0x0000000000000000 0x000000000009d800 xr
SRAM             0x0000000020000000 0x0000000000040000 xrw
SRAMX            0x0000000004000000 0x0000000000008000 xrw
USB_RAM          0x0000000040100000 0x0000000000004000 xrw
SRAM4            0x0000000020040000 0x0000000000004000 xrw
*default*        0x0000000000000000 0xffffffffffffffff

Linker script and memory map

LOAD ./utilities/fsl_assert.o
LOAD ./utilities/fsl_debug_console.o
LOAD ./utilities/fsl_str.o
LOAD ./startup/boot_multicore_slave.o
LOAD ./startup/startup_lpc55s69_cm33_core0.o
LOAD ./source/LPC55S69_ProjectMOLAB3.o
LOAD ./source/oled.o
LOAD ./source/semihost_hardfault.o
LOAD ./drivers/fsl_clock.o
LOAD ./drivers/fsl_common.o
LOAD ./drivers/fsl_common_arm.o
LOAD ./drivers/fsl_flexcomm.o
LOAD ./drivers/fsl_gpio.o
LOAD ./drivers/fsl_i2c.o
LOAD ./drivers/fsl_inputmux.o
LOAD ./drivers/fsl_pint.o
LOAD ./drivers/fsl_power.o
LOAD ./drivers/fsl_reset.o
LOAD ./drivers/fsl_usart.o
LOAD ./device/system_LPC55S69_cm33_core0.o
LOAD ./component/uart/fsl_adapter_usart.o
LOAD ./component/serial_manager/fsl_component_serial_manager.o
LOAD ./component/serial_manager/fsl_component_serial_port_uart.o
LOAD ./component/lists/fsl_component_generic_list.o
LOAD ./board/board.o
LOAD ./board/clock_config.o
LOAD ./board/peripherals.o
LOAD ./board/pin_mux.o
START GROUP
LOAD /Applications/MCUXpressoIDE_11.8.0_1165/ide/plugins/com.nxp.mcuxpresso.tools.macosx_11.8.0.202306131047/tools/bin/../lib/gcc/arm-none-eabi/12.2.1/../../../../arm-none-eabi/lib/thumb/v8-m.main+fp/hard/libcr_nohost_nf.a
LOAD /Applications/MCUXpressoIDE_11.8.0_1165/ide/plugins/com.nxp.mcuxpresso.tools.macosx_11.8.0.202306131047/tools/bin/../lib/gcc/arm-none-eabi/12.2.1/../../../../arm-none-eabi/lib/thumb/v8-m.main+fp/hard/libcr_c.a
LOAD /Applications/MCUXpressoIDE_11.8.0_1165/ide/plugins/com.nxp.mcuxpresso.tools.macosx_11.8.0.202306131047/tools/bin/../lib/gcc/arm-none-eabi/12.2.1/thumb/v8-m.main+fp/hard/libcr_eabihelpers.a
LOAD /Applications/MCUXpressoIDE_11.8.0_1165/ide/plugins/com.nxp.mcuxpresso.tools.macosx_11.8.0.202306131047/tools/bin/../lib/gcc/arm-none-eabi/12.2.1/thumb/v8-m.main+fp/hard/libgcc.a
END GROUP
                0x0000000000000000                __base_PROGRAM_FLASH = 0x0
                0x0000000000000000                __base_Flash = 0x0
                0x000000000009d800                __top_PROGRAM_FLASH = 0x9d800
                0x000000000009d800                __top_Flash = 0x9d800
                0x0000000020000000                __base_SRAM = 0x20000000
                0x0000000020000000                __base_RAM = 0x20000000
                0x0000000020040000                __top_SRAM = 0x20040000
                0x0000000020040000                __top_RAM = 0x20040000
                0x0000000004000000                __base_SRAMX = 0x4000000
                0x0000000004000000                __base_RAM2 = 0x4000000
                0x0000000004008000                __top_SRAMX = 0x4008000
                0x0000000004008000                __top_RAM2 = 0x4008000
                0x0000000040100000                __base_USB_RAM = 0x40100000
                0x0000000040100000                __base_RAM3 = 0x40100000
                0x0000000040104000                __top_USB_RAM = 0x40104000
                0x0000000040104000                __top_RAM3 = 0x40104000
                0x0000000020040000                __base_SRAM4 = 0x20040000
                0x0000000020040000                __base_RAM4 = 0x20040000
                0x0000000020044000                __top_SRAM4 = 0x20044000
                0x0000000020044000                __top_RAM4 = 0x20044000

.text           0x0000000000000000     0x5cb8
 FILL mask 0xff
                0x0000000000000000                __vectors_start__ = ABSOLUTE (.)
 *(SORT_BY_ALIGNMENT(.isr_vector))
 .isr_vector    0x0000000000000000      0x130 ./startup/startup_lpc55s69_cm33_core0.o
                0x0000000000000000                __Vectors
                0x0000000000000000                g_pfnVectors
                0x0000000000000130                . = ALIGN (0x4)
                0x0000000000000130                __section_table_start = .
                0x0000000000000130                __data_section_table = .
                0x0000000000000130        0x4 LONG 0x5cb8 LOADADDR (.data)
                0x0000000000000134        0x4 LONG 0x20000000 ADDR (.data)
                0x0000000000000138        0x4 LONG 0xa0 SIZEOF (.data)
                0x000000000000013c        0x4 LONG 0x5cb8 LOADADDR (.data_RAM2)
                0x0000000000000140        0x4 LONG 0x4000000 ADDR (.data_RAM2)
                0x0000000000000144        0x4 LONG 0x0 SIZEOF (.data_RAM2)
                0x0000000000000148        0x4 LONG 0x5cb8 LOADADDR (.data_RAM3)
                0x000000000000014c        0x4 LONG 0x40100000 ADDR (.data_RAM3)
                0x0000000000000150        0x4 LONG 0x0 SIZEOF (.data_RAM3)
                0x0000000000000154        0x4 LONG 0x5cb8 LOADADDR (.data_RAM4)
                0x0000000000000158        0x4 LONG 0x20040000 ADDR (.data_RAM4)
                0x000000000000015c        0x4 LONG 0x0 SIZEOF (.data_RAM4)
                0x0000000000000160                __data_section_table_end = .
                0x0000000000000160                __bss_section_table = .
                0x0000000000000160        0x4 LONG 0x200000a0 ADDR (.bss)
                0x0000000000000164        0x4 LONG 0x584 SIZEOF (.bss)
                0x0000000000000168        0x4 LONG 0x4000000 ADDR (.bss_RAM2)
                0x000000000000016c        0x4 LONG 0x0 SIZEOF (.bss_RAM2)
                0x0000000000000170        0x4 LONG 0x40100000 ADDR (.bss_RAM3)
                0x0000000000000174        0x4 LONG 0x0 SIZEOF (.bss_RAM3)
                0x0000000000000178        0x4 LONG 0x20040000 ADDR (.bss_RAM4)
                0x000000000000017c        0x4 LONG 0x0 SIZEOF (.bss_RAM4)
                0x0000000000000180                __bss_section_table_end = .
                0x0000000000000180                __section_table_end = .
 *(SORT_BY_ALIGNMENT(.after_vectors*))
 .after_vectors.reset
                0x0000000000000180       0x68 ./startup/startup_lpc55s69_cm33_core0.o
                0x0000000000000180                ResetISR
 .after_vectors.init_data
                0x00000000000001e8       0x1e ./startup/startup_lpc55s69_cm33_core0.o
                0x00000000000001e8                data_init
 .after_vectors.init_bss
                0x0000000000000206       0x12 ./startup/startup_lpc55s69_cm33_core0.o
                0x0000000000000206                bss_init
 .after_vectors
                0x0000000000000218       0x16 ./startup/startup_lpc55s69_cm33_core0.o
                0x0000000000000218                NMI_Handler
                0x000000000000021c                MemManage_Handler
                0x000000000000021e                BusFault_Handler
                0x0000000000000220                UsageFault_Handler
                0x0000000000000222                SecureFault_Handler
                0x0000000000000224                SVC_Handler
                0x0000000000000226                DebugMon_Handler
                0x0000000000000228                PendSV_Handler
                0x000000000000022a                SysTick_Handler
                0x000000000000022c                CASER_DriverIRQHandler
                0x000000000000022c                MRT0_DriverIRQHandler
                0x000000000000022c                UTICK0_DriverIRQHandler
                0x000000000000022c                Reserved41_DriverIRQHandler
                0x000000000000022c                CTIMER4_DriverIRQHandler
                0x000000000000022c                GINT1_DriverIRQHandler
                0x000000000000022c                Reserved55_DriverIRQHandler
                0x000000000000022c                HASHCRYPT_DriverIRQHandler
                0x000000000000022c                USB0_NEEDCLK_DriverIRQHandler
                0x000000000000022c                CTIMER0_DriverIRQHandler
                0x000000000000022c                CTIMER1_DriverIRQHandler
                0x000000000000022c                PQ_DriverIRQHandler
                0x000000000000022c                MAILBOX_DriverIRQHandler
                0x000000000000022c                CTIMER3_DriverIRQHandler
                0x000000000000022c                Reserved61_DriverIRQHandler
                0x000000000000022c                PUF_DriverIRQHandler
                0x000000000000022c                RTC_DriverIRQHandler
                0x000000000000022c                USB1_DriverIRQHandler
                0x000000000000022c                Reserved60_DriverIRQHandler
                0x000000000000022c                DMA1_DriverIRQHandler
                0x000000000000022c                ADC0_DriverIRQHandler
                0x000000000000022c                USB1_NEEDCLK_DriverIRQHandler
                0x000000000000022c                Reserved59_DriverIRQHandler
                0x000000000000022c                SDIO_DriverIRQHandler
                0x000000000000022c                GINT0_DriverIRQHandler
                0x000000000000022c                USB1_PHY_DriverIRQHandler
                0x000000000000022c                ACMP_DriverIRQHandler
                0x000000000000022c                Reserved57_DriverIRQHandler
                0x000000000000022c                Reserved46_DriverIRQHandler
                0x000000000000022c                WDT_BOD_DriverIRQHandler
                0x000000000000022c                SCT0_DriverIRQHandler
                0x000000000000022c                PLU_DriverIRQHandler
                0x000000000000022c                OS_EVENT_DriverIRQHandler
                0x000000000000022c                SEC_HYPERVISOR_CALL_DriverIRQHandler
                0x000000000000022c                Reserved39_DriverIRQHandler
                0x000000000000022c                DMA0_DriverIRQHandler
                0x000000000000022c                Reserved42_DriverIRQHandler
                0x000000000000022c                SEC_VIO_DriverIRQHandler
                0x000000000000022c                Reserved56_DriverIRQHandler
                0x000000000000022c                CTIMER2_DriverIRQHandler
                0x000000000000022c                IntDefaultHandler
                0x000000000000022c                USB0_DriverIRQHandler
 *(SORT_BY_ALIGNMENT(.text*))
 *fill*         0x000000000000022e        0x2 ff
 .text.__assertion_failed
                0x0000000000000230       0x18 ./utilities/fsl_assert.o
                0x0000000000000230                __assertion_failed
 .text.DbgConsole_SendDataReliable
                0x0000000000000248       0x54 ./utilities/fsl_debug_console.o
                0x0000000000000248                DbgConsole_SendDataReliable
 .text.DbgConsole_Init
                0x000000000000029c      0x138 ./utilities/fsl_debug_console.o
                0x000000000000029c                DbgConsole_Init
 .text.DbgConsole_Vprintf
                0x00000000000003d4       0x6c ./utilities/fsl_debug_console.o
                0x00000000000003d4                DbgConsole_Vprintf
 .text.cbENC_INTA
                0x0000000000000440      0x154 ./source/LPC55S69_ProjectMOLAB3.o
                0x0000000000000440                cbENC_INTA
 .text.cbENC_INTS
                0x0000000000000594       0x3c ./source/LPC55S69_ProjectMOLAB3.o
                0x0000000000000594                cbENC_INTS
 .text.main     0x00000000000005d0      0x158 ./source/LPC55S69_ProjectMOLAB3.o
                0x00000000000005d0                main
 .text.OLED_Write_Byte
                0x0000000000000728       0x64 ./source/oled.o
 .text.OLED_Init
                0x000000000000078c       0xf8 ./source/oled.o
                0x000000000000078c                OLED_Init
 .text.OLED_Refresh_Gram
                0x0000000000000884       0x70 ./source/oled.o
                0x0000000000000884                OLED_Refresh_Gram
 .text.OLED_Clear_Screen
                0x00000000000008f4       0x6c ./source/oled.o
                0x00000000000008f4                OLED_Clear_Screen
 .text.OLED_Draw_Point
                0x0000000000000960       0xa8 ./source/oled.o
                0x0000000000000960                OLED_Draw_Point
 .text.OLED_Puts
                0x0000000000000a08       0xb0 ./source/oled.o
                0x0000000000000a08                OLED_Puts
 .text.POWER_EnablePD
                0x0000000000000ab8       0x20 ./drivers/fsl_clock.o
 .text.POWER_DisablePD
                0x0000000000000ad8       0x20 ./drivers/fsl_clock.o
 .text.CLOCK_AttachClk
                0x0000000000000af8       0xa0 ./drivers/fsl_clock.o
                0x0000000000000af8                CLOCK_AttachClk
 .text.CLOCK_SetClkDiv
                0x0000000000000b98       0x80 ./drivers/fsl_clock.o
                0x0000000000000b98                CLOCK_SetClkDiv
 .text.CLOCK_SetupFROClocking
                0x0000000000000c18       0x80 ./drivers/fsl_clock.o
                0x0000000000000c18                CLOCK_SetupFROClocking
 .text.CLOCK_SetFLASHAccessCyclesForFreq
                0x0000000000000c98      0x17c ./drivers/fsl_clock.o
                0x0000000000000c98                CLOCK_SetFLASHAccessCyclesForFreq
 .text.CLOCK_SetupExtClocking
                0x0000000000000e14       0x50 ./drivers/fsl_clock.o
                0x0000000000000e14                CLOCK_SetupExtClocking
 .text.CLOCK_GetFro1MFreq
                0x0000000000000e64       0x28 ./drivers/fsl_clock.o
                0x0000000000000e64                CLOCK_GetFro1MFreq
 .text.CLOCK_GetExtClkFreq
                0x0000000000000e8c       0x2c ./drivers/fsl_clock.o
                0x0000000000000e8c                CLOCK_GetExtClkFreq
 .text.CLOCK_GetOsc32KFreq
                0x0000000000000eb8       0x58 ./drivers/fsl_clock.o
                0x0000000000000eb8                CLOCK_GetOsc32KFreq
 .text.CLOCK_GetPLL0InClockRate
                0x0000000000000f10       0x64 ./drivers/fsl_clock.o
                0x0000000000000f10                CLOCK_GetPLL0InClockRate
 .text.CLOCK_SetPLL0Freq
                0x0000000000000f74      0x14c ./drivers/fsl_clock.o
                0x0000000000000f74                CLOCK_SetPLL0Freq
 .text.SDK_DelayAtLeastUs
                0x00000000000010c0       0x8c ./drivers/fsl_common_arm.o
                0x00000000000010c0                SDK_DelayAtLeastUs
 .text.FLEXCOMM_GetInstance
                0x000000000000114c       0x50 ./drivers/fsl_flexcomm.o
                0x000000000000114c                FLEXCOMM_GetInstance
 .text.FLEXCOMM_Init
                0x000000000000119c       0x50 ./drivers/fsl_flexcomm.o
                0x000000000000119c                FLEXCOMM_Init
 .text.FLEXCOMM0_DriverIRQHandler
                0x00000000000011ec       0x5c ./drivers/fsl_flexcomm.o
                0x00000000000011ec                FLEXCOMM0_DriverIRQHandler
 .text.FLEXCOMM1_DriverIRQHandler
                0x0000000000001248       0x5c ./drivers/fsl_flexcomm.o
                0x0000000000001248                FLEXCOMM1_DriverIRQHandler
 .text.FLEXCOMM2_DriverIRQHandler
                0x00000000000012a4       0x5c ./drivers/fsl_flexcomm.o
                0x00000000000012a4                FLEXCOMM2_DriverIRQHandler
 .text.FLEXCOMM3_DriverIRQHandler
                0x0000000000001300       0x5c ./drivers/fsl_flexcomm.o
                0x0000000000001300                FLEXCOMM3_DriverIRQHandler
 .text.FLEXCOMM4_DriverIRQHandler
                0x000000000000135c       0x5c ./drivers/fsl_flexcomm.o
                0x000000000000135c                FLEXCOMM4_DriverIRQHandler
 .text.FLEXCOMM5_DriverIRQHandler
                0x00000000000013b8       0x5c ./drivers/fsl_flexcomm.o
                0x00000000000013b8                FLEXCOMM5_DriverIRQHandler
 .text.FLEXCOMM6_DriverIRQHandler
                0x0000000000001414       0x5c ./drivers/fsl_flexcomm.o
                0x0000000000001414                FLEXCOMM6_DriverIRQHandler
 .text.FLEXCOMM7_DriverIRQHandler
                0x0000000000001470       0x5c ./drivers/fsl_flexcomm.o
                0x0000000000001470                FLEXCOMM7_DriverIRQHandler
 .text.FLEXCOMM8_DriverIRQHandler
                0x00000000000014cc       0x5c ./drivers/fsl_flexcomm.o
                0x00000000000014cc                FLEXCOMM8_DriverIRQHandler
 .text.I2C_ClearStatusFlags
                0x0000000000001528       0x2c ./drivers/fsl_i2c.o
 .text.I2C_MasterSetBaudRate
                0x0000000000001554      0x13c ./drivers/fsl_i2c.o
                0x0000000000001554                I2C_MasterSetBaudRate
 .text.I2C_MasterSetTimeoutValue
                0x0000000000001690       0x84 ./drivers/fsl_i2c.o
                0x0000000000001690                I2C_MasterSetTimeoutValue
 .text.I2C_PendingStatusWait
                0x0000000000001714       0x74 ./drivers/fsl_i2c.o
 .text.I2C_MasterWriteBlocking
                0x0000000000001788       0xe4 ./drivers/fsl_i2c.o
                0x0000000000001788                I2C_MasterWriteBlocking
 .text.__NVIC_EnableIRQ
                0x000000000000186c       0x3c ./drivers/fsl_pint.o
 .text.__NVIC_ClearPendingIRQ
                0x00000000000018a8       0x3c ./drivers/fsl_pint.o
 .text.PINT_Init
                0x00000000000018e4       0xd4 ./drivers/fsl_pint.o
                0x00000000000018e4                PINT_Init
 .text.PINT_PinInterruptConfig
                0x00000000000019b8       0xd0 ./drivers/fsl_pint.o
                0x00000000000019b8                PINT_PinInterruptConfig
 .text.PINT_EnableCallbackByIndex
                0x0000000000001a88       0x5c ./drivers/fsl_pint.o
                0x0000000000001a88                PINT_EnableCallbackByIndex
 .text.SEC_GPIO_INT0_IRQ0_DriverIRQHandler
                0x0000000000001ae4       0x48 ./drivers/fsl_pint.o
                0x0000000000001ae4                SEC_GPIO_INT0_IRQ0_DriverIRQHandler
 .text.SEC_GPIO_INT0_IRQ1_DriverIRQHandler
                0x0000000000001b2c       0x44 ./drivers/fsl_pint.o
                0x0000000000001b2c                SEC_GPIO_INT0_IRQ1_DriverIRQHandler
 .text.PIN_INT0_DriverIRQHandler
                0x0000000000001b70       0x48 ./drivers/fsl_pint.o
                0x0000000000001b70                PIN_INT0_DriverIRQHandler
 .text.PIN_INT1_DriverIRQHandler
                0x0000000000001bb8       0x48 ./drivers/fsl_pint.o
                0x0000000000001bb8                PIN_INT1_DriverIRQHandler
 .text.PIN_INT2_DriverIRQHandler
                0x0000000000001c00       0x48 ./drivers/fsl_pint.o
                0x0000000000001c00                PIN_INT2_DriverIRQHandler
 .text.PIN_INT3_DriverIRQHandler
                0x0000000000001c48       0x48 ./drivers/fsl_pint.o
                0x0000000000001c48                PIN_INT3_DriverIRQHandler
 .text.PIN_INT4_DriverIRQHandler
                0x0000000000001c90       0x48 ./drivers/fsl_pint.o
                0x0000000000001c90                PIN_INT4_DriverIRQHandler
 .text.PIN_INT5_DriverIRQHandler
                0x0000000000001cd8       0x48 ./drivers/fsl_pint.o
                0x0000000000001cd8                PIN_INT5_DriverIRQHandler
 .text.PIN_INT6_DriverIRQHandler
                0x0000000000001d20       0x48 ./drivers/fsl_pint.o
                0x0000000000001d20                PIN_INT6_DriverIRQHandler
 .text.PIN_INT7_DriverIRQHandler
                0x0000000000001d68       0x48 ./drivers/fsl_pint.o
                0x0000000000001d68                PIN_INT7_DriverIRQHandler
 .text.lowpower_set_system_voltage
                0x0000000000001db0      0x154 ./drivers/fsl_power.o
 .text.lowpower_set_dcdc_power_profile
                0x0000000000001f04       0xec ./drivers/fsl_power.o
 .text.lowpower_get_part_process_corner
                0x0000000000001ff0       0x94 ./drivers/fsl_power.o
 .text.POWER_SetVoltageForFreq
                0x0000000000002084       0x50 ./drivers/fsl_power.o
                0x0000000000002084                POWER_SetVoltageForFreq
 .text.RESET_SetPeripheralReset
                0x00000000000020d4       0x5c ./drivers/fsl_reset.o
                0x00000000000020d4                RESET_SetPeripheralReset
 .text.RESET_ClearPeripheralReset
                0x0000000000002130       0x60 ./drivers/fsl_reset.o
                0x0000000000002130                RESET_ClearPeripheralReset
 .text.USART_Init
                0x0000000000002190      0x1cc ./drivers/fsl_usart.o
                0x0000000000002190                USART_Init
 .text.USART_GetDefaultConfig
                0x000000000000235c       0x80 ./drivers/fsl_usart.o
                0x000000000000235c                USART_GetDefaultConfig
 .text.USART_SetBaudRate
                0x00000000000023dc      0x18c ./drivers/fsl_usart.o
                0x00000000000023dc                USART_SetBaudRate
 .text.USART_WriteBlocking
                0x0000000000002568       0x8c ./drivers/fsl_usart.o
                0x0000000000002568                USART_WriteBlocking
 .text.SystemInit
                0x00000000000025f4       0x64 ./device/system_LPC55S69_cm33_core0.o
                0x00000000000025f4                SystemInit
 .text.HAL_UartInitCommon
                0x0000000000002658      0x110 ./component/uart/fsl_adapter_usart.o
 .text.HAL_UartSendBlocking
                0x0000000000002768       0x64 ./component/uart/fsl_adapter_usart.o
                0x0000000000002768                HAL_UartSendBlocking
 .text.BOARD_InitDebugConsole
                0x00000000000027cc       0x38 ./board/board.o
                0x00000000000027cc                BOARD_InitDebugConsole
 .text.POWER_DisablePD
                0x0000000000002804       0x20 ./board/clock_config.o
 .text.BOARD_BootClockPLL150M
                0x0000000000002824       0xf4 ./board/clock_config.o
                0x0000000000002824                BOARD_BootClockPLL150M
 .text.__NVIC_SetPriority
                0x0000000000002918       0x54 ./board/peripherals.o
 .text.FLEXCOMM1_init
                0x000000000000296c       0x20 ./board/peripherals.o
 .text.PINT_init
                0x000000000000298c       0x58 ./board/peripherals.o
 .text.BOARD_InitDEBUG_UARTPins
                0x00000000000029e4       0x3c ./board/pin_mux.o
                0x00000000000029e4                BOARD_InitDEBUG_UARTPins
 .text.BOARD_InitPMODPins
                0x0000000000002a20       0xa4 ./board/pin_mux.o
                0x0000000000002a20                BOARD_InitPMODPins
 .text.malloc   0x0000000000002ac4       0xe8 /Applications/MCUXpressoIDE_11.8.0_1165/ide/plugins/com.nxp.mcuxpresso.tools.macosx_11.8.0.202306131047/tools/bin/../lib/gcc/arm-none-eabi/12.2.1/../../../../arm-none-eabi/lib/thumb/v8-m.main+fp/hard/libcr_c.a(alloc.o)
                0x0000000000002ac4                malloc
 .text._Csys_alloc
                0x0000000000002bac       0x20 /Applications/MCUXpressoIDE_11.8.0_1165/ide/plugins/com.nxp.mcuxpresso.tools.macosx_11.8.0.202306131047/tools/bin/../lib/gcc/arm-none-eabi/12.2.1/../../../../arm-none-eabi/lib/thumb/v8-m.main+fp/hard/libcr_c.a(alloc.o)
                0x0000000000002bac                _Csys_alloc
 .text._initio  0x0000000000002bcc       0x78 /Applications/MCUXpressoIDE_11.8.0_1165/ide/plugins/com.nxp.mcuxpresso.tools.macosx_11.8.0.202306131047/tools/bin/../lib/gcc/arm-none-eabi/12.2.1/../../../../arm-none-eabi/lib/thumb/v8-m.main+fp/hard/libcr_c.a(initio.o)
                0x0000000000002bcc                _initio
 .text.__vfprintf
                0x0000000000002c44      0xb78 /Applications/MCUXpressoIDE_11.8.0_1165/ide/plugins/com.nxp.mcuxpresso.tools.macosx_11.8.0.202306131047/tools/bin/../lib/gcc/arm-none-eabi/12.2.1/../../../../arm-none-eabi/lib/thumb/v8-m.main+fp/hard/libcr_c.a(printf.o)
                0x0000000000002c44                __vfprintf
 .text._sprintf
                0x00000000000037bc       0x6c /Applications/MCUXpressoIDE_11.8.0_1165/ide/plugins/com.nxp.mcuxpresso.tools.macosx_11.8.0.202306131047/tools/bin/../lib/gcc/arm-none-eabi/12.2.1/../../../../arm-none-eabi/lib/thumb/v8-m.main+fp/hard/libcr_c.a(printf.o)
                0x00000000000037bc                _sprintf
 .text._sbrk    0x0000000000003828       0x3c /Applications/MCUXpressoIDE_11.8.0_1165/ide/plugins/com.nxp.mcuxpresso.tools.macosx_11.8.0.202306131047/tools/bin/../lib/gcc/arm-none-eabi/12.2.1/../../../../arm-none-eabi/lib/thumb/v8-m.main+fp/hard/libcr_c.a(_cr_sbrk.o)
                0x0000000000003828                _sbrk
 .text._Cwritebuf
                0x0000000000003864       0x6c /Applications/MCUXpressoIDE_11.8.0_1165/ide/plugins/com.nxp.mcuxpresso.tools.macosx_11.8.0.202306131047/tools/bin/../lib/gcc/arm-none-eabi/12.2.1/../../../../arm-none-eabi/lib/thumb/v8-m.main+fp/hard/libcr_c.a(_writebuf.o)
                0x0000000000003864                _Cwritebuf
 .text.fflush   0x00000000000038d0       0x3c /Applications/MCUXpressoIDE_11.8.0_1165/ide/plugins/com.nxp.mcuxpresso.tools.macosx_11.8.0.202306131047/tools/bin/../lib/gcc/arm-none-eabi/12.2.1/../../../../arm-none-eabi/lib/thumb/v8-m.main+fp/hard/libcr_c.a(fflush.o)
                0x00000000000038d0                fflush
 .text.fseek    0x000000000000390c       0xf8 /Applications/MCUXpressoIDE_11.8.0_1165/ide/plugins/com.nxp.mcuxpresso.tools.macosx_11.8.0.202306131047/tools/bin/../lib/gcc/arm-none-eabi/12.2.1/../../../../arm-none-eabi/lib/thumb/v8-m.main+fp/hard/libcr_c.a(fseek.o)
                0x000000000000390c                fseek
 .text.ftell    0x0000000000003a04       0x44 /Applications/MCUXpressoIDE_11.8.0_1165/ide/plugins/com.nxp.mcuxpresso.tools.macosx_11.8.0.202306131047/tools/bin/../lib/gcc/arm-none-eabi/12.2.1/../../../../arm-none-eabi/lib/thumb/v8-m.main+fp/hard/libcr_c.a(ftell.o)
                0x0000000000003a04                ftell
 .text.__check_heap_overflow
                0x0000000000003a48       0x18 /Applications/MCUXpressoIDE_11.8.0_1165/ide/plugins/com.nxp.mcuxpresso.tools.macosx_11.8.0.202306131047/tools/bin/../lib/gcc/arm-none-eabi/12.2.1/../../../../arm-none-eabi/lib/thumb/v8-m.main+fp/hard/libcr_c.a(_cr_check_heap.o)
                0x0000000000003a48                __check_heap_overflow
 .text.DbgConsole_PrintCallback
                0x0000000000003a60       0x66 ./utilities/fsl_debug_console.o
 .text.DbgConsole_Printf
                0x0000000000003ac6       0x2c ./utilities/fsl_debug_console.o
                0x0000000000003ac6                DbgConsole_Printf
 .text.PrintGetWidth
                0x0000000000003af2       0x6a ./utilities/fsl_str.o
 .text.PrintGetPrecision
                0x0000000000003b5c       0x8c ./utilities/fsl_str.o
 .text.PrintIsobpu
                0x0000000000003be8       0x38 ./utilities/fsl_str.o
 .text.PrintIsdi
                0x0000000000003c20       0x2c ./utilities/fsl_str.o
 .text.PrintOutputdifFobpu
                0x0000000000003c4c       0x44 ./utilities/fsl_str.o
 .text.PrintOutputxX
                0x0000000000003c90       0x44 ./utilities/fsl_str.o
 .text.PrintIsfF
                0x0000000000003cd4       0x2c ./utilities/fsl_str.o
 .text.PrintIsxX
                0x0000000000003d00       0x2c ./utilities/fsl_str.o
 .text.PrintFilterLengthFlag
                0x0000000000003d2c       0x3e ./utilities/fsl_str.o
 .text.PrintGetRadixFromobpu
                0x0000000000003d6a       0x40 ./utilities/fsl_str.o
 .text.ConvertRadixNumToString
                0x0000000000003daa       0xc2 ./utilities/fsl_str.o
 .text.StrFormatPrintf
                0x0000000000003e6c      0x2ac ./utilities/fsl_str.o
                0x0000000000003e6c                StrFormatPrintf
 .text.WDT_BOD_IRQHandler
                0x0000000000004118        0x8 ./startup/startup_lpc55s69_cm33_core0.o
                0x0000000000004118                WDT_BOD_IRQHandler
 .text.DMA0_IRQHandler
                0x0000000000004120        0x8 ./startup/startup_lpc55s69_cm33_core0.o
                0x0000000000004120                DMA0_IRQHandler
 .text.GINT0_IRQHandler
                0x0000000000004128        0x8 ./startup/startup_lpc55s69_cm33_core0.o
                0x0000000000004128                GINT0_IRQHandler
 .text.GINT1_IRQHandler
                0x0000000000004130        0x8 ./startup/startup_lpc55s69_cm33_core0.o
                0x0000000000004130                GINT1_IRQHandler
 .text.PIN_INT0_IRQHandler
                0x0000000000004138        0x8 ./startup/startup_lpc55s69_cm33_core0.o
                0x0000000000004138                PIN_INT0_IRQHandler
 .text.PIN_INT1_IRQHandler
                0x0000000000004140        0x8 ./startup/startup_lpc55s69_cm33_core0.o
                0x0000000000004140                PIN_INT1_IRQHandler
 .text.PIN_INT2_IRQHandler
                0x0000000000004148        0x8 ./startup/startup_lpc55s69_cm33_core0.o
                0x0000000000004148                PIN_INT2_IRQHandler
 .text.PIN_INT3_IRQHandler
                0x0000000000004150        0x8 ./startup/startup_lpc55s69_cm33_core0.o
                0x0000000000004150                PIN_INT3_IRQHandler
 .text.UTICK0_IRQHandler
                0x0000000000004158        0x8 ./startup/startup_lpc55s69_cm33_core0.o
                0x0000000000004158                UTICK0_IRQHandler
 .text.MRT0_IRQHandler
                0x0000000000004160        0x8 ./startup/startup_lpc55s69_cm33_core0.o
                0x0000000000004160                MRT0_IRQHandler
 .text.CTIMER0_IRQHandler
                0x0000000000004168        0x8 ./startup/startup_lpc55s69_cm33_core0.o
                0x0000000000004168                CTIMER0_IRQHandler
 .text.CTIMER1_IRQHandler
                0x0000000000004170        0x8 ./startup/startup_lpc55s69_cm33_core0.o
                0x0000000000004170                CTIMER1_IRQHandler
 .text.SCT0_IRQHandler
                0x0000000000004178        0x8 ./startup/startup_lpc55s69_cm33_core0.o
                0x0000000000004178                SCT0_IRQHandler
 .text.CTIMER3_IRQHandler
                0x0000000000004180        0x8 ./startup/startup_lpc55s69_cm33_core0.o
                0x0000000000004180                CTIMER3_IRQHandler
 .text.FLEXCOMM0_IRQHandler
                0x0000000000004188        0x8 ./startup/startup_lpc55s69_cm33_core0.o
                0x0000000000004188                FLEXCOMM0_IRQHandler
 .text.FLEXCOMM1_IRQHandler
                0x0000000000004190        0x8 ./startup/startup_lpc55s69_cm33_core0.o
                0x0000000000004190                FLEXCOMM1_IRQHandler
 .text.FLEXCOMM2_IRQHandler
                0x0000000000004198        0x8 ./startup/startup_lpc55s69_cm33_core0.o
                0x0000000000004198                FLEXCOMM2_IRQHandler
 .text.FLEXCOMM3_IRQHandler
                0x00000000000041a0        0x8 ./startup/startup_lpc55s69_cm33_core0.o
                0x00000000000041a0                FLEXCOMM3_IRQHandler
 .text.FLEXCOMM4_IRQHandler
                0x00000000000041a8        0x8 ./startup/startup_lpc55s69_cm33_core0.o
                0x00000000000041a8                FLEXCOMM4_IRQHandler
 .text.FLEXCOMM5_IRQHandler
                0x00000000000041b0        0x8 ./startup/startup_lpc55s69_cm33_core0.o
                0x00000000000041b0                FLEXCOMM5_IRQHandler
 .text.FLEXCOMM6_IRQHandler
                0x00000000000041b8        0x8 ./startup/startup_lpc55s69_cm33_core0.o
                0x00000000000041b8                FLEXCOMM6_IRQHandler
 .text.FLEXCOMM7_IRQHandler
                0x00000000000041c0        0x8 ./startup/startup_lpc55s69_cm33_core0.o
                0x00000000000041c0                FLEXCOMM7_IRQHandler
 .text.ADC0_IRQHandler
                0x00000000000041c8        0x8 ./startup/startup_lpc55s69_cm33_core0.o
                0x00000000000041c8                ADC0_IRQHandler
 .text.Reserved39_IRQHandler
                0x00000000000041d0        0x8 ./startup/startup_lpc55s69_cm33_core0.o
                0x00000000000041d0                Reserved39_IRQHandler
 .text.ACMP_IRQHandler
                0x00000000000041d8        0x8 ./startup/startup_lpc55s69_cm33_core0.o
                0x00000000000041d8                ACMP_IRQHandler
 .text.Reserved41_IRQHandler
                0x00000000000041e0        0x8 ./startup/startup_lpc55s69_cm33_core0.o
                0x00000000000041e0                Reserved41_IRQHandler
 .text.Reserved42_IRQHandler
                0x00000000000041e8        0x8 ./startup/startup_lpc55s69_cm33_core0.o
                0x00000000000041e8                Reserved42_IRQHandler
 .text.USB0_NEEDCLK_IRQHandler
                0x00000000000041f0        0x8 ./startup/startup_lpc55s69_cm33_core0.o
                0x00000000000041f0                USB0_NEEDCLK_IRQHandler
 .text.USB0_IRQHandler
                0x00000000000041f8        0x8 ./startup/startup_lpc55s69_cm33_core0.o
                0x00000000000041f8                USB0_IRQHandler
 .text.RTC_IRQHandler
                0x0000000000004200        0x8 ./startup/startup_lpc55s69_cm33_core0.o
                0x0000000000004200                RTC_IRQHandler
 .text.Reserved46_IRQHandler
                0x0000000000004208        0x8 ./startup/startup_lpc55s69_cm33_core0.o
                0x0000000000004208                Reserved46_IRQHandler
 .text.MAILBOX_IRQHandler
                0x0000000000004210        0x8 ./startup/startup_lpc55s69_cm33_core0.o
                0x0000000000004210                MAILBOX_IRQHandler
 .text.PIN_INT4_IRQHandler
                0x0000000000004218        0x8 ./startup/startup_lpc55s69_cm33_core0.o
                0x0000000000004218                PIN_INT4_IRQHandler
 .text.PIN_INT5_IRQHandler
                0x0000000000004220        0x8 ./startup/startup_lpc55s69_cm33_core0.o
                0x0000000000004220                PIN_INT5_IRQHandler
 .text.PIN_INT6_IRQHandler
                0x0000000000004228        0x8 ./startup/startup_lpc55s69_cm33_core0.o
                0x0000000000004228                PIN_INT6_IRQHandler
 .text.PIN_INT7_IRQHandler
                0x0000000000004230        0x8 ./startup/startup_lpc55s69_cm33_core0.o
                0x0000000000004230                PIN_INT7_IRQHandler
 .text.CTIMER2_IRQHandler
                0x0000000000004238        0x8 ./startup/startup_lpc55s69_cm33_core0.o
                0x0000000000004238                CTIMER2_IRQHandler
 .text.CTIMER4_IRQHandler
                0x0000000000004240        0x8 ./startup/startup_lpc55s69_cm33_core0.o
                0x0000000000004240                CTIMER4_IRQHandler
 .text.OS_EVENT_IRQHandler
                0x0000000000004248        0x8 ./startup/startup_lpc55s69_cm33_core0.o
                0x0000000000004248                OS_EVENT_IRQHandler
 .text.Reserved55_IRQHandler
                0x0000000000004250        0x8 ./startup/startup_lpc55s69_cm33_core0.o
                0x0000000000004250                Reserved55_IRQHandler
 .text.Reserved56_IRQHandler
                0x0000000000004258        0x8 ./startup/startup_lpc55s69_cm33_core0.o
                0x0000000000004258                Reserved56_IRQHandler
 .text.Reserved57_IRQHandler
                0x0000000000004260        0x8 ./startup/startup_lpc55s69_cm33_core0.o
                0x0000000000004260                Reserved57_IRQHandler
 .text.SDIO_IRQHandler
                0x0000000000004268        0x8 ./startup/startup_lpc55s69_cm33_core0.o
                0x0000000000004268                SDIO_IRQHandler
 .text.Reserved59_IRQHandler
                0x0000000000004270        0x8 ./startup/startup_lpc55s69_cm33_core0.o
                0x0000000000004270                Reserved59_IRQHandler
 .text.Reserved60_IRQHandler
                0x0000000000004278        0x8 ./startup/startup_lpc55s69_cm33_core0.o
                0x0000000000004278                Reserved60_IRQHandler
 .text.Reserved61_IRQHandler
                0x0000000000004280        0x8 ./startup/startup_lpc55s69_cm33_core0.o
                0x0000000000004280                Reserved61_IRQHandler
 .text.USB1_PHY_IRQHandler
                0x0000000000004288        0x8 ./startup/startup_lpc55s69_cm33_core0.o
                0x0000000000004288                USB1_PHY_IRQHandler
 .text.USB1_IRQHandler
                0x0000000000004290        0x8 ./startup/startup_lpc55s69_cm33_core0.o
                0x0000000000004290                USB1_IRQHandler
 .text.USB1_NEEDCLK_IRQHandler
                0x0000000000004298        0x8 ./startup/startup_lpc55s69_cm33_core0.o
                0x0000000000004298                USB1_NEEDCLK_IRQHandler
 .text.SEC_HYPERVISOR_CALL_IRQHandler
                0x00000000000042a0        0x8 ./startup/startup_lpc55s69_cm33_core0.o
                0x00000000000042a0                SEC_HYPERVISOR_CALL_IRQHandler
 .text.SEC_GPIO_INT0_IRQ0_IRQHandler
                0x00000000000042a8        0x8 ./startup/startup_lpc55s69_cm33_core0.o
                0x00000000000042a8                SEC_GPIO_INT0_IRQ0_IRQHandler
 .text.SEC_GPIO_INT0_IRQ1_IRQHandler
                0x00000000000042b0        0x8 ./startup/startup_lpc55s69_cm33_core0.o
                0x00000000000042b0                SEC_GPIO_INT0_IRQ1_IRQHandler
 .text.PLU_IRQHandler
                0x00000000000042b8        0x8 ./startup/startup_lpc55s69_cm33_core0.o
                0x00000000000042b8                PLU_IRQHandler
 .text.SEC_VIO_IRQHandler
                0x00000000000042c0        0x8 ./startup/startup_lpc55s69_cm33_core0.o
                0x00000000000042c0                SEC_VIO_IRQHandler
 .text.HASHCRYPT_IRQHandler
                0x00000000000042c8        0x8 ./startup/startup_lpc55s69_cm33_core0.o
                0x00000000000042c8                HASHCRYPT_IRQHandler
 .text.CASER_IRQHandler
                0x00000000000042d0        0x8 ./startup/startup_lpc55s69_cm33_core0.o
                0x00000000000042d0                CASER_IRQHandler
 .text.PUF_IRQHandler
                0x00000000000042d8        0x8 ./startup/startup_lpc55s69_cm33_core0.o
                0x00000000000042d8                PUF_IRQHandler
 .text.PQ_IRQHandler
                0x00000000000042e0        0x8 ./startup/startup_lpc55s69_cm33_core0.o
                0x00000000000042e0                PQ_IRQHandler
 .text.DMA1_IRQHandler
                0x00000000000042e8        0x8 ./startup/startup_lpc55s69_cm33_core0.o
                0x00000000000042e8                DMA1_IRQHandler
 .text.FLEXCOMM8_IRQHandler
                0x00000000000042f0        0x8 ./startup/startup_lpc55s69_cm33_core0.o
                0x00000000000042f0                FLEXCOMM8_IRQHandler
 .text.GPIO_PinRead
                0x00000000000042f8       0x28 ./source/LPC55S69_ProjectMOLAB3.o
 .text.OLED_Display_On
                0x0000000000004320       0x20 ./source/oled.o
                0x0000000000004320                OLED_Display_On
 .text.OLED_Draw_Line
                0x0000000000004340      0x18c ./source/oled.o
                0x0000000000004340                OLED_Draw_Line
 .text.HardFault_Handler
                0x00000000000044cc       0x36 ./source/semihost_hardfault.o
                0x00000000000044cc                HardFault_Handler
 .text.CLOCK_IsPLL0Locked
                0x0000000000004502       0x24 ./drivers/fsl_clock.o
 .text.findPll0PreDiv
                0x0000000000004526       0x3e ./drivers/fsl_clock.o
 .text.DelayLoop
                0x0000000000004564       0x20 ./drivers/fsl_common_arm.o
 .text.CLOCK_EnableClock
                0x0000000000004584       0x30 ./drivers/fsl_flexcomm.o
 .text.FLEXCOMM_PeripheralIsPresent
                0x00000000000045b4       0x64 ./drivers/fsl_flexcomm.o
 .text.FLEXCOMM_SetPeriph
                0x0000000000004618       0x74 ./drivers/fsl_flexcomm.o
 .text.I2C_MasterEnable
                0x000000000000468c       0x44 ./drivers/fsl_i2c.o
 .text.I2C_MasterInit
                0x00000000000046d0       0x6e ./drivers/fsl_i2c.o
                0x00000000000046d0                I2C_MasterInit
 .text.I2C_GetStatusFlags
                0x000000000000473e       0x88 ./drivers/fsl_i2c.o
                0x000000000000473e                I2C_GetStatusFlags
 .text.I2C_MasterStart
                0x00000000000047c6       0x46 ./drivers/fsl_i2c.o
                0x00000000000047c6                I2C_MasterStart
 .text.I2C_MasterStop
                0x000000000000480c       0x2c ./drivers/fsl_i2c.o
                0x000000000000480c                I2C_MasterStop
 .text.INPUTMUX_AttachSignal
                0x0000000000004838       0x38 ./drivers/fsl_inputmux.o
                0x0000000000004838                INPUTMUX_AttachSignal
 .text.CLOCK_EnableClock
                0x0000000000004870       0x30 ./drivers/fsl_pint.o
 .text.EnableIRQ
                0x00000000000048a0       0x32 ./drivers/fsl_pint.o
 .text.PINT_PinInterruptClrFallFlag
                0x00000000000048d2       0x22 ./drivers/fsl_pint.o
 .text.PINT_PinInterruptClrRiseFlag
                0x00000000000048f4       0x22 ./drivers/fsl_pint.o
 .text.PINT_PatternMatchResetDetectLogic
                0x0000000000004916       0x34 ./drivers/fsl_pint.o
                0x0000000000004916                PINT_PatternMatchResetDetectLogic
 .text.PINT_PinInterruptClrStatus
                0x000000000000494a       0x4e ./drivers/fsl_pint.o
                0x000000000000494a                PINT_PinInterruptClrStatus
 .text.lowpower_set_voltage_for_process
                0x0000000000004998       0xaa ./drivers/fsl_power.o
 .text.RESET_PeripheralReset
                0x0000000000004a42       0x1c ./drivers/fsl_reset.o
                0x0000000000004a42                RESET_PeripheralReset
 .text.USART_EnableContinuousSCLK
                0x0000000000004a5e       0x38 ./drivers/fsl_usart.o
 .text.SystemInitHook
                0x0000000000004a96        0xe ./device/system_LPC55S69_cm33_core0.o
                0x0000000000004a96                SystemInitHook
 .text.HAL_UartGetStatus
                0x0000000000004aa4       0x22 ./component/uart/fsl_adapter_usart.o
 .text.HAL_UartInit
                0x0000000000004ac6       0x36 ./component/uart/fsl_adapter_usart.o
                0x0000000000004ac6                HAL_UartInit
 .text.DisableGlobalIRQ
                0x0000000000004afc       0x22 ./component/serial_manager/fsl_component_serial_manager.o
 .text.EnableGlobalIRQ
                0x0000000000004b1e       0x20 ./component/serial_manager/fsl_component_serial_manager.o
 .text.SerialManager_StartWriting
                0x0000000000004b3e       0x38 ./component/serial_manager/fsl_component_serial_manager.o
 .text.SerialManager_Write
                0x0000000000004b76       0x44 ./component/serial_manager/fsl_component_serial_manager.o
 .text.SerialManager_Init
                0x0000000000004bba       0x60 ./component/serial_manager/fsl_component_serial_manager.o
                0x0000000000004bba                SerialManager_Init
 .text.SerialManager_OpenWriteHandle
                0x0000000000004c1a       0x50 ./component/serial_manager/fsl_component_serial_manager.o
                0x0000000000004c1a                SerialManager_OpenWriteHandle
 .text.SerialManager_OpenReadHandle
                0x0000000000004c6a       0x60 ./component/serial_manager/fsl_component_serial_manager.o
                0x0000000000004c6a                SerialManager_OpenReadHandle
 .text.SerialManager_WriteBlocking
                0x0000000000004cca       0x20 ./component/serial_manager/fsl_component_serial_manager.o
                0x0000000000004cca                SerialManager_WriteBlocking
 .text.Serial_UartInit
                0x0000000000004cea       0x3e ./component/serial_manager/fsl_component_serial_port_uart.o
                0x0000000000004cea                Serial_UartInit
 .text.Serial_UartWrite
                0x0000000000004d28       0x38 ./component/serial_manager/fsl_component_serial_port_uart.o
                0x0000000000004d28                Serial_UartWrite
 .text.BOARD_InitBootClocks
                0x0000000000004d60        0xc ./board/clock_config.o
                0x0000000000004d60                BOARD_InitBootClocks
 .text.BOARD_InitPeripherals_cm33_core0
                0x0000000000004d6c       0x10 ./board/peripherals.o
                0x0000000000004d6c                BOARD_InitPeripherals_cm33_core0
 .text.BOARD_InitBootPeripherals
                0x0000000000004d7c        0xc ./board/peripherals.o
                0x0000000000004d7c                BOARD_InitBootPeripherals
 .text.CLOCK_EnableClock
                0x0000000000004d88       0x30 ./board/pin_mux.o
 .text.IOCON_PinMuxSet
                0x0000000000004db8       0x2e ./board/pin_mux.o
 .text.BOARD_InitBootPins
                0x0000000000004de6       0x10 ./board/pin_mux.o
                0x0000000000004de6                BOARD_InitBootPins
 .text.__main   0x0000000000004df6        0xe /Applications/MCUXpressoIDE_11.8.0_1165/ide/plugins/com.nxp.mcuxpresso.tools.macosx_11.8.0.202306131047/tools/bin/../lib/gcc/arm-none-eabi/12.2.1/../../../../arm-none-eabi/lib/thumb/v8-m.main+fp/hard/libcr_nohost_nf.a(_cr__main.o)
                0x0000000000004df6                __main
 .text.memcpy   0x0000000000004e04        0x4 /Applications/MCUXpressoIDE_11.8.0_1165/ide/plugins/com.nxp.mcuxpresso.tools.macosx_11.8.0.202306131047/tools/bin/../lib/gcc/arm-none-eabi/12.2.1/../../../../arm-none-eabi/lib/thumb/v8-m.main+fp/hard/libcr_c.a(memcpy.o)
                0x0000000000004e04                memcpy
 .text.memset   0x0000000000004e08        0x4 /Applications/MCUXpressoIDE_11.8.0_1165/ide/plugins/com.nxp.mcuxpresso.tools.macosx_11.8.0.202306131047/tools/bin/../lib/gcc/arm-none-eabi/12.2.1/../../../../arm-none-eabi/lib/thumb/v8-m.main+fp/hard/libcr_c.a(memset.o)
                0x0000000000004e08                memset
 .text.free     0x0000000000004e0c       0x30 /Applications/MCUXpressoIDE_11.8.0_1165/ide/plugins/com.nxp.mcuxpresso.tools.macosx_11.8.0.202306131047/tools/bin/../lib/gcc/arm-none-eabi/12.2.1/../../../../arm-none-eabi/lib/thumb/v8-m.main+fp/hard/libcr_c.a(alloc.o)
                0x0000000000004e0c                free
 .text.no_fp_display
                0x0000000000004e3c        0x4 /Applications/MCUXpressoIDE_11.8.0_1165/ide/plugins/com.nxp.mcuxpresso.tools.macosx_11.8.0.202306131047/tools/bin/../lib/gcc/arm-none-eabi/12.2.1/../../../../arm-none-eabi/lib/thumb/v8-m.main+fp/hard/libcr_c.a(printf.o)
 .text.setvbuf  0x0000000000004e40       0x3e /Applications/MCUXpressoIDE_11.8.0_1165/ide/plugins/com.nxp.mcuxpresso.tools.macosx_11.8.0.202306131047/tools/bin/../lib/gcc/arm-none-eabi/12.2.1/../../../../arm-none-eabi/lib/thumb/v8-m.main+fp/hard/libcr_c.a(setvbuf.o)
                0x0000000000004e40                setvbuf
 .text.abs      0x0000000000004e7e        0x8 /Applications/MCUXpressoIDE_11.8.0_1165/ide/plugins/com.nxp.mcuxpresso.tools.macosx_11.8.0.202306131047/tools/bin/../lib/gcc/arm-none-eabi/12.2.1/../../../../arm-none-eabi/lib/thumb/v8-m.main+fp/hard/libcr_c.a(stdlib.o)
                0x0000000000004e7e                abs
 .text.strlen   0x0000000000004e86       0x4e /Applications/MCUXpressoIDE_11.8.0_1165/ide/plugins/com.nxp.mcuxpresso.tools.macosx_11.8.0.202306131047/tools/bin/../lib/gcc/arm-none-eabi/12.2.1/../../../../arm-none-eabi/lib/thumb/v8-m.main+fp/hard/libcr_c.a(strlen.o)
                0x0000000000004e86                strlen
 .text._deferredlazyseek
                0x0000000000004ed4       0x40 /Applications/MCUXpressoIDE_11.8.0_1165/ide/plugins/com.nxp.mcuxpresso.tools.macosx_11.8.0.202306131047/tools/bin/../lib/gcc/arm-none-eabi/12.2.1/../../../../arm-none-eabi/lib/thumb/v8-m.main+fp/hard/libcr_c.a(_deferredlazyseek.o)
                0x0000000000004ed4                _deferredlazyseek
 .text.__flsbuf
                0x0000000000004f14      0x140 /Applications/MCUXpressoIDE_11.8.0_1165/ide/plugins/com.nxp.mcuxpresso.tools.macosx_11.8.0.202306131047/tools/bin/../lib/gcc/arm-none-eabi/12.2.1/../../../../arm-none-eabi/lib/thumb/v8-m.main+fp/hard/libcr_c.a(_deferredlazyseek.o)
                0x0000000000004f14                __flsbuf
 .text._fdopen  0x0000000000005054       0x68 /Applications/MCUXpressoIDE_11.8.0_1165/ide/plugins/com.nxp.mcuxpresso.tools.macosx_11.8.0.202306131047/tools/bin/../lib/gcc/arm-none-eabi/12.2.1/../../../../arm-none-eabi/lib/thumb/v8-m.main+fp/hard/libcr_c.a(_fdopen.o)
                0x0000000000005054                _fdopen
 .text._fflush  0x00000000000050bc       0x52 /Applications/MCUXpressoIDE_11.8.0_1165/ide/plugins/com.nxp.mcuxpresso.tools.macosx_11.8.0.202306131047/tools/bin/../lib/gcc/arm-none-eabi/12.2.1/../../../../arm-none-eabi/lib/thumb/v8-m.main+fp/hard/libcr_c.a(_fflush.o)
                0x00000000000050bc                _fflush
 .text.fclose   0x000000000000510e       0x58 /Applications/MCUXpressoIDE_11.8.0_1165/ide/plugins/com.nxp.mcuxpresso.tools.macosx_11.8.0.202306131047/tools/bin/../lib/gcc/arm-none-eabi/12.2.1/../../../../arm-none-eabi/lib/thumb/v8-m.main+fp/hard/libcr_c.a(fclose.o)
                0x000000000000510e                fclose
 .text.remove   0x0000000000005166       0x14 /Applications/MCUXpressoIDE_11.8.0_1165/ide/plugins/com.nxp.mcuxpresso.tools.macosx_11.8.0.202306131047/tools/bin/../lib/gcc/arm-none-eabi/12.2.1/../../../../arm-none-eabi/lib/thumb/v8-m.main+fp/hard/libcr_c.a(remove.o)
                0x0000000000005166                remove
 .text._do_fflush
                0x000000000000517a       0x40 /Applications/MCUXpressoIDE_11.8.0_1165/ide/plugins/com.nxp.mcuxpresso.tools.macosx_11.8.0.202306131047/tools/bin/../lib/gcc/arm-none-eabi/12.2.1/../../../../arm-none-eabi/lib/thumb/v8-m.main+fp/hard/libcr_c.a(_do_fflush.o)
                0x000000000000517a                _do_fflush
 .text.__aeabi_division_uldivmod
                0x00000000000051ba      0x174 /Applications/MCUXpressoIDE_11.8.0_1165/ide/plugins/com.nxp.mcuxpresso.tools.macosx_11.8.0.202306131047/tools/bin/../lib/gcc/arm-none-eabi/12.2.1/thumb/v8-m.main+fp/hard/libcr_eabihelpers.a(division_64.o)
                0x00000000000051ba                __aeabi_uldivmod
                0x00000000000051be                __bhs_ldivmod1
 .text.__aeabi_division_idiv0
                0x000000000000532e        0x2 /Applications/MCUXpressoIDE_11.8.0_1165/ide/plugins/com.nxp.mcuxpresso.tools.macosx_11.8.0.202306131047/tools/bin/../lib/gcc/arm-none-eabi/12.2.1/thumb/v8-m.main+fp/hard/libcr_eabihelpers.a(division_idiv0.o)
                0x000000000000532e                __aeabi_idiv0
 .text.__aeabi_memcpy
                0x0000000000005330       0x34 /Applications/MCUXpressoIDE_11.8.0_1165/ide/plugins/com.nxp.mcuxpresso.tools.macosx_11.8.0.202306131047/tools/bin/../lib/gcc/arm-none-eabi/12.2.1/thumb/v8-m.main+fp/hard/libcr_eabihelpers.a(memcpy.o)
                0x0000000000005330                __aeabi_memcpy
                0x000000000000533a                __aeabi_memcpy4
                0x000000000000533a                __aeabi_memcpy8
 .text.__aeabi_memset_lowlevel
                0x0000000000005364       0x32 /Applications/MCUXpressoIDE_11.8.0_1165/ide/plugins/com.nxp.mcuxpresso.tools.macosx_11.8.0.202306131047/tools/bin/../lib/gcc/arm-none-eabi/12.2.1/thumb/v8-m.main+fp/hard/libcr_eabihelpers.a(memcpy.o)
                0x0000000000005364                __aeabi_lowlevel_memset
 .text.__sys_appexit
                0x0000000000005396        0x2 /Applications/MCUXpressoIDE_11.8.0_1165/ide/plugins/com.nxp.mcuxpresso.tools.macosx_11.8.0.202306131047/tools/bin/../lib/gcc/arm-none-eabi/12.2.1/../../../../arm-none-eabi/lib/thumb/v8-m.main+fp/hard/libcr_nohost_nf.a(__sys_appexit.o)
                0x0000000000005396                __exit
                0x0000000000005396                __sys_appexit
 .text.__sys_close
                0x0000000000005398        0x6 /Applications/MCUXpressoIDE_11.8.0_1165/ide/plugins/com.nxp.mcuxpresso.tools.macosx_11.8.0.202306131047/tools/bin/../lib/gcc/arm-none-eabi/12.2.1/../../../../arm-none-eabi/lib/thumb/v8-m.main+fp/hard/libcr_nohost_nf.a(__sys_close.o)
                0x0000000000005398                __sys_close
 .text.__sys_flen
                0x000000000000539e        0x6 /Applications/MCUXpressoIDE_11.8.0_1165/ide/plugins/com.nxp.mcuxpresso.tools.macosx_11.8.0.202306131047/tools/bin/../lib/gcc/arm-none-eabi/12.2.1/../../../../arm-none-eabi/lib/thumb/v8-m.main+fp/hard/libcr_nohost_nf.a(__sys_flen.o)
                0x000000000000539e                __sys_flen
 .text.__sys_istty
                0x00000000000053a4        0x6 /Applications/MCUXpressoIDE_11.8.0_1165/ide/plugins/com.nxp.mcuxpresso.tools.macosx_11.8.0.202306131047/tools/bin/../lib/gcc/arm-none-eabi/12.2.1/../../../../arm-none-eabi/lib/thumb/v8-m.main+fp/hard/libcr_nohost_nf.a(__sys_istty.o)
                0x00000000000053a4                __sys_istty
 .text.__sys_remove
                0x00000000000053aa        0x6 /Applications/MCUXpressoIDE_11.8.0_1165/ide/plugins/com.nxp.mcuxpresso.tools.macosx_11.8.0.202306131047/tools/bin/../lib/gcc/arm-none-eabi/12.2.1/../../../../arm-none-eabi/lib/thumb/v8-m.main+fp/hard/libcr_nohost_nf.a(__sys_remove.o)
                0x00000000000053aa                __sys_remove
 .text.__sys_seek
                0x00000000000053b0        0x6 /Applications/MCUXpressoIDE_11.8.0_1165/ide/plugins/com.nxp.mcuxpresso.tools.macosx_11.8.0.202306131047/tools/bin/../lib/gcc/arm-none-eabi/12.2.1/../../../../arm-none-eabi/lib/thumb/v8-m.main+fp/hard/libcr_nohost_nf.a(__sys_seek.o)
                0x00000000000053b0                __sys_seek
 .text.__sys_tmpnam
                0x00000000000053b6        0x6 /Applications/MCUXpressoIDE_11.8.0_1165/ide/plugins/com.nxp.mcuxpresso.tools.macosx_11.8.0.202306131047/tools/bin/../lib/gcc/arm-none-eabi/12.2.1/../../../../arm-none-eabi/lib/thumb/v8-m.main+fp/hard/libcr_nohost_nf.a(__sys_tmpnam.o)
                0x00000000000053b6                __sys_tmpnam
 .text.__sys_write
                0x00000000000053bc        0x4 /Applications/MCUXpressoIDE_11.8.0_1165/ide/plugins/com.nxp.mcuxpresso.tools.macosx_11.8.0.202306131047/tools/bin/../lib/gcc/arm-none-eabi/12.2.1/../../../../arm-none-eabi/lib/thumb/v8-m.main+fp/hard/libcr_nohost_nf.a(__sys_write.o)
                0x00000000000053bc                __sys_write
 *(SORT_BY_ALIGNMENT(.rodata) SORT_BY_ALIGNMENT(.rodata.*) SORT_BY_ALIGNMENT(.constdata) SORT_BY_ALIGNMENT(.constdata.*))
 .rodata.__assertion_failed.str1.4
                0x00000000000053c0       0x14 ./utilities/fsl_assert.o
 .rodata.main.str1.4
                0x00000000000053d4       0x32 ./source/LPC55S69_ProjectMOLAB3.o
 *fill*         0x0000000000005406        0x2 ff
 .rodata.FontSystem5x8
                0x0000000000005408      0x1e5 ./source/oled.o
                0x0000000000005408                FontSystem5x8
 *fill*         0x00000000000055ed        0x3 ff
 .rodata.SDK_DelayAtLeastUs.str1.4
                0x00000000000055f0       0x2b ./drivers/fsl_common_arm.o
 *fill*         0x000000000000561b        0x1 ff
 .rodata.s_flexcommBaseAddrs
                0x000000000000561c       0x24 ./drivers/fsl_flexcomm.o
 .rodata.s_flexcommClocks
                0x0000000000005640       0x12 ./drivers/fsl_flexcomm.o
 *fill*         0x0000000000005652        0x2 ff
 .rodata.s_flexcommResets
                0x0000000000005654       0x24 ./drivers/fsl_flexcomm.o
 .rodata.FLEXCOMM_GetInstance.str1.4
                0x0000000000005678       0x42 ./drivers/fsl_flexcomm.o
 *fill*         0x00000000000056ba        0x2 ff
 .rodata.FLEXCOMM0_DriverIRQHandler.str1.4
                0x00000000000056bc       0x3c ./drivers/fsl_flexcomm.o
 .rodata.FLEXCOMM1_DriverIRQHandler.str1.4
                0x00000000000056f8       0x3c ./drivers/fsl_flexcomm.o
 .rodata.FLEXCOMM2_DriverIRQHandler.str1.4
                0x0000000000005734       0x3c ./drivers/fsl_flexcomm.o
 .rodata.FLEXCOMM3_DriverIRQHandler.str1.4
                0x0000000000005770       0x3c ./drivers/fsl_flexcomm.o
 .rodata.FLEXCOMM4_DriverIRQHandler.str1.4
                0x00000000000057ac       0x3c ./drivers/fsl_flexcomm.o
 .rodata.FLEXCOMM5_DriverIRQHandler.str1.4
                0x00000000000057e8       0x3c ./drivers/fsl_flexcomm.o
 .rodata.FLEXCOMM6_DriverIRQHandler.str1.4
                0x0000000000005824       0x3c ./drivers/fsl_flexcomm.o
 .rodata.FLEXCOMM7_DriverIRQHandler.str1.4
                0x0000000000005860       0x3c ./drivers/fsl_flexcomm.o
 .rodata.FLEXCOMM8_DriverIRQHandler.str1.4
                0x000000000000589c       0x3c ./drivers/fsl_flexcomm.o
 .rodata.I2C_MasterSetTimeoutValue.str1.4
                0x00000000000058d8       0x3a ./drivers/fsl_i2c.o
 *fill*         0x0000000000005912        0x2 ff
 .rodata.I2C_MasterWriteBlocking.str1.4
                0x0000000000005914       0x1f ./drivers/fsl_i2c.o
 *fill*         0x0000000000005933        0x1 ff
 .rodata.s_pintIRQ
                0x0000000000005934        0xa ./drivers/fsl_pint.o
 *fill*         0x000000000000593e        0x2 ff
 .rodata.PINT_Init.str1.4
                0x0000000000005940       0x1d ./drivers/fsl_pint.o
 *fill*         0x000000000000595d        0x3 ff
 .rodata.PINT_PinInterruptConfig.str1.4
                0x0000000000005960       0x1e ./drivers/fsl_pint.o
 *fill*         0x000000000000597e        0x2 ff
 .rodata.PINT_EnableCallbackByIndex.str1.4
                0x0000000000005980       0x1e ./drivers/fsl_pint.o
 *fill*         0x000000000000599e        0x2 ff
 .rodata.RESET_SetPeripheralReset.str1.4
                0x00000000000059a0       0x1e ./drivers/fsl_reset.o
 *fill*         0x00000000000059be        0x2 ff
 .rodata.RESET_ClearPeripheralReset.str1.4
                0x00000000000059c0       0x1e ./drivers/fsl_reset.o
 *fill*         0x00000000000059de        0x2 ff
 .rodata.USART_Init.str1.4
                0x00000000000059e0       0x4f ./drivers/fsl_usart.o
 *fill*         0x0000000000005a2f        0x1 ff
 .rodata.USART_GetDefaultConfig.str1.4
                0x0000000000005a30       0x21 ./drivers/fsl_usart.o
 *fill*         0x0000000000005a51        0x3 ff
 .rodata.USART_SetBaudRate.str1.4
                0x0000000000005a54       0x53 ./drivers/fsl_usart.o
 *fill*         0x0000000000005aa7        0x1 ff
 .rodata.USART_WriteBlocking.str1.4
                0x0000000000005aa8       0x36 ./drivers/fsl_usart.o
 *fill*         0x0000000000005ade        0x2 ff
 .rodata.s_UsartAdapterBase
                0x0000000000005ae0       0x20 ./component/uart/fsl_adapter_usart.o
 .rodata.HAL_UartInitCommon.str1.4
                0x0000000000005b00       0xeb ./component/uart/fsl_adapter_usart.o
 *fill*         0x0000000000005beb        0x1 ff
 .rodata.HAL_UartSendBlocking.str1.4
                0x0000000000005bec       0x65 ./component/uart/fsl_adapter_usart.o
 *fill*         0x0000000000005c51        0x3 ff
 .rodata.FLEXCOMM1_config
                0x0000000000005c54        0xc ./board/peripherals.o
                0x0000000000005c54                FLEXCOMM1_config
 .rodata.__num_Ciob_streams
                0x0000000000005c60        0x4 /Applications/MCUXpressoIDE_11.8.0_1165/ide/plugins/com.nxp.mcuxpresso.tools.macosx_11.8.0.202306131047/tools/bin/../lib/gcc/arm-none-eabi/12.2.1/../../../../arm-none-eabi/lib/thumb/v8-m.main+fp/hard/libcr_nohost_nf.a(__ciob.o)
                0x0000000000005c60                __num_Ciob_streams
 .rodata._Csys_alloc.str1.1
                0x0000000000005c64       0x18 /Applications/MCUXpressoIDE_11.8.0_1165/ide/plugins/com.nxp.mcuxpresso.tools.macosx_11.8.0.202306131047/tools/bin/../lib/gcc/arm-none-eabi/12.2.1/../../../../arm-none-eabi/lib/thumb/v8-m.main+fp/hard/libcr_c.a(alloc.o)
 .rodata._initio.str1.1
                0x0000000000005c7c        0x4 /Applications/MCUXpressoIDE_11.8.0_1165/ide/plugins/com.nxp.mcuxpresso.tools.macosx_11.8.0.202306131047/tools/bin/../lib/gcc/arm-none-eabi/12.2.1/../../../../arm-none-eabi/lib/thumb/v8-m.main+fp/hard/libcr_c.a(initio.o)
 .rodata.__vfprintf.str1.1
                0x0000000000005c80       0x37 /Applications/MCUXpressoIDE_11.8.0_1165/ide/plugins/com.nxp.mcuxpresso.tools.macosx_11.8.0.202306131047/tools/bin/../lib/gcc/arm-none-eabi/12.2.1/../../../../arm-none-eabi/lib/thumb/v8-m.main+fp/hard/libcr_c.a(printf.o)
                                         0x38 (size before relaxing)
                0x0000000000005cb8                . = ALIGN (0x4)
 *fill*         0x0000000000005cb7        0x1 ff

.glue_7         0x0000000000005cb8        0x0
 .glue_7        0x0000000000005cb8        0x0 linker stubs

.glue_7t        0x0000000000005cb8        0x0
 .glue_7t       0x0000000000005cb8        0x0 linker stubs

.vfp11_veneer   0x0000000000005cb8        0x0
 .vfp11_veneer  0x0000000000005cb8        0x0 linker stubs

.v4_bx          0x0000000000005cb8        0x0
 .v4_bx         0x0000000000005cb8        0x0 linker stubs

.iplt           0x0000000000005cb8        0x0
 .iplt          0x0000000000005cb8        0x0 ./utilities/fsl_assert.o

.rel.dyn        0x0000000000005cb8        0x0
 .rel.iplt      0x0000000000005cb8        0x0 ./utilities/fsl_assert.o

.ARM.extab
 *(SORT_BY_ALIGNMENT(.ARM.extab*) SORT_BY_ALIGNMENT(.gnu.linkonce.armextab.*))

.ARM.exidx      0x0000000000005cb8        0x0
                0x0000000000005cb8                __exidx_start = .
 *(SORT_BY_ALIGNMENT(.ARM.exidx*) SORT_BY_ALIGNMENT(.gnu.linkonce.armexidx.*))
                0x0000000000005cb8                __exidx_end = .
                0x0000000000005cb8                _etext = .

.m_usb_data
 *(SORT_BY_ALIGNMENT(m_usb_global))

.data_RAM2      0x0000000004000000        0x0 load address 0x0000000000005cb8
 FILL mask 0xff
                [!provide]                        PROVIDE (__start_data_RAM2 = .)
                [!provide]                        PROVIDE (__start_data_SRAMX = .)
 *(SORT_BY_ALIGNMENT(.ramfunc.$RAM2))
 *(SORT_BY_ALIGNMENT(.ramfunc.$SRAMX))
 *(SORT_BY_ALIGNMENT(.data.$RAM2))
 *(SORT_BY_ALIGNMENT(.data.$SRAMX))
 *(SORT_BY_ALIGNMENT(.data.$RAM2.*))
 *(SORT_BY_ALIGNMENT(.data.$SRAMX.*))
                0x0000000004000000                . = ALIGN (0x4)
                [!provide]                        PROVIDE (__end_data_RAM2 = .)
                [!provide]                        PROVIDE (__end_data_SRAMX = .)

.data_RAM3      0x0000000040100000        0x0 load address 0x0000000000005cb8
 FILL mask 0xff
                [!provide]                        PROVIDE (__start_data_RAM3 = .)
                [!provide]                        PROVIDE (__start_data_USB_RAM = .)
 *(SORT_BY_ALIGNMENT(.ramfunc.$RAM3))
 *(SORT_BY_ALIGNMENT(.ramfunc.$USB_RAM))
 *(SORT_BY_ALIGNMENT(.data.$RAM3))
 *(SORT_BY_ALIGNMENT(.data.$USB_RAM))
 *(SORT_BY_ALIGNMENT(.data.$RAM3.*))
 *(SORT_BY_ALIGNMENT(.data.$USB_RAM.*))
                0x0000000040100000                . = ALIGN (0x4)
                [!provide]                        PROVIDE (__end_data_RAM3 = .)
                [!provide]                        PROVIDE (__end_data_USB_RAM = .)

.data_RAM4      0x0000000020040000        0x0 load address 0x0000000000005cb8
 FILL mask 0xff
                [!provide]                        PROVIDE (__start_data_RAM4 = .)
                [!provide]                        PROVIDE (__start_data_SRAM4 = .)
 *(SORT_BY_ALIGNMENT(.ramfunc.$RAM4))
 *(SORT_BY_ALIGNMENT(.ramfunc.$SRAM4))
 *(SORT_BY_ALIGNMENT(.data.$RAM4))
 *(SORT_BY_ALIGNMENT(.data.$SRAM4))
 *(SORT_BY_ALIGNMENT(.data.$RAM4.*))
 *(SORT_BY_ALIGNMENT(.data.$SRAM4.*))
                0x0000000020040000                . = ALIGN (0x4)
                [!provide]                        PROVIDE (__end_data_RAM4 = .)
                [!provide]                        PROVIDE (__end_data_SRAM4 = .)

.uninit_RESERVED
                0x0000000020000000        0x0
                0x0000000020000000                _start_uninit_RESERVED = .
 *(SORT_BY_ALIGNMENT(.bss.$RESERVED*))
                0x0000000020000000                . = ALIGN (0x4)
                0x0000000020000000                _end_uninit_RESERVED = .

.data           0x0000000020000000       0xa0 load address 0x0000000000005cb8
 FILL mask 0xff
                0x0000000020000000                _data = .
                [!provide]                        PROVIDE (__start_data_RAM = .)
                [!provide]                        PROVIDE (__start_data_SRAM = .)
 *(SORT_BY_ALIGNMENT(vtable))
 *(SORT_BY_ALIGNMENT(.ramfunc*))
 *(SORT_BY_ALIGNMENT(CodeQuickAccess))
 *(SORT_BY_ALIGNMENT(DataQuickAccess))
 *(SORT_BY_ALIGNMENT(RamFunction))
 *(SORT_BY_ALIGNMENT(.data*))
 .data.MenuItems
                0x0000000020000000       0x98 ./source/LPC55S69_ProjectMOLAB3.o
                0x0000000020000000                MenuItems
 .data.s_Ext_Clk_Freq
                0x0000000020000098        0x4 ./drivers/fsl_clock.o
 .data.SystemCoreClock
                0x000000002000009c        0x4 ./device/system_LPC55S69_cm33_core0.o
                0x000000002000009c                SystemCoreClock
                0x00000000200000a0                . = ALIGN (0x4)
                0x00000000200000a0                _edata = .
                [!provide]                        PROVIDE (__end_data_RAM = .)
                [!provide]                        PROVIDE (__end_data_SRAM = .)

.igot.plt       0x00000000200000a0        0x0 load address 0x0000000000005d58
 .igot.plt      0x00000000200000a0        0x0 ./utilities/fsl_assert.o

.bss_RAM2       0x0000000004000000        0x0
                [!provide]                        PROVIDE (__start_bss_RAM2 = .)
                [!provide]                        PROVIDE (__start_bss_SRAMX = .)
 *(SORT_BY_ALIGNMENT(.bss.$RAM2))
 *(SORT_BY_ALIGNMENT(.bss.$SRAMX))
 *(SORT_BY_ALIGNMENT(.bss.$RAM2.*))
 *(SORT_BY_ALIGNMENT(.bss.$SRAMX.*))
                0x0000000004000000                . = ALIGN ((. != 0x0)?0x4:0x1)
                [!provide]                        PROVIDE (__end_bss_RAM2 = .)
                [!provide]                        PROVIDE (__end_bss_SRAMX = .)

.bss_RAM3       0x0000000040100000        0x0
                [!provide]                        PROVIDE (__start_bss_RAM3 = .)
                [!provide]                        PROVIDE (__start_bss_USB_RAM = .)
 *(SORT_BY_ALIGNMENT(.bss.$RAM3))
 *(SORT_BY_ALIGNMENT(.bss.$USB_RAM))
 *(SORT_BY_ALIGNMENT(.bss.$RAM3.*))
 *(SORT_BY_ALIGNMENT(.bss.$USB_RAM.*))
                0x0000000040100000                . = ALIGN ((. != 0x0)?0x4:0x1)
                [!provide]                        PROVIDE (__end_bss_RAM3 = .)
                [!provide]                        PROVIDE (__end_bss_USB_RAM = .)

.bss_RAM4       0x0000000020040000        0x0
                [!provide]                        PROVIDE (__start_bss_RAM4 = .)
                [!provide]                        PROVIDE (__start_bss_SRAM4 = .)
 *(SORT_BY_ALIGNMENT(.bss.$RAM4))
 *(SORT_BY_ALIGNMENT(.bss.$SRAM4))
 *(SORT_BY_ALIGNMENT(.bss.$RAM4.*))
 *(SORT_BY_ALIGNMENT(.bss.$SRAM4.*))
                0x0000000020040000                . = ALIGN ((. != 0x0)?0x4:0x1)
                [!provide]                        PROVIDE (__end_bss_RAM4 = .)
                [!provide]                        PROVIDE (__end_bss_SRAM4 = .)

.bss            0x00000000200000a0      0x584
                0x00000000200000a0                _bss = .
                [!provide]                        PROVIDE (__start_bss_RAM = .)
                [!provide]                        PROVIDE (__start_bss_SRAM = .)
 *(SORT_BY_ALIGNMENT(.bss*))
 .bss.s_debugConsoleState
                0x00000000200000a0       0x20 ./utilities/fsl_debug_console.o
 .bss.g_serialHandle
                0x00000000200000c0        0x4 ./utilities/fsl_debug_console.o
                0x00000000200000c0                g_serialHandle
 .bss.sbuff     0x00000000200000c4       0x20 ./source/LPC55S69_ProjectMOLAB3.o
                0x00000000200000c4                sbuff
 .bss.I2C_base  0x00000000200000e4        0x4 ./source/oled.o
 .bss.displayBuffer
                0x00000000200000e8      0x400 ./source/oled.o
 .bss.cmd_buff  0x00000000200004e8        0x2 ./source/oled.o
 *fill*         0x00000000200004ea        0x2 
 .bss.s_Pll0_Freq
                0x00000000200004ec        0x4 ./drivers/fsl_clock.o
 .bss.s_flexcommIrqHandler
                0x00000000200004f0       0x24 ./drivers/fsl_flexcomm.o
 .bss.s_flexcommHandle
                0x0000000020000514       0x24 ./drivers/fsl_flexcomm.o
 .bss.s_secpintCallback
                0x0000000020000538        0x8 ./drivers/fsl_pint.o
 .bss.s_pintCallback
                0x0000000020000540       0x20 ./drivers/fsl_pint.o
 .bss.errno     0x0000000020000560        0x4 /Applications/MCUXpressoIDE_11.8.0_1165/ide/plugins/com.nxp.mcuxpresso.tools.macosx_11.8.0.202306131047/tools/bin/../lib/gcc/arm-none-eabi/12.2.1/../../../../arm-none-eabi/lib/thumb/v8-m.main+fp/hard/libcr_c.a(errno.o)
                0x0000000020000560                errno
 .bss.__end_of_heap
                0x0000000020000564        0x4 /Applications/MCUXpressoIDE_11.8.0_1165/ide/plugins/com.nxp.mcuxpresso.tools.macosx_11.8.0.202306131047/tools/bin/../lib/gcc/arm-none-eabi/12.2.1/../../../../arm-none-eabi/lib/thumb/v8-m.main+fp/hard/libcr_c.a(__init_alloc.o)
                0x0000000020000564                __end_of_heap
 .bss.__heaps   0x0000000020000568        0x4 /Applications/MCUXpressoIDE_11.8.0_1165/ide/plugins/com.nxp.mcuxpresso.tools.macosx_11.8.0.202306131047/tools/bin/../lib/gcc/arm-none-eabi/12.2.1/../../../../arm-none-eabi/lib/thumb/v8-m.main+fp/hard/libcr_c.a(__init_alloc.o)
                0x0000000020000568                __heaps
 .bss.__Ciob    0x000000002000056c       0xb4 /Applications/MCUXpressoIDE_11.8.0_1165/ide/plugins/com.nxp.mcuxpresso.tools.macosx_11.8.0.202306131047/tools/bin/../lib/gcc/arm-none-eabi/12.2.1/../../../../arm-none-eabi/lib/thumb/v8-m.main+fp/hard/libcr_nohost_nf.a(__ciob.o)
                0x000000002000056c                __Ciob
 .bss.s_debugConsoleReadWaitSemaphore
                0x0000000020000620        0x1 ./utilities/fsl_debug_console.o
 .bss.counter   0x0000000020000621        0x1 ./source/LPC55S69_ProjectMOLAB3.o
                0x0000000020000621                counter
 .bss.mode      0x0000000020000622        0x1 ./source/LPC55S69_ProjectMOLAB3.o
                0x0000000020000622                mode
 *(SORT_BY_ALIGNMENT(COMMON))
                0x0000000020000624                . = ALIGN (0x4)
 *fill*         0x0000000020000623        0x1 
                0x0000000020000624                _ebss = .
                [!provide]                        PROVIDE (__end_bss_RAM = .)
                [!provide]                        PROVIDE (__end_bss_SRAM = .)
                [!provide]                        PROVIDE (end = .)

.noinit_RAM2    0x0000000004000000        0x0
                [!provide]                        PROVIDE (__start_noinit_RAM2 = .)
                [!provide]                        PROVIDE (__start_noinit_SRAMX = .)
 *(SORT_BY_ALIGNMENT(.noinit.$RAM2))
 *(SORT_BY_ALIGNMENT(.noinit.$SRAMX))
 *(SORT_BY_ALIGNMENT(.noinit.$RAM2.*))
 *(SORT_BY_ALIGNMENT(.noinit.$SRAMX.*))
                0x0000000004000000                . = ALIGN (0x4)
                [!provide]                        PROVIDE (__end_noinit_RAM2 = .)
                [!provide]                        PROVIDE (__end_noinit_SRAMX = .)

.noinit_RAM3    0x0000000040100000        0x0
                [!provide]                        PROVIDE (__start_noinit_RAM3 = .)
                [!provide]                        PROVIDE (__start_noinit_USB_RAM = .)
 *(SORT_BY_ALIGNMENT(.noinit.$RAM3))
 *(SORT_BY_ALIGNMENT(.noinit.$USB_RAM))
 *(SORT_BY_ALIGNMENT(.noinit.$RAM3.*))
 *(SORT_BY_ALIGNMENT(.noinit.$USB_RAM.*))
                0x0000000040100000                . = ALIGN (0x4)
                [!provide]                        PROVIDE (__end_noinit_RAM3 = .)
                [!provide]                        PROVIDE (__end_noinit_USB_RAM = .)

.noinit_RAM4    0x0000000020040000        0x0
                [!provide]                        PROVIDE (__start_noinit_RAM4 = .)
                [!provide]                        PROVIDE (__start_noinit_SRAM4 = .)
 *(SORT_BY_ALIGNMENT(.noinit.$RAM4))
 *(SORT_BY_ALIGNMENT(.noinit.$SRAM4))
 *(SORT_BY_ALIGNMENT(.noinit.$RAM4.*))
 *(SORT_BY_ALIGNMENT(.noinit.$SRAM4.*))
                0x0000000020040000                . = ALIGN (0x4)
                [!provide]                        PROVIDE (__end_noinit_RAM4 = .)
                [!provide]                        PROVIDE (__end_noinit_SRAM4 = .)

.noinit         0x0000000020000624        0x0
                0x0000000020000624                _noinit = .
                [!provide]                        PROVIDE (__start_noinit_RAM = .)
                [!provide]                        PROVIDE (__start_noinit_SRAM = .)
 *(SORT_BY_ALIGNMENT(.noinit*))
                0x0000000020000624                . = ALIGN (0x4)
                0x0000000020000624                _end_noinit = .
                [!provide]                        PROVIDE (__end_noinit_RAM = .)
                [!provide]                        PROVIDE (__end_noinit_SRAM = .)
                0x0000000000001000                _HeapSize = 0x1000

.heap           0x0000000020000624     0x1000
                0x0000000020000624                _pvHeapStart = .
                0x0000000020001624                . = (. + _HeapSize)
 *fill*         0x0000000020000624     0x1000 
                0x0000000020001624                . = ALIGN (0x4)
                0x0000000020001624                _pvHeapLimit = .
                0x0000000000001000                _StackSize = 0x1000

.heap2stackfill
                0x0000000020001624     0x1000
                0x0000000020002624                . = (. + _StackSize)
 *fill*         0x0000000020001624     0x1000 

.stack          0x000000002003f000        0x0
                0x000000002003f000                _vStackBase = .
                0x000000002003f000                . = ALIGN (0x4)
                0x0000000020040000                _vStackTop = (. + _StackSize)
                [!provide]                        PROVIDE (__valid_user_code_checksum = (0x0 - ((((((_vStackTop + (ResetISR + 0x1)) + (NMI_Handler + 0x1)) + (HardFault_Handler + 0x1)) + (DEFINED (MemManage_Handler)?MemManage_Handler:0x0 + 0x1)) + (DEFINED (BusFault_Handler)?BusFault_Handler:0x0 + 0x1)) + (DEFINED (UsageFault_Handler)?UsageFault_Handler:0x0 + 0x1))))
                0x0000000000000000                _image_start = LOADADDR (.text)
                0x0000000000005d58                _image_end = (LOADADDR (.data) + SIZEOF (.data))
                0x0000000000005d58                _image_size = (_image_end - _image_start)
OUTPUT(LPC55S69_ProjectMOLAB3.axf elf32-littlearm)
LOAD linker stubs

.debug_info     0x0000000000000000    0x1cbac
 .debug_info    0x0000000000000000       0xcb ./utilities/fsl_assert.o
 .debug_info    0x00000000000000cb      0xdf8 ./utilities/fsl_debug_console.o
 .debug_info    0x0000000000000ec3      0xaed ./utilities/fsl_str.o
 .debug_info    0x00000000000019b0      0x958 ./startup/startup_lpc55s69_cm33_core0.o
 .debug_info    0x0000000000002308      0xa86 ./source/LPC55S69_ProjectMOLAB3.o
 .debug_info    0x0000000000002d8e     0x11da ./source/oled.o
 .debug_info    0x0000000000003f68       0x3d ./source/semihost_hardfault.o
 .debug_info    0x0000000000003fa5     0x32af ./drivers/fsl_clock.o
 .debug_info    0x0000000000007254      0x579 ./drivers/fsl_common_arm.o
 .debug_info    0x00000000000077cd     0x1a41 ./drivers/fsl_flexcomm.o
 .debug_info    0x000000000000920e     0x2292 ./drivers/fsl_i2c.o
 .debug_info    0x000000000000b4a0     0x1d53 ./drivers/fsl_inputmux.o
 .debug_info    0x000000000000d1f3     0x22e4 ./drivers/fsl_pint.o
 .debug_info    0x000000000000f4d7     0x2a50 ./drivers/fsl_power.o
 .debug_info    0x0000000000011f27      0xe3d ./drivers/fsl_reset.o
 .debug_info    0x0000000000012d64     0x181c ./drivers/fsl_usart.o
 .debug_info    0x0000000000014580     0x1471 ./device/system_LPC55S69_cm33_core0.o
 .debug_info    0x00000000000159f1      0xcf3 ./component/uart/fsl_adapter_usart.o
 .debug_info    0x00000000000166e4      0xd9a ./component/serial_manager/fsl_component_serial_manager.o
 .debug_info    0x000000000001747e      0x518 ./component/serial_manager/fsl_component_serial_port_uart.o
 .debug_info    0x0000000000017996      0x8c7 ./board/board.o
 .debug_info    0x000000000001825d     0x176d ./board/clock_config.o
 .debug_info    0x00000000000199ca      0xf0f ./board/peripherals.o
 .debug_info    0x000000000001a8d9     0x22d3 ./board/pin_mux.o

.debug_abbrev   0x0000000000000000     0x36a2
 .debug_abbrev  0x0000000000000000       0x8f ./utilities/fsl_assert.o
 .debug_abbrev  0x000000000000008f      0x279 ./utilities/fsl_debug_console.o
 .debug_abbrev  0x0000000000000308      0x276 ./utilities/fsl_str.o
 .debug_abbrev  0x000000000000057e      0x14a ./startup/startup_lpc55s69_cm33_core0.o
 .debug_abbrev  0x00000000000006c8      0x271 ./source/LPC55S69_ProjectMOLAB3.o
 .debug_abbrev  0x0000000000000939      0x2f9 ./source/oled.o
 .debug_abbrev  0x0000000000000c32       0x2f ./source/semihost_hardfault.o
 .debug_abbrev  0x0000000000000c61      0x3bc ./drivers/fsl_clock.o
 .debug_abbrev  0x000000000000101d      0x17e ./drivers/fsl_common_arm.o
 .debug_abbrev  0x000000000000119b      0x304 ./drivers/fsl_flexcomm.o
 .debug_abbrev  0x000000000000149f      0x3a4 ./drivers/fsl_i2c.o
 .debug_abbrev  0x0000000000001843      0x1e5 ./drivers/fsl_inputmux.o
 .debug_abbrev  0x0000000000001a28      0x33f ./drivers/fsl_pint.o
 .debug_abbrev  0x0000000000001d67      0x379 ./drivers/fsl_power.o
 .debug_abbrev  0x00000000000020e0      0x18b ./drivers/fsl_reset.o
 .debug_abbrev  0x000000000000226b      0x358 ./drivers/fsl_usart.o
 .debug_abbrev  0x00000000000025c3      0x21d ./device/system_LPC55S69_cm33_core0.o
 .debug_abbrev  0x00000000000027e0      0x253 ./component/uart/fsl_adapter_usart.o
 .debug_abbrev  0x0000000000002a33      0x2c4 ./component/serial_manager/fsl_component_serial_manager.o
 .debug_abbrev  0x0000000000002cf7      0x196 ./component/serial_manager/fsl_component_serial_port_uart.o
 .debug_abbrev  0x0000000000002e8d      0x115 ./board/board.o
 .debug_abbrev  0x0000000000002fa2      0x233 ./board/clock_config.o
 .debug_abbrev  0x00000000000031d5      0x1fc ./board/peripherals.o
 .debug_abbrev  0x00000000000033d1      0x2d1 ./board/pin_mux.o

.debug_aranges  0x0000000000000000      0xfe0
 .debug_aranges
                0x0000000000000000       0x20 ./utilities/fsl_assert.o
 .debug_aranges
                0x0000000000000020       0xa8 ./utilities/fsl_debug_console.o
 .debug_aranges
                0x00000000000000c8       0xb8 ./utilities/fsl_str.o
 .debug_aranges
                0x0000000000000180      0x268 ./startup/startup_lpc55s69_cm33_core0.o
 .debug_aranges
                0x00000000000003e8       0x38 ./source/LPC55S69_ProjectMOLAB3.o
 .debug_aranges
                0x0000000000000420       0xc0 ./source/oled.o
 .debug_aranges
                0x00000000000004e0       0x20 ./source/semihost_hardfault.o
 .debug_aranges
                0x0000000000000500      0x228 ./drivers/fsl_clock.o
 .debug_aranges
                0x0000000000000728       0x38 ./drivers/fsl_common_arm.o
 .debug_aranges
                0x0000000000000760       0x90 ./drivers/fsl_flexcomm.o
 .debug_aranges
                0x00000000000007f0      0x1a0 ./drivers/fsl_i2c.o
 .debug_aranges
                0x0000000000000990       0x40 ./drivers/fsl_inputmux.o
 .debug_aranges
                0x00000000000009d0      0x128 ./drivers/fsl_pint.o
 .debug_aranges
                0x0000000000000af8       0xc8 ./drivers/fsl_power.o
 .debug_aranges
                0x0000000000000bc0       0x30 ./drivers/fsl_reset.o
 .debug_aranges
                0x0000000000000bf0       0xf8 ./drivers/fsl_usart.o
 .debug_aranges
                0x0000000000000ce8       0x88 ./device/system_LPC55S69_cm33_core0.o
 .debug_aranges
                0x0000000000000d70       0x58 ./component/uart/fsl_adapter_usart.o
 .debug_aranges
                0x0000000000000dc8       0xa0 ./component/serial_manager/fsl_component_serial_manager.o
 .debug_aranges
                0x0000000000000e68       0x48 ./component/serial_manager/fsl_component_serial_port_uart.o
 .debug_aranges
                0x0000000000000eb0       0x28 ./board/board.o
 .debug_aranges
                0x0000000000000ed8       0x50 ./board/clock_config.o
 .debug_aranges
                0x0000000000000f28       0x40 ./board/peripherals.o
 .debug_aranges
                0x0000000000000f68       0x78 ./board/pin_mux.o

.debug_rnglists
                0x0000000000000000      0xc2c
 .debug_rnglists
                0x0000000000000000       0x13 ./utilities/fsl_assert.o
 .debug_rnglists
                0x0000000000000013       0x7c ./utilities/fsl_debug_console.o
 .debug_rnglists
                0x000000000000008f       0xa6 ./utilities/fsl_str.o
 .debug_rnglists
                0x0000000000000135      0x1c9 ./startup/startup_lpc55s69_cm33_core0.o
 .debug_rnglists
                0x00000000000002fe       0x27 ./source/LPC55S69_ProjectMOLAB3.o
 .debug_rnglists
                0x0000000000000325       0x97 ./source/oled.o
 .debug_rnglists
                0x00000000000003bc       0x13 ./source/semihost_hardfault.o
 .debug_rnglists
                0x00000000000003cf      0x1b8 ./drivers/fsl_clock.o
 .debug_rnglists
                0x0000000000000587       0x26 ./drivers/fsl_common_arm.o
 .debug_rnglists
                0x00000000000005ad       0x67 ./drivers/fsl_flexcomm.o
 .debug_rnglists
                0x0000000000000614      0x171 ./drivers/fsl_i2c.o
 .debug_rnglists
                0x0000000000000785       0x2b ./drivers/fsl_inputmux.o
 .debug_rnglists
                0x00000000000007b0       0xe3 ./drivers/fsl_pint.o
 .debug_rnglists
                0x0000000000000893       0x9e ./drivers/fsl_power.o
 .debug_rnglists
                0x0000000000000931       0x1f ./drivers/fsl_reset.o
 .debug_rnglists
                0x0000000000000950       0xbf ./drivers/fsl_usart.o
 .debug_rnglists
                0x0000000000000a0f       0x63 ./device/system_LPC55S69_cm33_core0.o
 .debug_rnglists
                0x0000000000000a72       0x3e ./component/uart/fsl_adapter_usart.o
 .debug_rnglists
                0x0000000000000ab0       0x73 ./component/serial_manager/fsl_component_serial_manager.o
 .debug_rnglists
                0x0000000000000b23       0x31 ./component/serial_manager/fsl_component_serial_port_uart.o
 .debug_rnglists
                0x0000000000000b54       0x19 ./board/board.o
 .debug_rnglists
                0x0000000000000b6d       0x3a ./board/clock_config.o
 .debug_rnglists
                0x0000000000000ba7       0x2b ./board/peripherals.o
 .debug_rnglists
                0x0000000000000bd2       0x5a ./board/pin_mux.o

.debug_macro    0x0000000000000000    0x18fa9
 .debug_macro   0x0000000000000000      0x17a ./utilities/fsl_assert.o
 .debug_macro   0x000000000000017a      0xaf6 ./utilities/fsl_assert.o
 .debug_macro   0x0000000000000c70       0x10 ./utilities/fsl_assert.o
 .debug_macro   0x0000000000000c80       0x1c ./utilities/fsl_assert.o
 .debug_macro   0x0000000000000c9c       0x22 ./utilities/fsl_assert.o
 .debug_macro   0x0000000000000cbe      0x12e ./utilities/fsl_assert.o
 .debug_macro   0x0000000000000dec      0x5b3 ./utilities/fsl_assert.o
 .debug_macro   0x000000000000139f       0x22 ./utilities/fsl_assert.o
 .debug_macro   0x00000000000013c1       0x10 ./utilities/fsl_assert.o
 .debug_macro   0x00000000000013d1       0x46 ./utilities/fsl_assert.o
 .debug_macro   0x0000000000001417       0x1c ./utilities/fsl_assert.o
 .debug_macro   0x0000000000001433       0x29 ./utilities/fsl_assert.o
 .debug_macro   0x000000000000145c       0xfb ./utilities/fsl_assert.o
 .debug_macro   0x0000000000001557     0x167e ./utilities/fsl_assert.o
 .debug_macro   0x0000000000002bd5       0x5e ./utilities/fsl_assert.o
 .debug_macro   0x0000000000002c33       0x2e ./utilities/fsl_assert.o
 .debug_macro   0x0000000000002c61    0x11716 ./utilities/fsl_assert.o
 .debug_macro   0x0000000000014377      0x466 ./utilities/fsl_assert.o
 .debug_macro   0x00000000000147dd       0x7a ./utilities/fsl_assert.o
 .debug_macro   0x0000000000014857       0xaf ./utilities/fsl_assert.o
 .debug_macro   0x0000000000014906      0x2ca ./utilities/fsl_assert.o
 .debug_macro   0x0000000000014bd0       0x16 ./utilities/fsl_assert.o
 .debug_macro   0x0000000000014be6       0xee ./utilities/fsl_assert.o
 .debug_macro   0x0000000000014cd4       0x7a ./utilities/fsl_assert.o
 .debug_macro   0x0000000000014d4e       0x47 ./utilities/fsl_assert.o
 .debug_macro   0x0000000000014d95       0x16 ./utilities/fsl_assert.o
 .debug_macro   0x0000000000014dab       0x6d ./utilities/fsl_assert.o
 .debug_macro   0x0000000000014e18       0x16 ./utilities/fsl_assert.o
 .debug_macro   0x0000000000014e2e       0x1c ./utilities/fsl_assert.o
 .debug_macro   0x0000000000014e4a       0x1c ./utilities/fsl_assert.o
 .debug_macro   0x0000000000014e66      0x1f1 ./utilities/fsl_debug_console.o
 .debug_macro   0x0000000000015057       0x16 ./utilities/fsl_debug_console.o
 .debug_macro   0x000000000001506d       0x10 ./utilities/fsl_debug_console.o
 .debug_macro   0x000000000001507d       0x28 ./utilities/fsl_debug_console.o
 .debug_macro   0x00000000000150a5       0x3c ./utilities/fsl_debug_console.o
 .debug_macro   0x00000000000150e1       0x1c ./utilities/fsl_debug_console.o
 .debug_macro   0x00000000000150fd       0x1c ./utilities/fsl_debug_console.o
 .debug_macro   0x0000000000015119      0x174 ./utilities/fsl_str.o
 .debug_macro   0x000000000001528d       0xc4 ./utilities/fsl_str.o
 .debug_macro   0x0000000000015351      0x1c7 ./utilities/fsl_str.o
 .debug_macro   0x0000000000015518       0x16 ./utilities/fsl_str.o
 .debug_macro   0x000000000001552e       0x29 ./startup/startup_lpc55s69_cm33_core0.o
 .debug_macro   0x0000000000015557      0x211 ./source/LPC55S69_ProjectMOLAB3.o
 .debug_macro   0x0000000000015768       0xd8 ./source/LPC55S69_ProjectMOLAB3.o
 .debug_macro   0x0000000000015840      0x4a0 ./source/LPC55S69_ProjectMOLAB3.o
 .debug_macro   0x0000000000015ce0       0x10 ./source/LPC55S69_ProjectMOLAB3.o
 .debug_macro   0x0000000000015cf0       0xfe ./source/LPC55S69_ProjectMOLAB3.o
 .debug_macro   0x0000000000015dee      0x1f0 ./source/LPC55S69_ProjectMOLAB3.o
 .debug_macro   0x0000000000015fde       0x52 ./source/LPC55S69_ProjectMOLAB3.o
 .debug_macro   0x0000000000016030       0x76 ./source/LPC55S69_ProjectMOLAB3.o
 .debug_macro   0x00000000000160a6       0x3a ./source/LPC55S69_ProjectMOLAB3.o
 .debug_macro   0x00000000000160e0      0x4af ./source/LPC55S69_ProjectMOLAB3.o
 .debug_macro   0x000000000001658f       0xc4 ./source/LPC55S69_ProjectMOLAB3.o
 .debug_macro   0x0000000000016653       0x3a ./source/LPC55S69_ProjectMOLAB3.o
 .debug_macro   0x000000000001668d      0x15c ./source/oled.o
 .debug_macro   0x00000000000167e9       0x16 ./source/oled.o
 .debug_macro   0x00000000000167ff       0x1c ./source/oled.o
 .debug_macro   0x000000000001681b       0x4c ./source/oled.o
 .debug_macro   0x0000000000016867       0x11 ./source/semihost_hardfault.o
 .debug_macro   0x0000000000016878      0x1db ./drivers/fsl_clock.o
 .debug_macro   0x0000000000016a53      0x304 ./drivers/fsl_clock.o
 .debug_macro   0x0000000000016d57      0x13c ./drivers/fsl_common_arm.o
 .debug_macro   0x0000000000016e93      0x145 ./drivers/fsl_flexcomm.o
 .debug_macro   0x0000000000016fd8       0x10 ./drivers/fsl_flexcomm.o
 .debug_macro   0x0000000000016fe8      0x153 ./drivers/fsl_i2c.o
 .debug_macro   0x000000000001713b      0x14f ./drivers/fsl_inputmux.o
 .debug_macro   0x000000000001728a       0x8e ./drivers/fsl_inputmux.o
 .debug_macro   0x0000000000017318      0x14b ./drivers/fsl_pint.o
 .debug_macro   0x0000000000017463       0x70 ./drivers/fsl_pint.o
 .debug_macro   0x00000000000174d3      0x410 ./drivers/fsl_power.o
 .debug_macro   0x00000000000178e3      0x13c ./drivers/fsl_reset.o
 .debug_macro   0x0000000000017a1f      0x154 ./drivers/fsl_usart.o
 .debug_macro   0x0000000000017b73       0x1c ./drivers/fsl_usart.o
 .debug_macro   0x0000000000017b8f       0xc1 ./device/system_LPC55S69_cm33_core0.o
 .debug_macro   0x0000000000017c50      0x151 ./component/uart/fsl_adapter_usart.o
 .debug_macro   0x0000000000017da1       0x22 ./component/uart/fsl_adapter_usart.o
 .debug_macro   0x0000000000017dc3       0x47 ./component/uart/fsl_adapter_usart.o
 .debug_macro   0x0000000000017e0a      0x1bb ./component/serial_manager/fsl_component_serial_manager.o
 .debug_macro   0x0000000000017fc5       0x74 ./component/serial_manager/fsl_component_serial_manager.o
 .debug_macro   0x0000000000018039      0x179 ./component/serial_manager/fsl_component_serial_port_uart.o
 .debug_macro   0x00000000000181b2      0x1ae ./board/board.o
 .debug_macro   0x0000000000018360      0x4a6 ./board/board.o
 .debug_macro   0x0000000000018806      0x15c ./board/clock_config.o
 .debug_macro   0x0000000000018962      0x2fe ./board/clock_config.o
 .debug_macro   0x0000000000018c60      0x157 ./board/peripherals.o
 .debug_macro   0x0000000000018db7      0x16a ./board/pin_mux.o
 .debug_macro   0x0000000000018f21       0x88 ./board/pin_mux.o

.debug_line     0x0000000000000000     0xd1fc
 .debug_line    0x0000000000000000      0x533 ./utilities/fsl_assert.o
 .debug_line    0x0000000000000533      0x957 ./utilities/fsl_debug_console.o
 .debug_line    0x0000000000000e8a      0xb8c ./utilities/fsl_str.o
 .debug_line    0x0000000000001a16      0x834 ./startup/startup_lpc55s69_cm33_core0.o
 .debug_line    0x000000000000224a      0x786 ./source/LPC55S69_ProjectMOLAB3.o
 .debug_line    0x00000000000029d0      0xbfb ./source/oled.o
 .debug_line    0x00000000000035cb       0x59 ./source/semihost_hardfault.o
 .debug_line    0x0000000000003624     0x178f ./drivers/fsl_clock.o
 .debug_line    0x0000000000004db3      0x416 ./drivers/fsl_common_arm.o
 .debug_line    0x00000000000051c9      0x651 ./drivers/fsl_flexcomm.o
 .debug_line    0x000000000000581a     0x1386 ./drivers/fsl_i2c.o
 .debug_line    0x0000000000006ba0      0x450 ./drivers/fsl_inputmux.o
 .debug_line    0x0000000000006ff0      0xd4b ./drivers/fsl_pint.o
 .debug_line    0x0000000000007d3b      0xed3 ./drivers/fsl_power.o
 .debug_line    0x0000000000008c0e      0x41a ./drivers/fsl_reset.o
 .debug_line    0x0000000000009028     0x1010 ./drivers/fsl_usart.o
 .debug_line    0x000000000000a038      0x6e3 ./device/system_LPC55S69_cm33_core0.o
 .debug_line    0x000000000000a71b      0x5e1 ./component/uart/fsl_adapter_usart.o
 .debug_line    0x000000000000acfc      0x83f ./component/serial_manager/fsl_component_serial_manager.o
 .debug_line    0x000000000000b53b      0x5fa ./component/serial_manager/fsl_component_serial_port_uart.o
 .debug_line    0x000000000000bb35      0x5e1 ./board/board.o
 .debug_line    0x000000000000c116      0x51e ./board/clock_config.o
 .debug_line    0x000000000000c634      0x49b ./board/peripherals.o
 .debug_line    0x000000000000cacf      0x72d ./board/pin_mux.o

.debug_str      0x0000000000000000    0xc965e
 .debug_str     0x0000000000000000    0xb3cfc ./utilities/fsl_assert.o
                                      0xb3d92 (size before relaxing)
 .debug_str     0x00000000000b3cfc     0x1810 ./utilities/fsl_debug_console.o
                                      0xb55f7 (size before relaxing)
 .debug_str     0x00000000000b550c      0xbf3 ./utilities/fsl_str.o
                                      0xb3f53 (size before relaxing)
 .debug_str     0x00000000000b60ff      0x6a9 ./startup/startup_lpc55s69_cm33_core0.o
                                       0x3612 (size before relaxing)
 .debug_str     0x00000000000b67a8     0x511f ./source/LPC55S69_ProjectMOLAB3.o
                                      0xb9ed9 (size before relaxing)
 .debug_str     0x00000000000bb8c7      0x295 ./source/oled.o
                                      0xb47ff (size before relaxing)
 .debug_str     0x00000000000bbb5c       0x1f ./source/semihost_hardfault.o
                                       0x2f2b (size before relaxing)
 .debug_str     0x00000000000bbb7b     0x42ed ./drivers/fsl_clock.o
                                      0xb812f (size before relaxing)
 .debug_str     0x00000000000bfe68      0x392 ./drivers/fsl_common_arm.o
                                      0xb35d3 (size before relaxing)
 .debug_str     0x00000000000c01fa      0xcff ./drivers/fsl_flexcomm.o
                                      0xb5789 (size before relaxing)
 .debug_str     0x00000000000c0ef9     0x10f2 ./drivers/fsl_i2c.o
                                      0xb56db (size before relaxing)
 .debug_str     0x00000000000c1feb     0x3136 ./drivers/fsl_inputmux.o
                                      0xb7039 (size before relaxing)
 .debug_str     0x00000000000c5121      0x867 ./drivers/fsl_pint.o
                                      0xb6136 (size before relaxing)
 .debug_str     0x00000000000c5988     0x213f ./drivers/fsl_power.o
                                      0xb85d0 (size before relaxing)
 .debug_str     0x00000000000c7ac7       0x98 ./drivers/fsl_reset.o
                                      0xb403d (size before relaxing)
 .debug_str     0x00000000000c7b5f      0xd2f ./drivers/fsl_usart.o
                                      0xb5184 (size before relaxing)
 .debug_str     0x00000000000c888e      0x124 ./device/system_LPC55S69_cm33_core0.o
                                      0xb1230 (size before relaxing)
 .debug_str     0x00000000000c89b2      0x318 ./component/uart/fsl_adapter_usart.o
                                      0xb48ec (size before relaxing)
 .debug_str     0x00000000000c8cca      0x4d8 ./component/serial_manager/fsl_component_serial_manager.o
                                      0xb5094 (size before relaxing)
 .debug_str     0x00000000000c91a2       0x92 ./component/serial_manager/fsl_component_serial_port_uart.o
                                      0xb41b8 (size before relaxing)
 .debug_str     0x00000000000c9234       0x3d ./board/board.o
                                      0xb836c (size before relaxing)
 .debug_str     0x00000000000c9271       0x97 ./board/clock_config.o
                                      0xb7d5c (size before relaxing)
 .debug_str     0x00000000000c9308       0x6b ./board/peripherals.o
                                      0xb4adc (size before relaxing)
 .debug_str     0x00000000000c9373      0x2eb ./board/pin_mux.o
                                      0xb8cc1 (size before relaxing)

.comment        0x0000000000000000       0x45